
> chinesemaster-backend@1.0.0 test
> NODE_ENV=test NODE_OPTIONS=--experimental-vm-modules jest --detectOpenHandles --forceExit

(node:45580) ExperimentalWarning: VM Modules is an experimental feature and might change at any time
(Use `node --trace-warnings ...` to show where the warning was created)
FAIL src/__tests__/words.test.js
  ● Console

    console.error
      Error: AppError: Word not found
          at getWordById (/Users/keko/Downloads/chinese-learning-platform/backend/src/controllers/wordController.js:74:13) {
        statusCode: 404
      }

      1 | export const errorHandler = (err, req, res, next) => {
    > 2 |   console.error('Error:', err);
        |           ^
      3 |
      4 |   // Prisma errors
      5 |   if (err.code === 'P2002') {

      at errorHandler (src/middleware/errorHandler.js:2:11)
      at Layer.handle_error (node_modules/express/lib/router/layer.js:71:5)
      at trim_prefix (node_modules/express/lib/router/index.js:326:13)
      at node_modules/express/lib/router/index.js:286:9
      at Function.process_params (node_modules/express/lib/router/index.js:346:12)
      at next (node_modules/express/lib/router/index.js:280:10)
      at Layer.handle_error (node_modules/express/lib/router/layer.js:67:12)
      at trim_prefix (node_modules/express/lib/router/index.js:326:13)
      at node_modules/express/lib/router/index.js:286:9
      at Function.process_params (node_modules/express/lib/router/index.js:346:12)
      at Immediate.next (node_modules/express/lib/router/index.js:280:10)
      at Immediate._onImmediate (node_modules/express/lib/router/index.js:646:15)

    console.error
      Error: AppError: Insufficient permissions
          at /Users/keko/Downloads/chinese-learning-platform/backend/src/middleware/auth.js:23:19
          at Layer.handle [as handle_request] (/Users/keko/Downloads/chinese-learning-platform/backend/node_modules/express/lib/router/layer.js:95:5)
          at trim_prefix (/Users/keko/Downloads/chinese-learning-platform/backend/node_modules/express/lib/router/index.js:328:13)
          at /Users/keko/Downloads/chinese-learning-platform/backend/node_modules/express/lib/router/index.js:286:9
          at Function.process_params (/Users/keko/Downloads/chinese-learning-platform/backend/node_modules/express/lib/router/index.js:346:12)
          at next (/Users/keko/Downloads/chinese-learning-platform/backend/node_modules/express/lib/router/index.js:280:10)
          at authenticate (/Users/keko/Downloads/chinese-learning-platform/backend/src/middleware/auth.js:14:5)
          at Layer.handle [as handle_request] (/Users/keko/Downloads/chinese-learning-platform/backend/node_modules/express/lib/router/layer.js:95:5)
          at trim_prefix (/Users/keko/Downloads/chinese-learning-platform/backend/node_modules/express/lib/router/index.js:328:13)
          at /Users/keko/Downloads/chinese-learning-platform/backend/node_modules/express/lib/router/index.js:286:9
          at Function.process_params (/Users/keko/Downloads/chinese-learning-platform/backend/node_modules/express/lib/router/index.js:346:12)
          at next (/Users/keko/Downloads/chinese-learning-platform/backend/node_modules/express/lib/router/index.js:280:10)
          at Function.handle (/Users/keko/Downloads/chinese-learning-platform/backend/node_modules/express/lib/router/index.js:175:3)
          at router (/Users/keko/Downloads/chinese-learning-platform/backend/node_modules/express/lib/router/index.js:47:12)
          at Layer.handle [as handle_request] (/Users/keko/Downloads/chinese-learning-platform/backend/node_modules/express/lib/router/layer.js:95:5)
          at trim_prefix (/Users/keko/Downloads/chinese-learning-platform/backend/node_modules/express/lib/router/index.js:328:13)
          at /Users/keko/Downloads/chinese-learning-platform/backend/node_modules/express/lib/router/index.js:286:9
          at Function.process_params (/Users/keko/Downloads/chinese-learning-platform/backend/node_modules/express/lib/router/index.js:346:12)
          at next (/Users/keko/Downloads/chinese-learning-platform/backend/node_modules/express/lib/router/index.js:280:10)
          at urlencodedParser (/Users/keko/Downloads/chinese-learning-platform/backend/node_modules/body-parser/lib/types/urlencoded.js:85:7)
          at Layer.handle [as handle_request] (/Users/keko/Downloads/chinese-learning-platform/backend/node_modules/express/lib/router/layer.js:95:5)
          at trim_prefix (/Users/keko/Downloads/chinese-learning-platform/backend/node_modules/express/lib/router/index.js:328:13)
          at /Users/keko/Downloads/chinese-learning-platform/backend/node_modules/express/lib/router/index.js:286:9
          at Function.process_params (/Users/keko/Downloads/chinese-learning-platform/backend/node_modules/express/lib/router/index.js:346:12)
          at next (/Users/keko/Downloads/chinese-learning-platform/backend/node_modules/express/lib/router/index.js:280:10)
          at /Users/keko/Downloads/chinese-learning-platform/backend/node_modules/body-parser/lib/read.js:137:5
          at AsyncResource.runInAsyncScope (node:async_hooks:214:14)
          at invokeCallback (/Users/keko/Downloads/chinese-learning-platform/backend/node_modules/raw-body/index.js:238:16)
          at done (/Users/keko/Downloads/chinese-learning-platform/backend/node_modules/raw-body/index.js:227:7)
          at IncomingMessage.onEnd (/Users/keko/Downloads/chinese-learning-platform/backend/node_modules/raw-body/index.js:287:7)
          at IncomingMessage.emit (node:events:518:28)
          at endReadableNT (node:internal/streams/readable:1698:12)
          at processTicksAndRejections (node:internal/process/task_queues:90:21) {
        statusCode: 403
      }

      1 | export const errorHandler = (err, req, res, next) => {
    > 2 |   console.error('Error:', err);
        |           ^
      3 |
      4 |   // Prisma errors
      5 |   if (err.code === 'P2002') {

      at errorHandler (src/middleware/errorHandler.js:2:11)
      at Layer.handle_error (node_modules/express/lib/router/layer.js:71:5)
      at trim_prefix (node_modules/express/lib/router/index.js:326:13)
      at node_modules/express/lib/router/index.js:286:9
      at Function.process_params (node_modules/express/lib/router/index.js:346:12)
      at next (node_modules/express/lib/router/index.js:280:10)
      at Layer.handle_error (node_modules/express/lib/router/layer.js:67:12)
      at trim_prefix (node_modules/express/lib/router/index.js:326:13)
      at node_modules/express/lib/router/index.js:286:9
      at Function.process_params (node_modules/express/lib/router/index.js:346:12)
      at next (node_modules/express/lib/router/index.js:280:10)
      at node_modules/express/lib/router/index.js:646:15
      at next (node_modules/express/lib/router/index.js:265:14)
      at src/middleware/auth.js:23:14
      at Layer.handle [as handle_request] (node_modules/express/lib/router/layer.js:95:5)
      at trim_prefix (node_modules/express/lib/router/index.js:328:13)
      at node_modules/express/lib/router/index.js:286:9
      at Function.process_params (node_modules/express/lib/router/index.js:346:12)
      at next (node_modules/express/lib/router/index.js:280:10)
      at authenticate (src/middleware/auth.js:14:5)
      at Layer.handle [as handle_request] (node_modules/express/lib/router/layer.js:95:5)
      at trim_prefix (node_modules/express/lib/router/index.js:328:13)
      at node_modules/express/lib/router/index.js:286:9
      at Function.process_params (node_modules/express/lib/router/index.js:346:12)
      at next (node_modules/express/lib/router/index.js:280:10)
      at Function.handle (node_modules/express/lib/router/index.js:175:3)
      at router (node_modules/express/lib/router/index.js:47:12)
      at Layer.handle [as handle_request] (node_modules/express/lib/router/layer.js:95:5)
      at trim_prefix (node_modules/express/lib/router/index.js:328:13)
      at node_modules/express/lib/router/index.js:286:9
      at Function.process_params (node_modules/express/lib/router/index.js:346:12)
      at next (node_modules/express/lib/router/index.js:280:10)
      at urlencodedParser (node_modules/body-parser/lib/types/urlencoded.js:85:7)
      at Layer.handle [as handle_request] (node_modules/express/lib/router/layer.js:95:5)
      at trim_prefix (node_modules/express/lib/router/index.js:328:13)
      at node_modules/express/lib/router/index.js:286:9
      at Function.process_params (node_modules/express/lib/router/index.js:346:12)
      at next (node_modules/express/lib/router/index.js:280:10)
      at node_modules/body-parser/lib/read.js:137:5
      at invokeCallback (node_modules/raw-body/index.js:238:16)
      at done (node_modules/raw-body/index.js:227:7)
      at IncomingMessage.onEnd (node_modules/raw-body/index.js:287:7)

    console.error
      Error: AppError: Insufficient permissions
          at /Users/keko/Downloads/chinese-learning-platform/backend/src/middleware/auth.js:23:19
          at Layer.handle [as handle_request] (/Users/keko/Downloads/chinese-learning-platform/backend/node_modules/express/lib/router/layer.js:95:5)
          at trim_prefix (/Users/keko/Downloads/chinese-learning-platform/backend/node_modules/express/lib/router/index.js:328:13)
          at /Users/keko/Downloads/chinese-learning-platform/backend/node_modules/express/lib/router/index.js:286:9
          at Function.process_params (/Users/keko/Downloads/chinese-learning-platform/backend/node_modules/express/lib/router/index.js:346:12)
          at next (/Users/keko/Downloads/chinese-learning-platform/backend/node_modules/express/lib/router/index.js:280:10)
          at authenticate (/Users/keko/Downloads/chinese-learning-platform/backend/src/middleware/auth.js:14:5)
          at Layer.handle [as handle_request] (/Users/keko/Downloads/chinese-learning-platform/backend/node_modules/express/lib/router/layer.js:95:5)
          at trim_prefix (/Users/keko/Downloads/chinese-learning-platform/backend/node_modules/express/lib/router/index.js:328:13)
          at /Users/keko/Downloads/chinese-learning-platform/backend/node_modules/express/lib/router/index.js:286:9
          at Function.process_params (/Users/keko/Downloads/chinese-learning-platform/backend/node_modules/express/lib/router/index.js:346:12)
          at next (/Users/keko/Downloads/chinese-learning-platform/backend/node_modules/express/lib/router/index.js:280:10)
          at Function.handle (/Users/keko/Downloads/chinese-learning-platform/backend/node_modules/express/lib/router/index.js:175:3)
          at router (/Users/keko/Downloads/chinese-learning-platform/backend/node_modules/express/lib/router/index.js:47:12)
          at Layer.handle [as handle_request] (/Users/keko/Downloads/chinese-learning-platform/backend/node_modules/express/lib/router/layer.js:95:5)
          at trim_prefix (/Users/keko/Downloads/chinese-learning-platform/backend/node_modules/express/lib/router/index.js:328:13)
          at /Users/keko/Downloads/chinese-learning-platform/backend/node_modules/express/lib/router/index.js:286:9
          at Function.process_params (/Users/keko/Downloads/chinese-learning-platform/backend/node_modules/express/lib/router/index.js:346:12)
          at next (/Users/keko/Downloads/chinese-learning-platform/backend/node_modules/express/lib/router/index.js:280:10)
          at urlencodedParser (/Users/keko/Downloads/chinese-learning-platform/backend/node_modules/body-parser/lib/types/urlencoded.js:85:7)
          at Layer.handle [as handle_request] (/Users/keko/Downloads/chinese-learning-platform/backend/node_modules/express/lib/router/layer.js:95:5)
          at trim_prefix (/Users/keko/Downloads/chinese-learning-platform/backend/node_modules/express/lib/router/index.js:328:13)
          at /Users/keko/Downloads/chinese-learning-platform/backend/node_modules/express/lib/router/index.js:286:9
          at Function.process_params (/Users/keko/Downloads/chinese-learning-platform/backend/node_modules/express/lib/router/index.js:346:12)
          at next (/Users/keko/Downloads/chinese-learning-platform/backend/node_modules/express/lib/router/index.js:280:10)
          at /Users/keko/Downloads/chinese-learning-platform/backend/node_modules/body-parser/lib/read.js:137:5
          at AsyncResource.runInAsyncScope (node:async_hooks:214:14)
          at invokeCallback (/Users/keko/Downloads/chinese-learning-platform/backend/node_modules/raw-body/index.js:238:16)
          at done (/Users/keko/Downloads/chinese-learning-platform/backend/node_modules/raw-body/index.js:227:7)
          at IncomingMessage.onEnd (/Users/keko/Downloads/chinese-learning-platform/backend/node_modules/raw-body/index.js:287:7)
          at IncomingMessage.emit (node:events:518:28)
          at endReadableNT (node:internal/streams/readable:1698:12)
          at processTicksAndRejections (node:internal/process/task_queues:90:21) {
        statusCode: 403
      }

      1 | export const errorHandler = (err, req, res, next) => {
    > 2 |   console.error('Error:', err);
        |           ^
      3 |
      4 |   // Prisma errors
      5 |   if (err.code === 'P2002') {

      at errorHandler (src/middleware/errorHandler.js:2:11)
      at Layer.handle_error (node_modules/express/lib/router/layer.js:71:5)
      at trim_prefix (node_modules/express/lib/router/index.js:326:13)
      at node_modules/express/lib/router/index.js:286:9
      at Function.process_params (node_modules/express/lib/router/index.js:346:12)
      at next (node_modules/express/lib/router/index.js:280:10)
      at Layer.handle_error (node_modules/express/lib/router/layer.js:67:12)
      at trim_prefix (node_modules/express/lib/router/index.js:326:13)
      at node_modules/express/lib/router/index.js:286:9
      at Function.process_params (node_modules/express/lib/router/index.js:346:12)
      at next (node_modules/express/lib/router/index.js:280:10)
      at node_modules/express/lib/router/index.js:646:15
      at next (node_modules/express/lib/router/index.js:265:14)
      at src/middleware/auth.js:23:14
      at Layer.handle [as handle_request] (node_modules/express/lib/router/layer.js:95:5)
      at trim_prefix (node_modules/express/lib/router/index.js:328:13)
      at node_modules/express/lib/router/index.js:286:9
      at Function.process_params (node_modules/express/lib/router/index.js:346:12)
      at next (node_modules/express/lib/router/index.js:280:10)
      at authenticate (src/middleware/auth.js:14:5)
      at Layer.handle [as handle_request] (node_modules/express/lib/router/layer.js:95:5)
      at trim_prefix (node_modules/express/lib/router/index.js:328:13)
      at node_modules/express/lib/router/index.js:286:9
      at Function.process_params (node_modules/express/lib/router/index.js:346:12)
      at next (node_modules/express/lib/router/index.js:280:10)
      at Function.handle (node_modules/express/lib/router/index.js:175:3)
      at router (node_modules/express/lib/router/index.js:47:12)
      at Layer.handle [as handle_request] (node_modules/express/lib/router/layer.js:95:5)
      at trim_prefix (node_modules/express/lib/router/index.js:328:13)
      at node_modules/express/lib/router/index.js:286:9
      at Function.process_params (node_modules/express/lib/router/index.js:346:12)
      at next (node_modules/express/lib/router/index.js:280:10)
      at urlencodedParser (node_modules/body-parser/lib/types/urlencoded.js:85:7)
      at Layer.handle [as handle_request] (node_modules/express/lib/router/layer.js:95:5)
      at trim_prefix (node_modules/express/lib/router/index.js:328:13)
      at node_modules/express/lib/router/index.js:286:9
      at Function.process_params (node_modules/express/lib/router/index.js:346:12)
      at next (node_modules/express/lib/router/index.js:280:10)
      at node_modules/body-parser/lib/read.js:137:5
      at invokeCallback (node_modules/raw-body/index.js:238:16)
      at done (node_modules/raw-body/index.js:227:7)
      at IncomingMessage.onEnd (node_modules/raw-body/index.js:287:7)

    console.error
      Error: AppError: Insufficient permissions
          at /Users/keko/Downloads/chinese-learning-platform/backend/src/middleware/auth.js:23:19
          at Layer.handle [as handle_request] (/Users/keko/Downloads/chinese-learning-platform/backend/node_modules/express/lib/router/layer.js:95:5)
          at trim_prefix (/Users/keko/Downloads/chinese-learning-platform/backend/node_modules/express/lib/router/index.js:328:13)
          at /Users/keko/Downloads/chinese-learning-platform/backend/node_modules/express/lib/router/index.js:286:9
          at Function.process_params (/Users/keko/Downloads/chinese-learning-platform/backend/node_modules/express/lib/router/index.js:346:12)
          at next (/Users/keko/Downloads/chinese-learning-platform/backend/node_modules/express/lib/router/index.js:280:10)
          at authenticate (/Users/keko/Downloads/chinese-learning-platform/backend/src/middleware/auth.js:14:5)
          at Layer.handle [as handle_request] (/Users/keko/Downloads/chinese-learning-platform/backend/node_modules/express/lib/router/layer.js:95:5)
          at trim_prefix (/Users/keko/Downloads/chinese-learning-platform/backend/node_modules/express/lib/router/index.js:328:13)
          at /Users/keko/Downloads/chinese-learning-platform/backend/node_modules/express/lib/router/index.js:286:9
          at Function.process_params (/Users/keko/Downloads/chinese-learning-platform/backend/node_modules/express/lib/router/index.js:346:12)
          at next (/Users/keko/Downloads/chinese-learning-platform/backend/node_modules/express/lib/router/index.js:280:10)
          at Function.handle (/Users/keko/Downloads/chinese-learning-platform/backend/node_modules/express/lib/router/index.js:175:3)
          at router (/Users/keko/Downloads/chinese-learning-platform/backend/node_modules/express/lib/router/index.js:47:12)
          at Layer.handle [as handle_request] (/Users/keko/Downloads/chinese-learning-platform/backend/node_modules/express/lib/router/layer.js:95:5)
          at trim_prefix (/Users/keko/Downloads/chinese-learning-platform/backend/node_modules/express/lib/router/index.js:328:13)
          at /Users/keko/Downloads/chinese-learning-platform/backend/node_modules/express/lib/router/index.js:286:9
          at Function.process_params (/Users/keko/Downloads/chinese-learning-platform/backend/node_modules/express/lib/router/index.js:346:12)
          at next (/Users/keko/Downloads/chinese-learning-platform/backend/node_modules/express/lib/router/index.js:280:10)
          at urlencodedParser (/Users/keko/Downloads/chinese-learning-platform/backend/node_modules/body-parser/lib/types/urlencoded.js:85:7)
          at Layer.handle [as handle_request] (/Users/keko/Downloads/chinese-learning-platform/backend/node_modules/express/lib/router/layer.js:95:5)
          at trim_prefix (/Users/keko/Downloads/chinese-learning-platform/backend/node_modules/express/lib/router/index.js:328:13)
          at /Users/keko/Downloads/chinese-learning-platform/backend/node_modules/express/lib/router/index.js:286:9
          at Function.process_params (/Users/keko/Downloads/chinese-learning-platform/backend/node_modules/express/lib/router/index.js:346:12)
          at next (/Users/keko/Downloads/chinese-learning-platform/backend/node_modules/express/lib/router/index.js:280:10)
          at /Users/keko/Downloads/chinese-learning-platform/backend/node_modules/body-parser/lib/read.js:137:5
          at AsyncResource.runInAsyncScope (node:async_hooks:214:14)
          at invokeCallback (/Users/keko/Downloads/chinese-learning-platform/backend/node_modules/raw-body/index.js:238:16)
          at done (/Users/keko/Downloads/chinese-learning-platform/backend/node_modules/raw-body/index.js:227:7)
          at IncomingMessage.onEnd (/Users/keko/Downloads/chinese-learning-platform/backend/node_modules/raw-body/index.js:287:7)
          at IncomingMessage.emit (node:events:518:28)
          at endReadableNT (node:internal/streams/readable:1698:12)
          at processTicksAndRejections (node:internal/process/task_queues:90:21) {
        statusCode: 403
      }

      1 | export const errorHandler = (err, req, res, next) => {
    > 2 |   console.error('Error:', err);
        |           ^
      3 |
      4 |   // Prisma errors
      5 |   if (err.code === 'P2002') {

      at errorHandler (src/middleware/errorHandler.js:2:11)
      at Layer.handle_error (node_modules/express/lib/router/layer.js:71:5)
      at trim_prefix (node_modules/express/lib/router/index.js:326:13)
      at node_modules/express/lib/router/index.js:286:9
      at Function.process_params (node_modules/express/lib/router/index.js:346:12)
      at next (node_modules/express/lib/router/index.js:280:10)
      at Layer.handle_error (node_modules/express/lib/router/layer.js:67:12)
      at trim_prefix (node_modules/express/lib/router/index.js:326:13)
      at node_modules/express/lib/router/index.js:286:9
      at Function.process_params (node_modules/express/lib/router/index.js:346:12)
      at next (node_modules/express/lib/router/index.js:280:10)
      at node_modules/express/lib/router/index.js:646:15
      at next (node_modules/express/lib/router/index.js:265:14)
      at src/middleware/auth.js:23:14
      at Layer.handle [as handle_request] (node_modules/express/lib/router/layer.js:95:5)
      at trim_prefix (node_modules/express/lib/router/index.js:328:13)
      at node_modules/express/lib/router/index.js:286:9
      at Function.process_params (node_modules/express/lib/router/index.js:346:12)
      at next (node_modules/express/lib/router/index.js:280:10)
      at authenticate (src/middleware/auth.js:14:5)
      at Layer.handle [as handle_request] (node_modules/express/lib/router/layer.js:95:5)
      at trim_prefix (node_modules/express/lib/router/index.js:328:13)
      at node_modules/express/lib/router/index.js:286:9
      at Function.process_params (node_modules/express/lib/router/index.js:346:12)
      at next (node_modules/express/lib/router/index.js:280:10)
      at Function.handle (node_modules/express/lib/router/index.js:175:3)
      at router (node_modules/express/lib/router/index.js:47:12)
      at Layer.handle [as handle_request] (node_modules/express/lib/router/layer.js:95:5)
      at trim_prefix (node_modules/express/lib/router/index.js:328:13)
      at node_modules/express/lib/router/index.js:286:9
      at Function.process_params (node_modules/express/lib/router/index.js:346:12)
      at next (node_modules/express/lib/router/index.js:280:10)
      at urlencodedParser (node_modules/body-parser/lib/types/urlencoded.js:85:7)
      at Layer.handle [as handle_request] (node_modules/express/lib/router/layer.js:95:5)
      at trim_prefix (node_modules/express/lib/router/index.js:328:13)
      at node_modules/express/lib/router/index.js:286:9
      at Function.process_params (node_modules/express/lib/router/index.js:346:12)
      at next (node_modules/express/lib/router/index.js:280:10)
      at node_modules/body-parser/lib/read.js:137:5
      at invokeCallback (node_modules/raw-body/index.js:238:16)
      at done (node_modules/raw-body/index.js:227:7)
      at IncomingMessage.onEnd (node_modules/raw-body/index.js:287:7)

    console.error
      Error: AppError: Insufficient permissions
          at /Users/keko/Downloads/chinese-learning-platform/backend/src/middleware/auth.js:23:19
          at Layer.handle [as handle_request] (/Users/keko/Downloads/chinese-learning-platform/backend/node_modules/express/lib/router/layer.js:95:5)
          at trim_prefix (/Users/keko/Downloads/chinese-learning-platform/backend/node_modules/express/lib/router/index.js:328:13)
          at /Users/keko/Downloads/chinese-learning-platform/backend/node_modules/express/lib/router/index.js:286:9
          at Function.process_params (/Users/keko/Downloads/chinese-learning-platform/backend/node_modules/express/lib/router/index.js:346:12)
          at next (/Users/keko/Downloads/chinese-learning-platform/backend/node_modules/express/lib/router/index.js:280:10)
          at authenticate (/Users/keko/Downloads/chinese-learning-platform/backend/src/middleware/auth.js:14:5)
          at Layer.handle [as handle_request] (/Users/keko/Downloads/chinese-learning-platform/backend/node_modules/express/lib/router/layer.js:95:5)
          at trim_prefix (/Users/keko/Downloads/chinese-learning-platform/backend/node_modules/express/lib/router/index.js:328:13)
          at /Users/keko/Downloads/chinese-learning-platform/backend/node_modules/express/lib/router/index.js:286:9
          at Function.process_params (/Users/keko/Downloads/chinese-learning-platform/backend/node_modules/express/lib/router/index.js:346:12)
          at next (/Users/keko/Downloads/chinese-learning-platform/backend/node_modules/express/lib/router/index.js:280:10)
          at Function.handle (/Users/keko/Downloads/chinese-learning-platform/backend/node_modules/express/lib/router/index.js:175:3)
          at router (/Users/keko/Downloads/chinese-learning-platform/backend/node_modules/express/lib/router/index.js:47:12)
          at Layer.handle [as handle_request] (/Users/keko/Downloads/chinese-learning-platform/backend/node_modules/express/lib/router/layer.js:95:5)
          at trim_prefix (/Users/keko/Downloads/chinese-learning-platform/backend/node_modules/express/lib/router/index.js:328:13)
          at /Users/keko/Downloads/chinese-learning-platform/backend/node_modules/express/lib/router/index.js:286:9
          at Function.process_params (/Users/keko/Downloads/chinese-learning-platform/backend/node_modules/express/lib/router/index.js:346:12)
          at next (/Users/keko/Downloads/chinese-learning-platform/backend/node_modules/express/lib/router/index.js:280:10)
          at urlencodedParser (/Users/keko/Downloads/chinese-learning-platform/backend/node_modules/body-parser/lib/types/urlencoded.js:94:7)
          at Layer.handle [as handle_request] (/Users/keko/Downloads/chinese-learning-platform/backend/node_modules/express/lib/router/layer.js:95:5)
          at trim_prefix (/Users/keko/Downloads/chinese-learning-platform/backend/node_modules/express/lib/router/index.js:328:13)
          at /Users/keko/Downloads/chinese-learning-platform/backend/node_modules/express/lib/router/index.js:286:9
          at Function.process_params (/Users/keko/Downloads/chinese-learning-platform/backend/node_modules/express/lib/router/index.js:346:12)
          at next (/Users/keko/Downloads/chinese-learning-platform/backend/node_modules/express/lib/router/index.js:280:10)
          at jsonParser (/Users/keko/Downloads/chinese-learning-platform/backend/node_modules/body-parser/lib/types/json.js:113:7)
          at Layer.handle [as handle_request] (/Users/keko/Downloads/chinese-learning-platform/backend/node_modules/express/lib/router/layer.js:95:5)
          at trim_prefix (/Users/keko/Downloads/chinese-learning-platform/backend/node_modules/express/lib/router/index.js:328:13)
          at /Users/keko/Downloads/chinese-learning-platform/backend/node_modules/express/lib/router/index.js:286:9
          at Function.process_params (/Users/keko/Downloads/chinese-learning-platform/backend/node_modules/express/lib/router/index.js:346:12)
          at next (/Users/keko/Downloads/chinese-learning-platform/backend/node_modules/express/lib/router/index.js:280:10)
          at cors (/Users/keko/Downloads/chinese-learning-platform/backend/node_modules/cors/lib/index.js:188:7)
          at /Users/keko/Downloads/chinese-learning-platform/backend/node_modules/cors/lib/index.js:224:17
          at originCallback (/Users/keko/Downloads/chinese-learning-platform/backend/node_modules/cors/lib/index.js:214:15)
          at /Users/keko/Downloads/chinese-learning-platform/backend/node_modules/cors/lib/index.js:219:13
          at optionsCallback (/Users/keko/Downloads/chinese-learning-platform/backend/node_modules/cors/lib/index.js:199:9)
          at corsMiddleware (/Users/keko/Downloads/chinese-learning-platform/backend/node_modules/cors/lib/index.js:204:7)
          at Layer.handle [as handle_request] (/Users/keko/Downloads/chinese-learning-platform/backend/node_modules/express/lib/router/layer.js:95:5)
          at trim_prefix (/Users/keko/Downloads/chinese-learning-platform/backend/node_modules/express/lib/router/index.js:328:13)
          at /Users/keko/Downloads/chinese-learning-platform/backend/node_modules/express/lib/router/index.js:286:9
          at Function.process_params (/Users/keko/Downloads/chinese-learning-platform/backend/node_modules/express/lib/router/index.js:346:12)
          at next (/Users/keko/Downloads/chinese-learning-platform/backend/node_modules/express/lib/router/index.js:280:10)
          at expressInit (/Users/keko/Downloads/chinese-learning-platform/backend/node_modules/express/lib/middleware/init.js:40:5)
          at Layer.handle [as handle_request] (/Users/keko/Downloads/chinese-learning-platform/backend/node_modules/express/lib/router/layer.js:95:5)
          at trim_prefix (/Users/keko/Downloads/chinese-learning-platform/backend/node_modules/express/lib/router/index.js:328:13)
          at /Users/keko/Downloads/chinese-learning-platform/backend/node_modules/express/lib/router/index.js:286:9
          at Function.process_params (/Users/keko/Downloads/chinese-learning-platform/backend/node_modules/express/lib/router/index.js:346:12)
          at next (/Users/keko/Downloads/chinese-learning-platform/backend/node_modules/express/lib/router/index.js:280:10)
          at query (/Users/keko/Downloads/chinese-learning-platform/backend/node_modules/express/lib/middleware/query.js:45:5)
          at Layer.handle [as handle_request] (/Users/keko/Downloads/chinese-learning-platform/backend/node_modules/express/lib/router/layer.js:95:5)
          at trim_prefix (/Users/keko/Downloads/chinese-learning-platform/backend/node_modules/express/lib/router/index.js:328:13)
          at /Users/keko/Downloads/chinese-learning-platform/backend/node_modules/express/lib/router/index.js:286:9
          at Function.process_params (/Users/keko/Downloads/chinese-learning-platform/backend/node_modules/express/lib/router/index.js:346:12)
          at next (/Users/keko/Downloads/chinese-learning-platform/backend/node_modules/express/lib/router/index.js:280:10)
          at Function.handle (/Users/keko/Downloads/chinese-learning-platform/backend/node_modules/express/lib/router/index.js:175:3)
          at Function.handle (/Users/keko/Downloads/chinese-learning-platform/backend/node_modules/express/lib/application.js:181:10)
          at Server.app (/Users/keko/Downloads/chinese-learning-platform/backend/node_modules/express/lib/express.js:39:9)
          at Server.emit (node:events:518:28)
          at parserOnIncoming (node:_http_server:1153:12)
          at HTTPParser.parserOnHeadersComplete (node:_http_common:117:17) {
        statusCode: 403
      }

      1 | export const errorHandler = (err, req, res, next) => {
    > 2 |   console.error('Error:', err);
        |           ^
      3 |
      4 |   // Prisma errors
      5 |   if (err.code === 'P2002') {

      at errorHandler (src/middleware/errorHandler.js:2:11)
      at Layer.handle_error (node_modules/express/lib/router/layer.js:71:5)
      at trim_prefix (node_modules/express/lib/router/index.js:326:13)
      at node_modules/express/lib/router/index.js:286:9
      at Function.process_params (node_modules/express/lib/router/index.js:346:12)
      at next (node_modules/express/lib/router/index.js:280:10)
      at Layer.handle_error (node_modules/express/lib/router/layer.js:67:12)
      at trim_prefix (node_modules/express/lib/router/index.js:326:13)
      at node_modules/express/lib/router/index.js:286:9
      at Function.process_params (node_modules/express/lib/router/index.js:346:12)
      at next (node_modules/express/lib/router/index.js:280:10)
      at node_modules/express/lib/router/index.js:646:15
      at next (node_modules/express/lib/router/index.js:265:14)
      at src/middleware/auth.js:23:14
      at Layer.handle [as handle_request] (node_modules/express/lib/router/layer.js:95:5)
      at trim_prefix (node_modules/express/lib/router/index.js:328:13)
      at node_modules/express/lib/router/index.js:286:9
      at Function.process_params (node_modules/express/lib/router/index.js:346:12)
      at next (node_modules/express/lib/router/index.js:280:10)
      at authenticate (src/middleware/auth.js:14:5)
      at Layer.handle [as handle_request] (node_modules/express/lib/router/layer.js:95:5)
      at trim_prefix (node_modules/express/lib/router/index.js:328:13)
      at node_modules/express/lib/router/index.js:286:9
      at Function.process_params (node_modules/express/lib/router/index.js:346:12)
      at next (node_modules/express/lib/router/index.js:280:10)
      at Function.handle (node_modules/express/lib/router/index.js:175:3)
      at router (node_modules/express/lib/router/index.js:47:12)
      at Layer.handle [as handle_request] (node_modules/express/lib/router/layer.js:95:5)
      at trim_prefix (node_modules/express/lib/router/index.js:328:13)
      at node_modules/express/lib/router/index.js:286:9
      at Function.process_params (node_modules/express/lib/router/index.js:346:12)
      at next (node_modules/express/lib/router/index.js:280:10)
      at urlencodedParser (node_modules/body-parser/lib/types/urlencoded.js:94:7)
      at Layer.handle [as handle_request] (node_modules/express/lib/router/layer.js:95:5)
      at trim_prefix (node_modules/express/lib/router/index.js:328:13)
      at node_modules/express/lib/router/index.js:286:9
      at Function.process_params (node_modules/express/lib/router/index.js:346:12)
      at next (node_modules/express/lib/router/index.js:280:10)
      at jsonParser (node_modules/body-parser/lib/types/json.js:113:7)
      at Layer.handle [as handle_request] (node_modules/express/lib/router/layer.js:95:5)
      at trim_prefix (node_modules/express/lib/router/index.js:328:13)
      at node_modules/express/lib/router/index.js:286:9
      at Function.process_params (node_modules/express/lib/router/index.js:346:12)
      at next (node_modules/express/lib/router/index.js:280:10)
      at cors (node_modules/cors/lib/index.js:188:7)
      at node_modules/cors/lib/index.js:224:17
      at originCallback (node_modules/cors/lib/index.js:214:15)
      at node_modules/cors/lib/index.js:219:13
      at optionsCallback (node_modules/cors/lib/index.js:199:9)
      at corsMiddleware (node_modules/cors/lib/index.js:204:7)
      at Layer.handle [as handle_request] (node_modules/express/lib/router/layer.js:95:5)
      at trim_prefix (node_modules/express/lib/router/index.js:328:13)
      at node_modules/express/lib/router/index.js:286:9
      at Function.process_params (node_modules/express/lib/router/index.js:346:12)
      at next (node_modules/express/lib/router/index.js:280:10)
      at expressInit (node_modules/express/lib/middleware/init.js:40:5)
      at Layer.handle [as handle_request] (node_modules/express/lib/router/layer.js:95:5)
      at trim_prefix (node_modules/express/lib/router/index.js:328:13)
      at node_modules/express/lib/router/index.js:286:9
      at Function.process_params (node_modules/express/lib/router/index.js:346:12)
      at next (node_modules/express/lib/router/index.js:280:10)
      at query (node_modules/express/lib/middleware/query.js:45:5)
      at Layer.handle [as handle_request] (node_modules/express/lib/router/layer.js:95:5)
      at trim_prefix (node_modules/express/lib/router/index.js:328:13)
      at node_modules/express/lib/router/index.js:286:9
      at Function.process_params (node_modules/express/lib/router/index.js:346:12)
      at next (node_modules/express/lib/router/index.js:280:10)
      at Function.handle (node_modules/express/lib/router/index.js:175:3)
      at Function.handle (node_modules/express/lib/application.js:181:10)
      at Server.app (node_modules/express/lib/express.js:39:9)

  ● Words API Tests › Admin Word Management › should create word as admin

    expected 201 "Created", got 403 "Forbidden"

      130 |         .set('Authorization', `Bearer ${adminToken}`)
      131 |         .send(testWord)
    > 132 |         .expect(201);
          |          ^
      133 |
      134 |       expect(res.body.word).toHaveProperty('chinese', testWord.chinese);
      135 |       testWordId = res.body.word.id;

      at Object.<anonymous> (src/__tests__/words.test.js:132:10)
      ----
      at Test._assertStatus (node_modules/supertest/lib/test.js:309:14)
      at node_modules/supertest/lib/test.js:365:13
      at Test._assertFunction (node_modules/supertest/lib/test.js:342:13)
      at Test.assert (node_modules/supertest/lib/test.js:195:23)
      at localAssert (node_modules/supertest/lib/test.js:138:14)
      at Server.<anonymous> (node_modules/supertest/lib/test.js:152:11)

  ● Words API Tests › Admin Word Management › should update word as admin

    expected 200 "OK", got 403 "Forbidden"

      149 |         .set('Authorization', `Bearer ${adminToken}`)
      150 |         .send({ englishDefinition: 'updated test' })
    > 151 |         .expect(200);
          |          ^
      152 |
      153 |       expect(res.body.word).toHaveProperty('englishDefinition', 'updated test');
      154 |     });

      at Object.<anonymous> (src/__tests__/words.test.js:151:10)
      ----
      at Test._assertStatus (node_modules/supertest/lib/test.js:309:14)
      at node_modules/supertest/lib/test.js:365:13
      at Test._assertFunction (node_modules/supertest/lib/test.js:342:13)
      at Test.assert (node_modules/supertest/lib/test.js:195:23)
      at localAssert (node_modules/supertest/lib/test.js:138:14)
      at Server.<anonymous> (node_modules/supertest/lib/test.js:152:11)

  ● Words API Tests › Admin Word Management › should delete word as admin

    expected 200 "OK", got 403 "Forbidden"

      158 |         .delete(`/api/admin/words/${testWordId}`)
      159 |         .set('Authorization', `Bearer ${adminToken}`)
    > 160 |         .expect(200);
          |          ^
      161 |     });
      162 |   });
      163 | });

      at Object.<anonymous> (src/__tests__/words.test.js:160:10)
      ----
      at Test._assertStatus (node_modules/supertest/lib/test.js:309:14)
      at node_modules/supertest/lib/test.js:365:13
      at Test._assertFunction (node_modules/supertest/lib/test.js:342:13)
      at Test.assert (node_modules/supertest/lib/test.js:195:23)
      at localAssert (node_modules/supertest/lib/test.js:138:14)
      at Server.<anonymous> (node_modules/supertest/lib/test.js:152:11)

FAIL src/__tests__/admin.test.js
  ● Console

    console.error
      Error: AppError: Insufficient permissions
          at /Users/keko/Downloads/chinese-learning-platform/backend/src/middleware/auth.js:23:19
          at Layer.handle [as handle_request] (/Users/keko/Downloads/chinese-learning-platform/backend/node_modules/express/lib/router/layer.js:95:5)
          at trim_prefix (/Users/keko/Downloads/chinese-learning-platform/backend/node_modules/express/lib/router/index.js:328:13)
          at /Users/keko/Downloads/chinese-learning-platform/backend/node_modules/express/lib/router/index.js:286:9
          at Function.process_params (/Users/keko/Downloads/chinese-learning-platform/backend/node_modules/express/lib/router/index.js:346:12)
          at next (/Users/keko/Downloads/chinese-learning-platform/backend/node_modules/express/lib/router/index.js:280:10)
          at authenticate (/Users/keko/Downloads/chinese-learning-platform/backend/src/middleware/auth.js:14:5)
          at Layer.handle [as handle_request] (/Users/keko/Downloads/chinese-learning-platform/backend/node_modules/express/lib/router/layer.js:95:5)
          at trim_prefix (/Users/keko/Downloads/chinese-learning-platform/backend/node_modules/express/lib/router/index.js:328:13)
          at /Users/keko/Downloads/chinese-learning-platform/backend/node_modules/express/lib/router/index.js:286:9
          at Function.process_params (/Users/keko/Downloads/chinese-learning-platform/backend/node_modules/express/lib/router/index.js:346:12)
          at next (/Users/keko/Downloads/chinese-learning-platform/backend/node_modules/express/lib/router/index.js:280:10)
          at Function.handle (/Users/keko/Downloads/chinese-learning-platform/backend/node_modules/express/lib/router/index.js:175:3)
          at router (/Users/keko/Downloads/chinese-learning-platform/backend/node_modules/express/lib/router/index.js:47:12)
          at Layer.handle [as handle_request] (/Users/keko/Downloads/chinese-learning-platform/backend/node_modules/express/lib/router/layer.js:95:5)
          at trim_prefix (/Users/keko/Downloads/chinese-learning-platform/backend/node_modules/express/lib/router/index.js:328:13)
          at /Users/keko/Downloads/chinese-learning-platform/backend/node_modules/express/lib/router/index.js:286:9
          at Function.process_params (/Users/keko/Downloads/chinese-learning-platform/backend/node_modules/express/lib/router/index.js:346:12)
          at next (/Users/keko/Downloads/chinese-learning-platform/backend/node_modules/express/lib/router/index.js:280:10)
          at urlencodedParser (/Users/keko/Downloads/chinese-learning-platform/backend/node_modules/body-parser/lib/types/urlencoded.js:94:7)
          at Layer.handle [as handle_request] (/Users/keko/Downloads/chinese-learning-platform/backend/node_modules/express/lib/router/layer.js:95:5)
          at trim_prefix (/Users/keko/Downloads/chinese-learning-platform/backend/node_modules/express/lib/router/index.js:328:13)
          at /Users/keko/Downloads/chinese-learning-platform/backend/node_modules/express/lib/router/index.js:286:9
          at Function.process_params (/Users/keko/Downloads/chinese-learning-platform/backend/node_modules/express/lib/router/index.js:346:12)
          at next (/Users/keko/Downloads/chinese-learning-platform/backend/node_modules/express/lib/router/index.js:280:10)
          at jsonParser (/Users/keko/Downloads/chinese-learning-platform/backend/node_modules/body-parser/lib/types/json.js:113:7)
          at Layer.handle [as handle_request] (/Users/keko/Downloads/chinese-learning-platform/backend/node_modules/express/lib/router/layer.js:95:5)
          at trim_prefix (/Users/keko/Downloads/chinese-learning-platform/backend/node_modules/express/lib/router/index.js:328:13)
          at /Users/keko/Downloads/chinese-learning-platform/backend/node_modules/express/lib/router/index.js:286:9
          at Function.process_params (/Users/keko/Downloads/chinese-learning-platform/backend/node_modules/express/lib/router/index.js:346:12)
          at next (/Users/keko/Downloads/chinese-learning-platform/backend/node_modules/express/lib/router/index.js:280:10)
          at cors (/Users/keko/Downloads/chinese-learning-platform/backend/node_modules/cors/lib/index.js:188:7)
          at /Users/keko/Downloads/chinese-learning-platform/backend/node_modules/cors/lib/index.js:224:17
          at originCallback (/Users/keko/Downloads/chinese-learning-platform/backend/node_modules/cors/lib/index.js:214:15)
          at /Users/keko/Downloads/chinese-learning-platform/backend/node_modules/cors/lib/index.js:219:13
          at optionsCallback (/Users/keko/Downloads/chinese-learning-platform/backend/node_modules/cors/lib/index.js:199:9)
          at corsMiddleware (/Users/keko/Downloads/chinese-learning-platform/backend/node_modules/cors/lib/index.js:204:7)
          at Layer.handle [as handle_request] (/Users/keko/Downloads/chinese-learning-platform/backend/node_modules/express/lib/router/layer.js:95:5)
          at trim_prefix (/Users/keko/Downloads/chinese-learning-platform/backend/node_modules/express/lib/router/index.js:328:13)
          at /Users/keko/Downloads/chinese-learning-platform/backend/node_modules/express/lib/router/index.js:286:9
          at Function.process_params (/Users/keko/Downloads/chinese-learning-platform/backend/node_modules/express/lib/router/index.js:346:12)
          at next (/Users/keko/Downloads/chinese-learning-platform/backend/node_modules/express/lib/router/index.js:280:10)
          at expressInit (/Users/keko/Downloads/chinese-learning-platform/backend/node_modules/express/lib/middleware/init.js:40:5)
          at Layer.handle [as handle_request] (/Users/keko/Downloads/chinese-learning-platform/backend/node_modules/express/lib/router/layer.js:95:5)
          at trim_prefix (/Users/keko/Downloads/chinese-learning-platform/backend/node_modules/express/lib/router/index.js:328:13)
          at /Users/keko/Downloads/chinese-learning-platform/backend/node_modules/express/lib/router/index.js:286:9
          at Function.process_params (/Users/keko/Downloads/chinese-learning-platform/backend/node_modules/express/lib/router/index.js:346:12)
          at next (/Users/keko/Downloads/chinese-learning-platform/backend/node_modules/express/lib/router/index.js:280:10)
          at query (/Users/keko/Downloads/chinese-learning-platform/backend/node_modules/express/lib/middleware/query.js:45:5)
          at Layer.handle [as handle_request] (/Users/keko/Downloads/chinese-learning-platform/backend/node_modules/express/lib/router/layer.js:95:5)
          at trim_prefix (/Users/keko/Downloads/chinese-learning-platform/backend/node_modules/express/lib/router/index.js:328:13)
          at /Users/keko/Downloads/chinese-learning-platform/backend/node_modules/express/lib/router/index.js:286:9
          at Function.process_params (/Users/keko/Downloads/chinese-learning-platform/backend/node_modules/express/lib/router/index.js:346:12)
          at next (/Users/keko/Downloads/chinese-learning-platform/backend/node_modules/express/lib/router/index.js:280:10)
          at Function.handle (/Users/keko/Downloads/chinese-learning-platform/backend/node_modules/express/lib/router/index.js:175:3)
          at Function.handle (/Users/keko/Downloads/chinese-learning-platform/backend/node_modules/express/lib/application.js:181:10)
          at Server.app (/Users/keko/Downloads/chinese-learning-platform/backend/node_modules/express/lib/express.js:39:9)
          at Server.emit (node:events:518:28)
          at parserOnIncoming (node:_http_server:1153:12)
          at HTTPParser.parserOnHeadersComplete (node:_http_common:117:17) {
        statusCode: 403
      }

      1 | export const errorHandler = (err, req, res, next) => {
    > 2 |   console.error('Error:', err);
        |           ^
      3 |
      4 |   // Prisma errors
      5 |   if (err.code === 'P2002') {

      at errorHandler (src/middleware/errorHandler.js:2:11)
      at Layer.handle_error (node_modules/express/lib/router/layer.js:71:5)
      at trim_prefix (node_modules/express/lib/router/index.js:326:13)
      at node_modules/express/lib/router/index.js:286:9
      at Function.process_params (node_modules/express/lib/router/index.js:346:12)
      at next (node_modules/express/lib/router/index.js:280:10)
      at Layer.handle_error (node_modules/express/lib/router/layer.js:67:12)
      at trim_prefix (node_modules/express/lib/router/index.js:326:13)
      at node_modules/express/lib/router/index.js:286:9
      at Function.process_params (node_modules/express/lib/router/index.js:346:12)
      at next (node_modules/express/lib/router/index.js:280:10)
      at node_modules/express/lib/router/index.js:646:15
      at next (node_modules/express/lib/router/index.js:265:14)
      at src/middleware/auth.js:23:14
      at Layer.handle [as handle_request] (node_modules/express/lib/router/layer.js:95:5)
      at trim_prefix (node_modules/express/lib/router/index.js:328:13)
      at node_modules/express/lib/router/index.js:286:9
      at Function.process_params (node_modules/express/lib/router/index.js:346:12)
      at next (node_modules/express/lib/router/index.js:280:10)
      at authenticate (src/middleware/auth.js:14:5)
      at Layer.handle [as handle_request] (node_modules/express/lib/router/layer.js:95:5)
      at trim_prefix (node_modules/express/lib/router/index.js:328:13)
      at node_modules/express/lib/router/index.js:286:9
      at Function.process_params (node_modules/express/lib/router/index.js:346:12)
      at next (node_modules/express/lib/router/index.js:280:10)
      at Function.handle (node_modules/express/lib/router/index.js:175:3)
      at router (node_modules/express/lib/router/index.js:47:12)
      at Layer.handle [as handle_request] (node_modules/express/lib/router/layer.js:95:5)
      at trim_prefix (node_modules/express/lib/router/index.js:328:13)
      at node_modules/express/lib/router/index.js:286:9
      at Function.process_params (node_modules/express/lib/router/index.js:346:12)
      at next (node_modules/express/lib/router/index.js:280:10)
      at urlencodedParser (node_modules/body-parser/lib/types/urlencoded.js:94:7)
      at Layer.handle [as handle_request] (node_modules/express/lib/router/layer.js:95:5)
      at trim_prefix (node_modules/express/lib/router/index.js:328:13)
      at node_modules/express/lib/router/index.js:286:9
      at Function.process_params (node_modules/express/lib/router/index.js:346:12)
      at next (node_modules/express/lib/router/index.js:280:10)
      at jsonParser (node_modules/body-parser/lib/types/json.js:113:7)
      at Layer.handle [as handle_request] (node_modules/express/lib/router/layer.js:95:5)
      at trim_prefix (node_modules/express/lib/router/index.js:328:13)
      at node_modules/express/lib/router/index.js:286:9
      at Function.process_params (node_modules/express/lib/router/index.js:346:12)
      at next (node_modules/express/lib/router/index.js:280:10)
      at cors (node_modules/cors/lib/index.js:188:7)
      at node_modules/cors/lib/index.js:224:17
      at originCallback (node_modules/cors/lib/index.js:214:15)
      at node_modules/cors/lib/index.js:219:13
      at optionsCallback (node_modules/cors/lib/index.js:199:9)
      at corsMiddleware (node_modules/cors/lib/index.js:204:7)
      at Layer.handle [as handle_request] (node_modules/express/lib/router/layer.js:95:5)
      at trim_prefix (node_modules/express/lib/router/index.js:328:13)
      at node_modules/express/lib/router/index.js:286:9
      at Function.process_params (node_modules/express/lib/router/index.js:346:12)
      at next (node_modules/express/lib/router/index.js:280:10)
      at expressInit (node_modules/express/lib/middleware/init.js:40:5)
      at Layer.handle [as handle_request] (node_modules/express/lib/router/layer.js:95:5)
      at trim_prefix (node_modules/express/lib/router/index.js:328:13)
      at node_modules/express/lib/router/index.js:286:9
      at Function.process_params (node_modules/express/lib/router/index.js:346:12)
      at next (node_modules/express/lib/router/index.js:280:10)
      at query (node_modules/express/lib/middleware/query.js:45:5)
      at Layer.handle [as handle_request] (node_modules/express/lib/router/layer.js:95:5)
      at trim_prefix (node_modules/express/lib/router/index.js:328:13)
      at node_modules/express/lib/router/index.js:286:9
      at Function.process_params (node_modules/express/lib/router/index.js:346:12)
      at next (node_modules/express/lib/router/index.js:280:10)
      at Function.handle (node_modules/express/lib/router/index.js:175:3)
      at Function.handle (node_modules/express/lib/application.js:181:10)
      at Server.app (node_modules/express/lib/express.js:39:9)

    console.error
      Error: AppError: Insufficient permissions
          at /Users/keko/Downloads/chinese-learning-platform/backend/src/middleware/auth.js:23:19
          at Layer.handle [as handle_request] (/Users/keko/Downloads/chinese-learning-platform/backend/node_modules/express/lib/router/layer.js:95:5)
          at trim_prefix (/Users/keko/Downloads/chinese-learning-platform/backend/node_modules/express/lib/router/index.js:328:13)
          at /Users/keko/Downloads/chinese-learning-platform/backend/node_modules/express/lib/router/index.js:286:9
          at Function.process_params (/Users/keko/Downloads/chinese-learning-platform/backend/node_modules/express/lib/router/index.js:346:12)
          at next (/Users/keko/Downloads/chinese-learning-platform/backend/node_modules/express/lib/router/index.js:280:10)
          at authenticate (/Users/keko/Downloads/chinese-learning-platform/backend/src/middleware/auth.js:14:5)
          at Layer.handle [as handle_request] (/Users/keko/Downloads/chinese-learning-platform/backend/node_modules/express/lib/router/layer.js:95:5)
          at trim_prefix (/Users/keko/Downloads/chinese-learning-platform/backend/node_modules/express/lib/router/index.js:328:13)
          at /Users/keko/Downloads/chinese-learning-platform/backend/node_modules/express/lib/router/index.js:286:9
          at Function.process_params (/Users/keko/Downloads/chinese-learning-platform/backend/node_modules/express/lib/router/index.js:346:12)
          at next (/Users/keko/Downloads/chinese-learning-platform/backend/node_modules/express/lib/router/index.js:280:10)
          at Function.handle (/Users/keko/Downloads/chinese-learning-platform/backend/node_modules/express/lib/router/index.js:175:3)
          at router (/Users/keko/Downloads/chinese-learning-platform/backend/node_modules/express/lib/router/index.js:47:12)
          at Layer.handle [as handle_request] (/Users/keko/Downloads/chinese-learning-platform/backend/node_modules/express/lib/router/layer.js:95:5)
          at trim_prefix (/Users/keko/Downloads/chinese-learning-platform/backend/node_modules/express/lib/router/index.js:328:13)
          at /Users/keko/Downloads/chinese-learning-platform/backend/node_modules/express/lib/router/index.js:286:9
          at Function.process_params (/Users/keko/Downloads/chinese-learning-platform/backend/node_modules/express/lib/router/index.js:346:12)
          at next (/Users/keko/Downloads/chinese-learning-platform/backend/node_modules/express/lib/router/index.js:280:10)
          at urlencodedParser (/Users/keko/Downloads/chinese-learning-platform/backend/node_modules/body-parser/lib/types/urlencoded.js:94:7)
          at Layer.handle [as handle_request] (/Users/keko/Downloads/chinese-learning-platform/backend/node_modules/express/lib/router/layer.js:95:5)
          at trim_prefix (/Users/keko/Downloads/chinese-learning-platform/backend/node_modules/express/lib/router/index.js:328:13)
          at /Users/keko/Downloads/chinese-learning-platform/backend/node_modules/express/lib/router/index.js:286:9
          at Function.process_params (/Users/keko/Downloads/chinese-learning-platform/backend/node_modules/express/lib/router/index.js:346:12)
          at next (/Users/keko/Downloads/chinese-learning-platform/backend/node_modules/express/lib/router/index.js:280:10)
          at jsonParser (/Users/keko/Downloads/chinese-learning-platform/backend/node_modules/body-parser/lib/types/json.js:113:7)
          at Layer.handle [as handle_request] (/Users/keko/Downloads/chinese-learning-platform/backend/node_modules/express/lib/router/layer.js:95:5)
          at trim_prefix (/Users/keko/Downloads/chinese-learning-platform/backend/node_modules/express/lib/router/index.js:328:13)
          at /Users/keko/Downloads/chinese-learning-platform/backend/node_modules/express/lib/router/index.js:286:9
          at Function.process_params (/Users/keko/Downloads/chinese-learning-platform/backend/node_modules/express/lib/router/index.js:346:12)
          at next (/Users/keko/Downloads/chinese-learning-platform/backend/node_modules/express/lib/router/index.js:280:10)
          at cors (/Users/keko/Downloads/chinese-learning-platform/backend/node_modules/cors/lib/index.js:188:7)
          at /Users/keko/Downloads/chinese-learning-platform/backend/node_modules/cors/lib/index.js:224:17
          at originCallback (/Users/keko/Downloads/chinese-learning-platform/backend/node_modules/cors/lib/index.js:214:15)
          at /Users/keko/Downloads/chinese-learning-platform/backend/node_modules/cors/lib/index.js:219:13
          at optionsCallback (/Users/keko/Downloads/chinese-learning-platform/backend/node_modules/cors/lib/index.js:199:9)
          at corsMiddleware (/Users/keko/Downloads/chinese-learning-platform/backend/node_modules/cors/lib/index.js:204:7)
          at Layer.handle [as handle_request] (/Users/keko/Downloads/chinese-learning-platform/backend/node_modules/express/lib/router/layer.js:95:5)
          at trim_prefix (/Users/keko/Downloads/chinese-learning-platform/backend/node_modules/express/lib/router/index.js:328:13)
          at /Users/keko/Downloads/chinese-learning-platform/backend/node_modules/express/lib/router/index.js:286:9
          at Function.process_params (/Users/keko/Downloads/chinese-learning-platform/backend/node_modules/express/lib/router/index.js:346:12)
          at next (/Users/keko/Downloads/chinese-learning-platform/backend/node_modules/express/lib/router/index.js:280:10)
          at expressInit (/Users/keko/Downloads/chinese-learning-platform/backend/node_modules/express/lib/middleware/init.js:40:5)
          at Layer.handle [as handle_request] (/Users/keko/Downloads/chinese-learning-platform/backend/node_modules/express/lib/router/layer.js:95:5)
          at trim_prefix (/Users/keko/Downloads/chinese-learning-platform/backend/node_modules/express/lib/router/index.js:328:13)
          at /Users/keko/Downloads/chinese-learning-platform/backend/node_modules/express/lib/router/index.js:286:9
          at Function.process_params (/Users/keko/Downloads/chinese-learning-platform/backend/node_modules/express/lib/router/index.js:346:12)
          at next (/Users/keko/Downloads/chinese-learning-platform/backend/node_modules/express/lib/router/index.js:280:10)
          at query (/Users/keko/Downloads/chinese-learning-platform/backend/node_modules/express/lib/middleware/query.js:45:5)
          at Layer.handle [as handle_request] (/Users/keko/Downloads/chinese-learning-platform/backend/node_modules/express/lib/router/layer.js:95:5)
          at trim_prefix (/Users/keko/Downloads/chinese-learning-platform/backend/node_modules/express/lib/router/index.js:328:13)
          at /Users/keko/Downloads/chinese-learning-platform/backend/node_modules/express/lib/router/index.js:286:9
          at Function.process_params (/Users/keko/Downloads/chinese-learning-platform/backend/node_modules/express/lib/router/index.js:346:12)
          at next (/Users/keko/Downloads/chinese-learning-platform/backend/node_modules/express/lib/router/index.js:280:10)
          at Function.handle (/Users/keko/Downloads/chinese-learning-platform/backend/node_modules/express/lib/router/index.js:175:3)
          at Function.handle (/Users/keko/Downloads/chinese-learning-platform/backend/node_modules/express/lib/application.js:181:10)
          at Server.app (/Users/keko/Downloads/chinese-learning-platform/backend/node_modules/express/lib/express.js:39:9)
          at Server.emit (node:events:518:28)
          at parserOnIncoming (node:_http_server:1153:12)
          at HTTPParser.parserOnHeadersComplete (node:_http_common:117:17) {
        statusCode: 403
      }

      1 | export const errorHandler = (err, req, res, next) => {
    > 2 |   console.error('Error:', err);
        |           ^
      3 |
      4 |   // Prisma errors
      5 |   if (err.code === 'P2002') {

      at errorHandler (src/middleware/errorHandler.js:2:11)
      at Layer.handle_error (node_modules/express/lib/router/layer.js:71:5)
      at trim_prefix (node_modules/express/lib/router/index.js:326:13)
      at node_modules/express/lib/router/index.js:286:9
      at Function.process_params (node_modules/express/lib/router/index.js:346:12)
      at next (node_modules/express/lib/router/index.js:280:10)
      at Layer.handle_error (node_modules/express/lib/router/layer.js:67:12)
      at trim_prefix (node_modules/express/lib/router/index.js:326:13)
      at node_modules/express/lib/router/index.js:286:9
      at Function.process_params (node_modules/express/lib/router/index.js:346:12)
      at next (node_modules/express/lib/router/index.js:280:10)
      at node_modules/express/lib/router/index.js:646:15
      at next (node_modules/express/lib/router/index.js:265:14)
      at src/middleware/auth.js:23:14
      at Layer.handle [as handle_request] (node_modules/express/lib/router/layer.js:95:5)
      at trim_prefix (node_modules/express/lib/router/index.js:328:13)
      at node_modules/express/lib/router/index.js:286:9
      at Function.process_params (node_modules/express/lib/router/index.js:346:12)
      at next (node_modules/express/lib/router/index.js:280:10)
      at authenticate (src/middleware/auth.js:14:5)
      at Layer.handle [as handle_request] (node_modules/express/lib/router/layer.js:95:5)
      at trim_prefix (node_modules/express/lib/router/index.js:328:13)
      at node_modules/express/lib/router/index.js:286:9
      at Function.process_params (node_modules/express/lib/router/index.js:346:12)
      at next (node_modules/express/lib/router/index.js:280:10)
      at Function.handle (node_modules/express/lib/router/index.js:175:3)
      at router (node_modules/express/lib/router/index.js:47:12)
      at Layer.handle [as handle_request] (node_modules/express/lib/router/layer.js:95:5)
      at trim_prefix (node_modules/express/lib/router/index.js:328:13)
      at node_modules/express/lib/router/index.js:286:9
      at Function.process_params (node_modules/express/lib/router/index.js:346:12)
      at next (node_modules/express/lib/router/index.js:280:10)
      at urlencodedParser (node_modules/body-parser/lib/types/urlencoded.js:94:7)
      at Layer.handle [as handle_request] (node_modules/express/lib/router/layer.js:95:5)
      at trim_prefix (node_modules/express/lib/router/index.js:328:13)
      at node_modules/express/lib/router/index.js:286:9
      at Function.process_params (node_modules/express/lib/router/index.js:346:12)
      at next (node_modules/express/lib/router/index.js:280:10)
      at jsonParser (node_modules/body-parser/lib/types/json.js:113:7)
      at Layer.handle [as handle_request] (node_modules/express/lib/router/layer.js:95:5)
      at trim_prefix (node_modules/express/lib/router/index.js:328:13)
      at node_modules/express/lib/router/index.js:286:9
      at Function.process_params (node_modules/express/lib/router/index.js:346:12)
      at next (node_modules/express/lib/router/index.js:280:10)
      at cors (node_modules/cors/lib/index.js:188:7)
      at node_modules/cors/lib/index.js:224:17
      at originCallback (node_modules/cors/lib/index.js:214:15)
      at node_modules/cors/lib/index.js:219:13
      at optionsCallback (node_modules/cors/lib/index.js:199:9)
      at corsMiddleware (node_modules/cors/lib/index.js:204:7)
      at Layer.handle [as handle_request] (node_modules/express/lib/router/layer.js:95:5)
      at trim_prefix (node_modules/express/lib/router/index.js:328:13)
      at node_modules/express/lib/router/index.js:286:9
      at Function.process_params (node_modules/express/lib/router/index.js:346:12)
      at next (node_modules/express/lib/router/index.js:280:10)
      at expressInit (node_modules/express/lib/middleware/init.js:40:5)
      at Layer.handle [as handle_request] (node_modules/express/lib/router/layer.js:95:5)
      at trim_prefix (node_modules/express/lib/router/index.js:328:13)
      at node_modules/express/lib/router/index.js:286:9
      at Function.process_params (node_modules/express/lib/router/index.js:346:12)
      at next (node_modules/express/lib/router/index.js:280:10)
      at query (node_modules/express/lib/middleware/query.js:45:5)
      at Layer.handle [as handle_request] (node_modules/express/lib/router/layer.js:95:5)
      at trim_prefix (node_modules/express/lib/router/index.js:328:13)
      at node_modules/express/lib/router/index.js:286:9
      at Function.process_params (node_modules/express/lib/router/index.js:346:12)
      at next (node_modules/express/lib/router/index.js:280:10)
      at Function.handle (node_modules/express/lib/router/index.js:175:3)
      at Function.handle (node_modules/express/lib/application.js:181:10)
      at Server.app (node_modules/express/lib/express.js:39:9)

    console.error
      Error: AppError: Authentication required
          at authenticate (/Users/keko/Downloads/chinese-learning-platform/backend/src/middleware/auth.js:9:13)
          at Layer.handle [as handle_request] (/Users/keko/Downloads/chinese-learning-platform/backend/node_modules/express/lib/router/layer.js:95:5)
          at trim_prefix (/Users/keko/Downloads/chinese-learning-platform/backend/node_modules/express/lib/router/index.js:328:13)
          at /Users/keko/Downloads/chinese-learning-platform/backend/node_modules/express/lib/router/index.js:286:9
          at Function.process_params (/Users/keko/Downloads/chinese-learning-platform/backend/node_modules/express/lib/router/index.js:346:12)
          at next (/Users/keko/Downloads/chinese-learning-platform/backend/node_modules/express/lib/router/index.js:280:10)
          at Function.handle (/Users/keko/Downloads/chinese-learning-platform/backend/node_modules/express/lib/router/index.js:175:3)
          at router (/Users/keko/Downloads/chinese-learning-platform/backend/node_modules/express/lib/router/index.js:47:12)
          at Layer.handle [as handle_request] (/Users/keko/Downloads/chinese-learning-platform/backend/node_modules/express/lib/router/layer.js:95:5)
          at trim_prefix (/Users/keko/Downloads/chinese-learning-platform/backend/node_modules/express/lib/router/index.js:328:13)
          at /Users/keko/Downloads/chinese-learning-platform/backend/node_modules/express/lib/router/index.js:286:9
          at Function.process_params (/Users/keko/Downloads/chinese-learning-platform/backend/node_modules/express/lib/router/index.js:346:12)
          at next (/Users/keko/Downloads/chinese-learning-platform/backend/node_modules/express/lib/router/index.js:280:10)
          at urlencodedParser (/Users/keko/Downloads/chinese-learning-platform/backend/node_modules/body-parser/lib/types/urlencoded.js:94:7)
          at Layer.handle [as handle_request] (/Users/keko/Downloads/chinese-learning-platform/backend/node_modules/express/lib/router/layer.js:95:5)
          at trim_prefix (/Users/keko/Downloads/chinese-learning-platform/backend/node_modules/express/lib/router/index.js:328:13)
          at /Users/keko/Downloads/chinese-learning-platform/backend/node_modules/express/lib/router/index.js:286:9
          at Function.process_params (/Users/keko/Downloads/chinese-learning-platform/backend/node_modules/express/lib/router/index.js:346:12)
          at next (/Users/keko/Downloads/chinese-learning-platform/backend/node_modules/express/lib/router/index.js:280:10)
          at jsonParser (/Users/keko/Downloads/chinese-learning-platform/backend/node_modules/body-parser/lib/types/json.js:113:7)
          at Layer.handle [as handle_request] (/Users/keko/Downloads/chinese-learning-platform/backend/node_modules/express/lib/router/layer.js:95:5)
          at trim_prefix (/Users/keko/Downloads/chinese-learning-platform/backend/node_modules/express/lib/router/index.js:328:13)
          at /Users/keko/Downloads/chinese-learning-platform/backend/node_modules/express/lib/router/index.js:286:9
          at Function.process_params (/Users/keko/Downloads/chinese-learning-platform/backend/node_modules/express/lib/router/index.js:346:12)
          at next (/Users/keko/Downloads/chinese-learning-platform/backend/node_modules/express/lib/router/index.js:280:10)
          at cors (/Users/keko/Downloads/chinese-learning-platform/backend/node_modules/cors/lib/index.js:188:7)
          at /Users/keko/Downloads/chinese-learning-platform/backend/node_modules/cors/lib/index.js:224:17
          at originCallback (/Users/keko/Downloads/chinese-learning-platform/backend/node_modules/cors/lib/index.js:214:15)
          at /Users/keko/Downloads/chinese-learning-platform/backend/node_modules/cors/lib/index.js:219:13
          at optionsCallback (/Users/keko/Downloads/chinese-learning-platform/backend/node_modules/cors/lib/index.js:199:9)
          at corsMiddleware (/Users/keko/Downloads/chinese-learning-platform/backend/node_modules/cors/lib/index.js:204:7)
          at Layer.handle [as handle_request] (/Users/keko/Downloads/chinese-learning-platform/backend/node_modules/express/lib/router/layer.js:95:5)
          at trim_prefix (/Users/keko/Downloads/chinese-learning-platform/backend/node_modules/express/lib/router/index.js:328:13)
          at /Users/keko/Downloads/chinese-learning-platform/backend/node_modules/express/lib/router/index.js:286:9
          at Function.process_params (/Users/keko/Downloads/chinese-learning-platform/backend/node_modules/express/lib/router/index.js:346:12)
          at next (/Users/keko/Downloads/chinese-learning-platform/backend/node_modules/express/lib/router/index.js:280:10)
          at expressInit (/Users/keko/Downloads/chinese-learning-platform/backend/node_modules/express/lib/middleware/init.js:40:5)
          at Layer.handle [as handle_request] (/Users/keko/Downloads/chinese-learning-platform/backend/node_modules/express/lib/router/layer.js:95:5)
          at trim_prefix (/Users/keko/Downloads/chinese-learning-platform/backend/node_modules/express/lib/router/index.js:328:13)
          at /Users/keko/Downloads/chinese-learning-platform/backend/node_modules/express/lib/router/index.js:286:9
          at Function.process_params (/Users/keko/Downloads/chinese-learning-platform/backend/node_modules/express/lib/router/index.js:346:12)
          at next (/Users/keko/Downloads/chinese-learning-platform/backend/node_modules/express/lib/router/index.js:280:10)
          at query (/Users/keko/Downloads/chinese-learning-platform/backend/node_modules/express/lib/middleware/query.js:45:5)
          at Layer.handle [as handle_request] (/Users/keko/Downloads/chinese-learning-platform/backend/node_modules/express/lib/router/layer.js:95:5)
          at trim_prefix (/Users/keko/Downloads/chinese-learning-platform/backend/node_modules/express/lib/router/index.js:328:13)
          at /Users/keko/Downloads/chinese-learning-platform/backend/node_modules/express/lib/router/index.js:286:9
          at Function.process_params (/Users/keko/Downloads/chinese-learning-platform/backend/node_modules/express/lib/router/index.js:346:12)
          at next (/Users/keko/Downloads/chinese-learning-platform/backend/node_modules/express/lib/router/index.js:280:10)
          at Function.handle (/Users/keko/Downloads/chinese-learning-platform/backend/node_modules/express/lib/router/index.js:175:3)
          at Function.handle (/Users/keko/Downloads/chinese-learning-platform/backend/node_modules/express/lib/application.js:181:10)
          at Server.app (/Users/keko/Downloads/chinese-learning-platform/backend/node_modules/express/lib/express.js:39:9)
          at Server.emit (node:events:518:28)
          at parserOnIncoming (node:_http_server:1153:12)
          at HTTPParser.parserOnHeadersComplete (node:_http_common:117:17) {
        statusCode: 401
      }

      1 | export const errorHandler = (err, req, res, next) => {
    > 2 |   console.error('Error:', err);
        |           ^
      3 |
      4 |   // Prisma errors
      5 |   if (err.code === 'P2002') {

      at errorHandler (src/middleware/errorHandler.js:2:11)
      at Layer.handle_error (node_modules/express/lib/router/layer.js:71:5)
      at trim_prefix (node_modules/express/lib/router/index.js:326:13)
      at node_modules/express/lib/router/index.js:286:9
      at Function.process_params (node_modules/express/lib/router/index.js:346:12)
      at next (node_modules/express/lib/router/index.js:280:10)
      at Layer.handle_error (node_modules/express/lib/router/layer.js:67:12)
      at trim_prefix (node_modules/express/lib/router/index.js:326:13)
      at node_modules/express/lib/router/index.js:286:9
      at Function.process_params (node_modules/express/lib/router/index.js:346:12)
      at next (node_modules/express/lib/router/index.js:280:10)
      at node_modules/express/lib/router/index.js:646:15
      at next (node_modules/express/lib/router/index.js:265:14)
      at Layer.handle_error (node_modules/express/lib/router/layer.js:67:12)
      at trim_prefix (node_modules/express/lib/router/index.js:326:13)
      at node_modules/express/lib/router/index.js:286:9
      at Function.process_params (node_modules/express/lib/router/index.js:346:12)
      at next (node_modules/express/lib/router/index.js:280:10)
      at authenticate (src/middleware/auth.js:16:5)
      at Layer.handle [as handle_request] (node_modules/express/lib/router/layer.js:95:5)
      at trim_prefix (node_modules/express/lib/router/index.js:328:13)
      at node_modules/express/lib/router/index.js:286:9
      at Function.process_params (node_modules/express/lib/router/index.js:346:12)
      at next (node_modules/express/lib/router/index.js:280:10)
      at Function.handle (node_modules/express/lib/router/index.js:175:3)
      at router (node_modules/express/lib/router/index.js:47:12)
      at Layer.handle [as handle_request] (node_modules/express/lib/router/layer.js:95:5)
      at trim_prefix (node_modules/express/lib/router/index.js:328:13)
      at node_modules/express/lib/router/index.js:286:9
      at Function.process_params (node_modules/express/lib/router/index.js:346:12)
      at next (node_modules/express/lib/router/index.js:280:10)
      at urlencodedParser (node_modules/body-parser/lib/types/urlencoded.js:94:7)
      at Layer.handle [as handle_request] (node_modules/express/lib/router/layer.js:95:5)
      at trim_prefix (node_modules/express/lib/router/index.js:328:13)
      at node_modules/express/lib/router/index.js:286:9
      at Function.process_params (node_modules/express/lib/router/index.js:346:12)
      at next (node_modules/express/lib/router/index.js:280:10)
      at jsonParser (node_modules/body-parser/lib/types/json.js:113:7)
      at Layer.handle [as handle_request] (node_modules/express/lib/router/layer.js:95:5)
      at trim_prefix (node_modules/express/lib/router/index.js:328:13)
      at node_modules/express/lib/router/index.js:286:9
      at Function.process_params (node_modules/express/lib/router/index.js:346:12)
      at next (node_modules/express/lib/router/index.js:280:10)
      at cors (node_modules/cors/lib/index.js:188:7)
      at node_modules/cors/lib/index.js:224:17
      at originCallback (node_modules/cors/lib/index.js:214:15)
      at node_modules/cors/lib/index.js:219:13
      at optionsCallback (node_modules/cors/lib/index.js:199:9)
      at corsMiddleware (node_modules/cors/lib/index.js:204:7)
      at Layer.handle [as handle_request] (node_modules/express/lib/router/layer.js:95:5)
      at trim_prefix (node_modules/express/lib/router/index.js:328:13)
      at node_modules/express/lib/router/index.js:286:9
      at Function.process_params (node_modules/express/lib/router/index.js:346:12)
      at next (node_modules/express/lib/router/index.js:280:10)
      at expressInit (node_modules/express/lib/middleware/init.js:40:5)
      at Layer.handle [as handle_request] (node_modules/express/lib/router/layer.js:95:5)
      at trim_prefix (node_modules/express/lib/router/index.js:328:13)
      at node_modules/express/lib/router/index.js:286:9
      at Function.process_params (node_modules/express/lib/router/index.js:346:12)
      at next (node_modules/express/lib/router/index.js:280:10)
      at query (node_modules/express/lib/middleware/query.js:45:5)
      at Layer.handle [as handle_request] (node_modules/express/lib/router/layer.js:95:5)
      at trim_prefix (node_modules/express/lib/router/index.js:328:13)
      at node_modules/express/lib/router/index.js:286:9
      at Function.process_params (node_modules/express/lib/router/index.js:346:12)
      at next (node_modules/express/lib/router/index.js:280:10)
      at Function.handle (node_modules/express/lib/router/index.js:175:3)
      at Function.handle (node_modules/express/lib/application.js:181:10)
      at Server.app (node_modules/express/lib/express.js:39:9)

    console.error
      Error: AppError: Insufficient permissions
          at /Users/keko/Downloads/chinese-learning-platform/backend/src/middleware/auth.js:23:19
          at Layer.handle [as handle_request] (/Users/keko/Downloads/chinese-learning-platform/backend/node_modules/express/lib/router/layer.js:95:5)
          at trim_prefix (/Users/keko/Downloads/chinese-learning-platform/backend/node_modules/express/lib/router/index.js:328:13)
          at /Users/keko/Downloads/chinese-learning-platform/backend/node_modules/express/lib/router/index.js:286:9
          at Function.process_params (/Users/keko/Downloads/chinese-learning-platform/backend/node_modules/express/lib/router/index.js:346:12)
          at next (/Users/keko/Downloads/chinese-learning-platform/backend/node_modules/express/lib/router/index.js:280:10)
          at authenticate (/Users/keko/Downloads/chinese-learning-platform/backend/src/middleware/auth.js:14:5)
          at Layer.handle [as handle_request] (/Users/keko/Downloads/chinese-learning-platform/backend/node_modules/express/lib/router/layer.js:95:5)
          at trim_prefix (/Users/keko/Downloads/chinese-learning-platform/backend/node_modules/express/lib/router/index.js:328:13)
          at /Users/keko/Downloads/chinese-learning-platform/backend/node_modules/express/lib/router/index.js:286:9
          at Function.process_params (/Users/keko/Downloads/chinese-learning-platform/backend/node_modules/express/lib/router/index.js:346:12)
          at next (/Users/keko/Downloads/chinese-learning-platform/backend/node_modules/express/lib/router/index.js:280:10)
          at Function.handle (/Users/keko/Downloads/chinese-learning-platform/backend/node_modules/express/lib/router/index.js:175:3)
          at router (/Users/keko/Downloads/chinese-learning-platform/backend/node_modules/express/lib/router/index.js:47:12)
          at Layer.handle [as handle_request] (/Users/keko/Downloads/chinese-learning-platform/backend/node_modules/express/lib/router/layer.js:95:5)
          at trim_prefix (/Users/keko/Downloads/chinese-learning-platform/backend/node_modules/express/lib/router/index.js:328:13)
          at /Users/keko/Downloads/chinese-learning-platform/backend/node_modules/express/lib/router/index.js:286:9
          at Function.process_params (/Users/keko/Downloads/chinese-learning-platform/backend/node_modules/express/lib/router/index.js:346:12)
          at next (/Users/keko/Downloads/chinese-learning-platform/backend/node_modules/express/lib/router/index.js:280:10)
          at urlencodedParser (/Users/keko/Downloads/chinese-learning-platform/backend/node_modules/body-parser/lib/types/urlencoded.js:94:7)
          at Layer.handle [as handle_request] (/Users/keko/Downloads/chinese-learning-platform/backend/node_modules/express/lib/router/layer.js:95:5)
          at trim_prefix (/Users/keko/Downloads/chinese-learning-platform/backend/node_modules/express/lib/router/index.js:328:13)
          at /Users/keko/Downloads/chinese-learning-platform/backend/node_modules/express/lib/router/index.js:286:9
          at Function.process_params (/Users/keko/Downloads/chinese-learning-platform/backend/node_modules/express/lib/router/index.js:346:12)
          at next (/Users/keko/Downloads/chinese-learning-platform/backend/node_modules/express/lib/router/index.js:280:10)
          at jsonParser (/Users/keko/Downloads/chinese-learning-platform/backend/node_modules/body-parser/lib/types/json.js:113:7)
          at Layer.handle [as handle_request] (/Users/keko/Downloads/chinese-learning-platform/backend/node_modules/express/lib/router/layer.js:95:5)
          at trim_prefix (/Users/keko/Downloads/chinese-learning-platform/backend/node_modules/express/lib/router/index.js:328:13)
          at /Users/keko/Downloads/chinese-learning-platform/backend/node_modules/express/lib/router/index.js:286:9
          at Function.process_params (/Users/keko/Downloads/chinese-learning-platform/backend/node_modules/express/lib/router/index.js:346:12)
          at next (/Users/keko/Downloads/chinese-learning-platform/backend/node_modules/express/lib/router/index.js:280:10)
          at cors (/Users/keko/Downloads/chinese-learning-platform/backend/node_modules/cors/lib/index.js:188:7)
          at /Users/keko/Downloads/chinese-learning-platform/backend/node_modules/cors/lib/index.js:224:17
          at originCallback (/Users/keko/Downloads/chinese-learning-platform/backend/node_modules/cors/lib/index.js:214:15)
          at /Users/keko/Downloads/chinese-learning-platform/backend/node_modules/cors/lib/index.js:219:13
          at optionsCallback (/Users/keko/Downloads/chinese-learning-platform/backend/node_modules/cors/lib/index.js:199:9)
          at corsMiddleware (/Users/keko/Downloads/chinese-learning-platform/backend/node_modules/cors/lib/index.js:204:7)
          at Layer.handle [as handle_request] (/Users/keko/Downloads/chinese-learning-platform/backend/node_modules/express/lib/router/layer.js:95:5)
          at trim_prefix (/Users/keko/Downloads/chinese-learning-platform/backend/node_modules/express/lib/router/index.js:328:13)
          at /Users/keko/Downloads/chinese-learning-platform/backend/node_modules/express/lib/router/index.js:286:9
          at Function.process_params (/Users/keko/Downloads/chinese-learning-platform/backend/node_modules/express/lib/router/index.js:346:12)
          at next (/Users/keko/Downloads/chinese-learning-platform/backend/node_modules/express/lib/router/index.js:280:10)
          at expressInit (/Users/keko/Downloads/chinese-learning-platform/backend/node_modules/express/lib/middleware/init.js:40:5)
          at Layer.handle [as handle_request] (/Users/keko/Downloads/chinese-learning-platform/backend/node_modules/express/lib/router/layer.js:95:5)
          at trim_prefix (/Users/keko/Downloads/chinese-learning-platform/backend/node_modules/express/lib/router/index.js:328:13)
          at /Users/keko/Downloads/chinese-learning-platform/backend/node_modules/express/lib/router/index.js:286:9
          at Function.process_params (/Users/keko/Downloads/chinese-learning-platform/backend/node_modules/express/lib/router/index.js:346:12)
          at next (/Users/keko/Downloads/chinese-learning-platform/backend/node_modules/express/lib/router/index.js:280:10)
          at query (/Users/keko/Downloads/chinese-learning-platform/backend/node_modules/express/lib/middleware/query.js:45:5)
          at Layer.handle [as handle_request] (/Users/keko/Downloads/chinese-learning-platform/backend/node_modules/express/lib/router/layer.js:95:5)
          at trim_prefix (/Users/keko/Downloads/chinese-learning-platform/backend/node_modules/express/lib/router/index.js:328:13)
          at /Users/keko/Downloads/chinese-learning-platform/backend/node_modules/express/lib/router/index.js:286:9
          at Function.process_params (/Users/keko/Downloads/chinese-learning-platform/backend/node_modules/express/lib/router/index.js:346:12)
          at next (/Users/keko/Downloads/chinese-learning-platform/backend/node_modules/express/lib/router/index.js:280:10)
          at Function.handle (/Users/keko/Downloads/chinese-learning-platform/backend/node_modules/express/lib/router/index.js:175:3)
          at Function.handle (/Users/keko/Downloads/chinese-learning-platform/backend/node_modules/express/lib/application.js:181:10)
          at Server.app (/Users/keko/Downloads/chinese-learning-platform/backend/node_modules/express/lib/express.js:39:9)
          at Server.emit (node:events:518:28)
          at parserOnIncoming (node:_http_server:1153:12)
          at HTTPParser.parserOnHeadersComplete (node:_http_common:117:17) {
        statusCode: 403
      }

      1 | export const errorHandler = (err, req, res, next) => {
    > 2 |   console.error('Error:', err);
        |           ^
      3 |
      4 |   // Prisma errors
      5 |   if (err.code === 'P2002') {

      at errorHandler (src/middleware/errorHandler.js:2:11)
      at Layer.handle_error (node_modules/express/lib/router/layer.js:71:5)
      at trim_prefix (node_modules/express/lib/router/index.js:326:13)
      at node_modules/express/lib/router/index.js:286:9
      at Function.process_params (node_modules/express/lib/router/index.js:346:12)
      at next (node_modules/express/lib/router/index.js:280:10)
      at Layer.handle_error (node_modules/express/lib/router/layer.js:67:12)
      at trim_prefix (node_modules/express/lib/router/index.js:326:13)
      at node_modules/express/lib/router/index.js:286:9
      at Function.process_params (node_modules/express/lib/router/index.js:346:12)
      at next (node_modules/express/lib/router/index.js:280:10)
      at node_modules/express/lib/router/index.js:646:15
      at next (node_modules/express/lib/router/index.js:265:14)
      at src/middleware/auth.js:23:14
      at Layer.handle [as handle_request] (node_modules/express/lib/router/layer.js:95:5)
      at trim_prefix (node_modules/express/lib/router/index.js:328:13)
      at node_modules/express/lib/router/index.js:286:9
      at Function.process_params (node_modules/express/lib/router/index.js:346:12)
      at next (node_modules/express/lib/router/index.js:280:10)
      at authenticate (src/middleware/auth.js:14:5)
      at Layer.handle [as handle_request] (node_modules/express/lib/router/layer.js:95:5)
      at trim_prefix (node_modules/express/lib/router/index.js:328:13)
      at node_modules/express/lib/router/index.js:286:9
      at Function.process_params (node_modules/express/lib/router/index.js:346:12)
      at next (node_modules/express/lib/router/index.js:280:10)
      at Function.handle (node_modules/express/lib/router/index.js:175:3)
      at router (node_modules/express/lib/router/index.js:47:12)
      at Layer.handle [as handle_request] (node_modules/express/lib/router/layer.js:95:5)
      at trim_prefix (node_modules/express/lib/router/index.js:328:13)
      at node_modules/express/lib/router/index.js:286:9
      at Function.process_params (node_modules/express/lib/router/index.js:346:12)
      at next (node_modules/express/lib/router/index.js:280:10)
      at urlencodedParser (node_modules/body-parser/lib/types/urlencoded.js:94:7)
      at Layer.handle [as handle_request] (node_modules/express/lib/router/layer.js:95:5)
      at trim_prefix (node_modules/express/lib/router/index.js:328:13)
      at node_modules/express/lib/router/index.js:286:9
      at Function.process_params (node_modules/express/lib/router/index.js:346:12)
      at next (node_modules/express/lib/router/index.js:280:10)
      at jsonParser (node_modules/body-parser/lib/types/json.js:113:7)
      at Layer.handle [as handle_request] (node_modules/express/lib/router/layer.js:95:5)
      at trim_prefix (node_modules/express/lib/router/index.js:328:13)
      at node_modules/express/lib/router/index.js:286:9
      at Function.process_params (node_modules/express/lib/router/index.js:346:12)
      at next (node_modules/express/lib/router/index.js:280:10)
      at cors (node_modules/cors/lib/index.js:188:7)
      at node_modules/cors/lib/index.js:224:17
      at originCallback (node_modules/cors/lib/index.js:214:15)
      at node_modules/cors/lib/index.js:219:13
      at optionsCallback (node_modules/cors/lib/index.js:199:9)
      at corsMiddleware (node_modules/cors/lib/index.js:204:7)
      at Layer.handle [as handle_request] (node_modules/express/lib/router/layer.js:95:5)
      at trim_prefix (node_modules/express/lib/router/index.js:328:13)
      at node_modules/express/lib/router/index.js:286:9
      at Function.process_params (node_modules/express/lib/router/index.js:346:12)
      at next (node_modules/express/lib/router/index.js:280:10)
      at expressInit (node_modules/express/lib/middleware/init.js:40:5)
      at Layer.handle [as handle_request] (node_modules/express/lib/router/layer.js:95:5)
      at trim_prefix (node_modules/express/lib/router/index.js:328:13)
      at node_modules/express/lib/router/index.js:286:9
      at Function.process_params (node_modules/express/lib/router/index.js:346:12)
      at next (node_modules/express/lib/router/index.js:280:10)
      at query (node_modules/express/lib/middleware/query.js:45:5)
      at Layer.handle [as handle_request] (node_modules/express/lib/router/layer.js:95:5)
      at trim_prefix (node_modules/express/lib/router/index.js:328:13)
      at node_modules/express/lib/router/index.js:286:9
      at Function.process_params (node_modules/express/lib/router/index.js:346:12)
      at next (node_modules/express/lib/router/index.js:280:10)
      at Function.handle (node_modules/express/lib/router/index.js:175:3)
      at Function.handle (node_modules/express/lib/application.js:181:10)
      at Server.app (node_modules/express/lib/express.js:39:9)

    console.error
      Error: AppError: Insufficient permissions
          at /Users/keko/Downloads/chinese-learning-platform/backend/src/middleware/auth.js:23:19
          at Layer.handle [as handle_request] (/Users/keko/Downloads/chinese-learning-platform/backend/node_modules/express/lib/router/layer.js:95:5)
          at trim_prefix (/Users/keko/Downloads/chinese-learning-platform/backend/node_modules/express/lib/router/index.js:328:13)
          at /Users/keko/Downloads/chinese-learning-platform/backend/node_modules/express/lib/router/index.js:286:9
          at Function.process_params (/Users/keko/Downloads/chinese-learning-platform/backend/node_modules/express/lib/router/index.js:346:12)
          at next (/Users/keko/Downloads/chinese-learning-platform/backend/node_modules/express/lib/router/index.js:280:10)
          at authenticate (/Users/keko/Downloads/chinese-learning-platform/backend/src/middleware/auth.js:14:5)
          at Layer.handle [as handle_request] (/Users/keko/Downloads/chinese-learning-platform/backend/node_modules/express/lib/router/layer.js:95:5)
          at trim_prefix (/Users/keko/Downloads/chinese-learning-platform/backend/node_modules/express/lib/router/index.js:328:13)
          at /Users/keko/Downloads/chinese-learning-platform/backend/node_modules/express/lib/router/index.js:286:9
          at Function.process_params (/Users/keko/Downloads/chinese-learning-platform/backend/node_modules/express/lib/router/index.js:346:12)
          at next (/Users/keko/Downloads/chinese-learning-platform/backend/node_modules/express/lib/router/index.js:280:10)
          at Function.handle (/Users/keko/Downloads/chinese-learning-platform/backend/node_modules/express/lib/router/index.js:175:3)
          at router (/Users/keko/Downloads/chinese-learning-platform/backend/node_modules/express/lib/router/index.js:47:12)
          at Layer.handle [as handle_request] (/Users/keko/Downloads/chinese-learning-platform/backend/node_modules/express/lib/router/layer.js:95:5)
          at trim_prefix (/Users/keko/Downloads/chinese-learning-platform/backend/node_modules/express/lib/router/index.js:328:13)
          at /Users/keko/Downloads/chinese-learning-platform/backend/node_modules/express/lib/router/index.js:286:9
          at Function.process_params (/Users/keko/Downloads/chinese-learning-platform/backend/node_modules/express/lib/router/index.js:346:12)
          at next (/Users/keko/Downloads/chinese-learning-platform/backend/node_modules/express/lib/router/index.js:280:10)
          at urlencodedParser (/Users/keko/Downloads/chinese-learning-platform/backend/node_modules/body-parser/lib/types/urlencoded.js:85:7)
          at Layer.handle [as handle_request] (/Users/keko/Downloads/chinese-learning-platform/backend/node_modules/express/lib/router/layer.js:95:5)
          at trim_prefix (/Users/keko/Downloads/chinese-learning-platform/backend/node_modules/express/lib/router/index.js:328:13)
          at /Users/keko/Downloads/chinese-learning-platform/backend/node_modules/express/lib/router/index.js:286:9
          at Function.process_params (/Users/keko/Downloads/chinese-learning-platform/backend/node_modules/express/lib/router/index.js:346:12)
          at next (/Users/keko/Downloads/chinese-learning-platform/backend/node_modules/express/lib/router/index.js:280:10)
          at /Users/keko/Downloads/chinese-learning-platform/backend/node_modules/body-parser/lib/read.js:137:5
          at AsyncResource.runInAsyncScope (node:async_hooks:214:14)
          at invokeCallback (/Users/keko/Downloads/chinese-learning-platform/backend/node_modules/raw-body/index.js:238:16)
          at done (/Users/keko/Downloads/chinese-learning-platform/backend/node_modules/raw-body/index.js:227:7)
          at IncomingMessage.onEnd (/Users/keko/Downloads/chinese-learning-platform/backend/node_modules/raw-body/index.js:287:7)
          at IncomingMessage.emit (node:events:518:28)
          at endReadableNT (node:internal/streams/readable:1698:12)
          at processTicksAndRejections (node:internal/process/task_queues:90:21) {
        statusCode: 403
      }

      1 | export const errorHandler = (err, req, res, next) => {
    > 2 |   console.error('Error:', err);
        |           ^
      3 |
      4 |   // Prisma errors
      5 |   if (err.code === 'P2002') {

      at errorHandler (src/middleware/errorHandler.js:2:11)
      at Layer.handle_error (node_modules/express/lib/router/layer.js:71:5)
      at trim_prefix (node_modules/express/lib/router/index.js:326:13)
      at node_modules/express/lib/router/index.js:286:9
      at Function.process_params (node_modules/express/lib/router/index.js:346:12)
      at next (node_modules/express/lib/router/index.js:280:10)
      at Layer.handle_error (node_modules/express/lib/router/layer.js:67:12)
      at trim_prefix (node_modules/express/lib/router/index.js:326:13)
      at node_modules/express/lib/router/index.js:286:9
      at Function.process_params (node_modules/express/lib/router/index.js:346:12)
      at next (node_modules/express/lib/router/index.js:280:10)
      at node_modules/express/lib/router/index.js:646:15
      at next (node_modules/express/lib/router/index.js:265:14)
      at src/middleware/auth.js:23:14
      at Layer.handle [as handle_request] (node_modules/express/lib/router/layer.js:95:5)
      at trim_prefix (node_modules/express/lib/router/index.js:328:13)
      at node_modules/express/lib/router/index.js:286:9
      at Function.process_params (node_modules/express/lib/router/index.js:346:12)
      at next (node_modules/express/lib/router/index.js:280:10)
      at authenticate (src/middleware/auth.js:14:5)
      at Layer.handle [as handle_request] (node_modules/express/lib/router/layer.js:95:5)
      at trim_prefix (node_modules/express/lib/router/index.js:328:13)
      at node_modules/express/lib/router/index.js:286:9
      at Function.process_params (node_modules/express/lib/router/index.js:346:12)
      at next (node_modules/express/lib/router/index.js:280:10)
      at Function.handle (node_modules/express/lib/router/index.js:175:3)
      at router (node_modules/express/lib/router/index.js:47:12)
      at Layer.handle [as handle_request] (node_modules/express/lib/router/layer.js:95:5)
      at trim_prefix (node_modules/express/lib/router/index.js:328:13)
      at node_modules/express/lib/router/index.js:286:9
      at Function.process_params (node_modules/express/lib/router/index.js:346:12)
      at next (node_modules/express/lib/router/index.js:280:10)
      at urlencodedParser (node_modules/body-parser/lib/types/urlencoded.js:85:7)
      at Layer.handle [as handle_request] (node_modules/express/lib/router/layer.js:95:5)
      at trim_prefix (node_modules/express/lib/router/index.js:328:13)
      at node_modules/express/lib/router/index.js:286:9
      at Function.process_params (node_modules/express/lib/router/index.js:346:12)
      at next (node_modules/express/lib/router/index.js:280:10)
      at node_modules/body-parser/lib/read.js:137:5
      at invokeCallback (node_modules/raw-body/index.js:238:16)
      at done (node_modules/raw-body/index.js:227:7)
      at IncomingMessage.onEnd (node_modules/raw-body/index.js:287:7)

    console.error
      Error: AppError: Insufficient permissions
          at /Users/keko/Downloads/chinese-learning-platform/backend/src/middleware/auth.js:23:19
          at Layer.handle [as handle_request] (/Users/keko/Downloads/chinese-learning-platform/backend/node_modules/express/lib/router/layer.js:95:5)
          at trim_prefix (/Users/keko/Downloads/chinese-learning-platform/backend/node_modules/express/lib/router/index.js:328:13)
          at /Users/keko/Downloads/chinese-learning-platform/backend/node_modules/express/lib/router/index.js:286:9
          at Function.process_params (/Users/keko/Downloads/chinese-learning-platform/backend/node_modules/express/lib/router/index.js:346:12)
          at next (/Users/keko/Downloads/chinese-learning-platform/backend/node_modules/express/lib/router/index.js:280:10)
          at authenticate (/Users/keko/Downloads/chinese-learning-platform/backend/src/middleware/auth.js:14:5)
          at Layer.handle [as handle_request] (/Users/keko/Downloads/chinese-learning-platform/backend/node_modules/express/lib/router/layer.js:95:5)
          at trim_prefix (/Users/keko/Downloads/chinese-learning-platform/backend/node_modules/express/lib/router/index.js:328:13)
          at /Users/keko/Downloads/chinese-learning-platform/backend/node_modules/express/lib/router/index.js:286:9
          at Function.process_params (/Users/keko/Downloads/chinese-learning-platform/backend/node_modules/express/lib/router/index.js:346:12)
          at next (/Users/keko/Downloads/chinese-learning-platform/backend/node_modules/express/lib/router/index.js:280:10)
          at Function.handle (/Users/keko/Downloads/chinese-learning-platform/backend/node_modules/express/lib/router/index.js:175:3)
          at router (/Users/keko/Downloads/chinese-learning-platform/backend/node_modules/express/lib/router/index.js:47:12)
          at Layer.handle [as handle_request] (/Users/keko/Downloads/chinese-learning-platform/backend/node_modules/express/lib/router/layer.js:95:5)
          at trim_prefix (/Users/keko/Downloads/chinese-learning-platform/backend/node_modules/express/lib/router/index.js:328:13)
          at /Users/keko/Downloads/chinese-learning-platform/backend/node_modules/express/lib/router/index.js:286:9
          at Function.process_params (/Users/keko/Downloads/chinese-learning-platform/backend/node_modules/express/lib/router/index.js:346:12)
          at next (/Users/keko/Downloads/chinese-learning-platform/backend/node_modules/express/lib/router/index.js:280:10)
          at urlencodedParser (/Users/keko/Downloads/chinese-learning-platform/backend/node_modules/body-parser/lib/types/urlencoded.js:85:7)
          at Layer.handle [as handle_request] (/Users/keko/Downloads/chinese-learning-platform/backend/node_modules/express/lib/router/layer.js:95:5)
          at trim_prefix (/Users/keko/Downloads/chinese-learning-platform/backend/node_modules/express/lib/router/index.js:328:13)
          at /Users/keko/Downloads/chinese-learning-platform/backend/node_modules/express/lib/router/index.js:286:9
          at Function.process_params (/Users/keko/Downloads/chinese-learning-platform/backend/node_modules/express/lib/router/index.js:346:12)
          at next (/Users/keko/Downloads/chinese-learning-platform/backend/node_modules/express/lib/router/index.js:280:10)
          at /Users/keko/Downloads/chinese-learning-platform/backend/node_modules/body-parser/lib/read.js:137:5
          at AsyncResource.runInAsyncScope (node:async_hooks:214:14)
          at invokeCallback (/Users/keko/Downloads/chinese-learning-platform/backend/node_modules/raw-body/index.js:238:16)
          at done (/Users/keko/Downloads/chinese-learning-platform/backend/node_modules/raw-body/index.js:227:7)
          at IncomingMessage.onEnd (/Users/keko/Downloads/chinese-learning-platform/backend/node_modules/raw-body/index.js:287:7)
          at IncomingMessage.emit (node:events:518:28)
          at endReadableNT (node:internal/streams/readable:1698:12)
          at processTicksAndRejections (node:internal/process/task_queues:90:21) {
        statusCode: 403
      }

      1 | export const errorHandler = (err, req, res, next) => {
    > 2 |   console.error('Error:', err);
        |           ^
      3 |
      4 |   // Prisma errors
      5 |   if (err.code === 'P2002') {

      at errorHandler (src/middleware/errorHandler.js:2:11)
      at Layer.handle_error (node_modules/express/lib/router/layer.js:71:5)
      at trim_prefix (node_modules/express/lib/router/index.js:326:13)
      at node_modules/express/lib/router/index.js:286:9
      at Function.process_params (node_modules/express/lib/router/index.js:346:12)
      at next (node_modules/express/lib/router/index.js:280:10)
      at Layer.handle_error (node_modules/express/lib/router/layer.js:67:12)
      at trim_prefix (node_modules/express/lib/router/index.js:326:13)
      at node_modules/express/lib/router/index.js:286:9
      at Function.process_params (node_modules/express/lib/router/index.js:346:12)
      at next (node_modules/express/lib/router/index.js:280:10)
      at node_modules/express/lib/router/index.js:646:15
      at next (node_modules/express/lib/router/index.js:265:14)
      at src/middleware/auth.js:23:14
      at Layer.handle [as handle_request] (node_modules/express/lib/router/layer.js:95:5)
      at trim_prefix (node_modules/express/lib/router/index.js:328:13)
      at node_modules/express/lib/router/index.js:286:9
      at Function.process_params (node_modules/express/lib/router/index.js:346:12)
      at next (node_modules/express/lib/router/index.js:280:10)
      at authenticate (src/middleware/auth.js:14:5)
      at Layer.handle [as handle_request] (node_modules/express/lib/router/layer.js:95:5)
      at trim_prefix (node_modules/express/lib/router/index.js:328:13)
      at node_modules/express/lib/router/index.js:286:9
      at Function.process_params (node_modules/express/lib/router/index.js:346:12)
      at next (node_modules/express/lib/router/index.js:280:10)
      at Function.handle (node_modules/express/lib/router/index.js:175:3)
      at router (node_modules/express/lib/router/index.js:47:12)
      at Layer.handle [as handle_request] (node_modules/express/lib/router/layer.js:95:5)
      at trim_prefix (node_modules/express/lib/router/index.js:328:13)
      at node_modules/express/lib/router/index.js:286:9
      at Function.process_params (node_modules/express/lib/router/index.js:346:12)
      at next (node_modules/express/lib/router/index.js:280:10)
      at urlencodedParser (node_modules/body-parser/lib/types/urlencoded.js:85:7)
      at Layer.handle [as handle_request] (node_modules/express/lib/router/layer.js:95:5)
      at trim_prefix (node_modules/express/lib/router/index.js:328:13)
      at node_modules/express/lib/router/index.js:286:9
      at Function.process_params (node_modules/express/lib/router/index.js:346:12)
      at next (node_modules/express/lib/router/index.js:280:10)
      at node_modules/body-parser/lib/read.js:137:5
      at invokeCallback (node_modules/raw-body/index.js:238:16)
      at done (node_modules/raw-body/index.js:227:7)
      at IncomingMessage.onEnd (node_modules/raw-body/index.js:287:7)

    console.error
      Error: AppError: Insufficient permissions
          at /Users/keko/Downloads/chinese-learning-platform/backend/src/middleware/auth.js:23:19
          at Layer.handle [as handle_request] (/Users/keko/Downloads/chinese-learning-platform/backend/node_modules/express/lib/router/layer.js:95:5)
          at trim_prefix (/Users/keko/Downloads/chinese-learning-platform/backend/node_modules/express/lib/router/index.js:328:13)
          at /Users/keko/Downloads/chinese-learning-platform/backend/node_modules/express/lib/router/index.js:286:9
          at Function.process_params (/Users/keko/Downloads/chinese-learning-platform/backend/node_modules/express/lib/router/index.js:346:12)
          at next (/Users/keko/Downloads/chinese-learning-platform/backend/node_modules/express/lib/router/index.js:280:10)
          at authenticate (/Users/keko/Downloads/chinese-learning-platform/backend/src/middleware/auth.js:14:5)
          at Layer.handle [as handle_request] (/Users/keko/Downloads/chinese-learning-platform/backend/node_modules/express/lib/router/layer.js:95:5)
          at trim_prefix (/Users/keko/Downloads/chinese-learning-platform/backend/node_modules/express/lib/router/index.js:328:13)
          at /Users/keko/Downloads/chinese-learning-platform/backend/node_modules/express/lib/router/index.js:286:9
          at Function.process_params (/Users/keko/Downloads/chinese-learning-platform/backend/node_modules/express/lib/router/index.js:346:12)
          at next (/Users/keko/Downloads/chinese-learning-platform/backend/node_modules/express/lib/router/index.js:280:10)
          at Function.handle (/Users/keko/Downloads/chinese-learning-platform/backend/node_modules/express/lib/router/index.js:175:3)
          at router (/Users/keko/Downloads/chinese-learning-platform/backend/node_modules/express/lib/router/index.js:47:12)
          at Layer.handle [as handle_request] (/Users/keko/Downloads/chinese-learning-platform/backend/node_modules/express/lib/router/layer.js:95:5)
          at trim_prefix (/Users/keko/Downloads/chinese-learning-platform/backend/node_modules/express/lib/router/index.js:328:13)
          at /Users/keko/Downloads/chinese-learning-platform/backend/node_modules/express/lib/router/index.js:286:9
          at Function.process_params (/Users/keko/Downloads/chinese-learning-platform/backend/node_modules/express/lib/router/index.js:346:12)
          at next (/Users/keko/Downloads/chinese-learning-platform/backend/node_modules/express/lib/router/index.js:280:10)
          at urlencodedParser (/Users/keko/Downloads/chinese-learning-platform/backend/node_modules/body-parser/lib/types/urlencoded.js:94:7)
          at Layer.handle [as handle_request] (/Users/keko/Downloads/chinese-learning-platform/backend/node_modules/express/lib/router/layer.js:95:5)
          at trim_prefix (/Users/keko/Downloads/chinese-learning-platform/backend/node_modules/express/lib/router/index.js:328:13)
          at /Users/keko/Downloads/chinese-learning-platform/backend/node_modules/express/lib/router/index.js:286:9
          at Function.process_params (/Users/keko/Downloads/chinese-learning-platform/backend/node_modules/express/lib/router/index.js:346:12)
          at next (/Users/keko/Downloads/chinese-learning-platform/backend/node_modules/express/lib/router/index.js:280:10)
          at jsonParser (/Users/keko/Downloads/chinese-learning-platform/backend/node_modules/body-parser/lib/types/json.js:113:7)
          at Layer.handle [as handle_request] (/Users/keko/Downloads/chinese-learning-platform/backend/node_modules/express/lib/router/layer.js:95:5)
          at trim_prefix (/Users/keko/Downloads/chinese-learning-platform/backend/node_modules/express/lib/router/index.js:328:13)
          at /Users/keko/Downloads/chinese-learning-platform/backend/node_modules/express/lib/router/index.js:286:9
          at Function.process_params (/Users/keko/Downloads/chinese-learning-platform/backend/node_modules/express/lib/router/index.js:346:12)
          at next (/Users/keko/Downloads/chinese-learning-platform/backend/node_modules/express/lib/router/index.js:280:10)
          at cors (/Users/keko/Downloads/chinese-learning-platform/backend/node_modules/cors/lib/index.js:188:7)
          at /Users/keko/Downloads/chinese-learning-platform/backend/node_modules/cors/lib/index.js:224:17
          at originCallback (/Users/keko/Downloads/chinese-learning-platform/backend/node_modules/cors/lib/index.js:214:15)
          at /Users/keko/Downloads/chinese-learning-platform/backend/node_modules/cors/lib/index.js:219:13
          at optionsCallback (/Users/keko/Downloads/chinese-learning-platform/backend/node_modules/cors/lib/index.js:199:9)
          at corsMiddleware (/Users/keko/Downloads/chinese-learning-platform/backend/node_modules/cors/lib/index.js:204:7)
          at Layer.handle [as handle_request] (/Users/keko/Downloads/chinese-learning-platform/backend/node_modules/express/lib/router/layer.js:95:5)
          at trim_prefix (/Users/keko/Downloads/chinese-learning-platform/backend/node_modules/express/lib/router/index.js:328:13)
          at /Users/keko/Downloads/chinese-learning-platform/backend/node_modules/express/lib/router/index.js:286:9
          at Function.process_params (/Users/keko/Downloads/chinese-learning-platform/backend/node_modules/express/lib/router/index.js:346:12)
          at next (/Users/keko/Downloads/chinese-learning-platform/backend/node_modules/express/lib/router/index.js:280:10)
          at expressInit (/Users/keko/Downloads/chinese-learning-platform/backend/node_modules/express/lib/middleware/init.js:40:5)
          at Layer.handle [as handle_request] (/Users/keko/Downloads/chinese-learning-platform/backend/node_modules/express/lib/router/layer.js:95:5)
          at trim_prefix (/Users/keko/Downloads/chinese-learning-platform/backend/node_modules/express/lib/router/index.js:328:13)
          at /Users/keko/Downloads/chinese-learning-platform/backend/node_modules/express/lib/router/index.js:286:9
          at Function.process_params (/Users/keko/Downloads/chinese-learning-platform/backend/node_modules/express/lib/router/index.js:346:12)
          at next (/Users/keko/Downloads/chinese-learning-platform/backend/node_modules/express/lib/router/index.js:280:10)
          at query (/Users/keko/Downloads/chinese-learning-platform/backend/node_modules/express/lib/middleware/query.js:45:5)
          at Layer.handle [as handle_request] (/Users/keko/Downloads/chinese-learning-platform/backend/node_modules/express/lib/router/layer.js:95:5)
          at trim_prefix (/Users/keko/Downloads/chinese-learning-platform/backend/node_modules/express/lib/router/index.js:328:13)
          at /Users/keko/Downloads/chinese-learning-platform/backend/node_modules/express/lib/router/index.js:286:9
          at Function.process_params (/Users/keko/Downloads/chinese-learning-platform/backend/node_modules/express/lib/router/index.js:346:12)
          at next (/Users/keko/Downloads/chinese-learning-platform/backend/node_modules/express/lib/router/index.js:280:10)
          at Function.handle (/Users/keko/Downloads/chinese-learning-platform/backend/node_modules/express/lib/router/index.js:175:3)
          at Function.handle (/Users/keko/Downloads/chinese-learning-platform/backend/node_modules/express/lib/application.js:181:10)
          at Server.app (/Users/keko/Downloads/chinese-learning-platform/backend/node_modules/express/lib/express.js:39:9)
          at Server.emit (node:events:518:28)
          at parserOnIncoming (node:_http_server:1153:12)
          at HTTPParser.parserOnHeadersComplete (node:_http_common:117:17) {
        statusCode: 403
      }

      1 | export const errorHandler = (err, req, res, next) => {
    > 2 |   console.error('Error:', err);
        |           ^
      3 |
      4 |   // Prisma errors
      5 |   if (err.code === 'P2002') {

      at errorHandler (src/middleware/errorHandler.js:2:11)
      at Layer.handle_error (node_modules/express/lib/router/layer.js:71:5)
      at trim_prefix (node_modules/express/lib/router/index.js:326:13)
      at node_modules/express/lib/router/index.js:286:9
      at Function.process_params (node_modules/express/lib/router/index.js:346:12)
      at next (node_modules/express/lib/router/index.js:280:10)
      at Layer.handle_error (node_modules/express/lib/router/layer.js:67:12)
      at trim_prefix (node_modules/express/lib/router/index.js:326:13)
      at node_modules/express/lib/router/index.js:286:9
      at Function.process_params (node_modules/express/lib/router/index.js:346:12)
      at next (node_modules/express/lib/router/index.js:280:10)
      at node_modules/express/lib/router/index.js:646:15
      at next (node_modules/express/lib/router/index.js:265:14)
      at src/middleware/auth.js:23:14
      at Layer.handle [as handle_request] (node_modules/express/lib/router/layer.js:95:5)
      at trim_prefix (node_modules/express/lib/router/index.js:328:13)
      at node_modules/express/lib/router/index.js:286:9
      at Function.process_params (node_modules/express/lib/router/index.js:346:12)
      at next (node_modules/express/lib/router/index.js:280:10)
      at authenticate (src/middleware/auth.js:14:5)
      at Layer.handle [as handle_request] (node_modules/express/lib/router/layer.js:95:5)
      at trim_prefix (node_modules/express/lib/router/index.js:328:13)
      at node_modules/express/lib/router/index.js:286:9
      at Function.process_params (node_modules/express/lib/router/index.js:346:12)
      at next (node_modules/express/lib/router/index.js:280:10)
      at Function.handle (node_modules/express/lib/router/index.js:175:3)
      at router (node_modules/express/lib/router/index.js:47:12)
      at Layer.handle [as handle_request] (node_modules/express/lib/router/layer.js:95:5)
      at trim_prefix (node_modules/express/lib/router/index.js:328:13)
      at node_modules/express/lib/router/index.js:286:9
      at Function.process_params (node_modules/express/lib/router/index.js:346:12)
      at next (node_modules/express/lib/router/index.js:280:10)
      at urlencodedParser (node_modules/body-parser/lib/types/urlencoded.js:94:7)
      at Layer.handle [as handle_request] (node_modules/express/lib/router/layer.js:95:5)
      at trim_prefix (node_modules/express/lib/router/index.js:328:13)
      at node_modules/express/lib/router/index.js:286:9
      at Function.process_params (node_modules/express/lib/router/index.js:346:12)
      at next (node_modules/express/lib/router/index.js:280:10)
      at jsonParser (node_modules/body-parser/lib/types/json.js:113:7)
      at Layer.handle [as handle_request] (node_modules/express/lib/router/layer.js:95:5)
      at trim_prefix (node_modules/express/lib/router/index.js:328:13)
      at node_modules/express/lib/router/index.js:286:9
      at Function.process_params (node_modules/express/lib/router/index.js:346:12)
      at next (node_modules/express/lib/router/index.js:280:10)
      at cors (node_modules/cors/lib/index.js:188:7)
      at node_modules/cors/lib/index.js:224:17
      at originCallback (node_modules/cors/lib/index.js:214:15)
      at node_modules/cors/lib/index.js:219:13
      at optionsCallback (node_modules/cors/lib/index.js:199:9)
      at corsMiddleware (node_modules/cors/lib/index.js:204:7)
      at Layer.handle [as handle_request] (node_modules/express/lib/router/layer.js:95:5)
      at trim_prefix (node_modules/express/lib/router/index.js:328:13)
      at node_modules/express/lib/router/index.js:286:9
      at Function.process_params (node_modules/express/lib/router/index.js:346:12)
      at next (node_modules/express/lib/router/index.js:280:10)
      at expressInit (node_modules/express/lib/middleware/init.js:40:5)
      at Layer.handle [as handle_request] (node_modules/express/lib/router/layer.js:95:5)
      at trim_prefix (node_modules/express/lib/router/index.js:328:13)
      at node_modules/express/lib/router/index.js:286:9
      at Function.process_params (node_modules/express/lib/router/index.js:346:12)
      at next (node_modules/express/lib/router/index.js:280:10)
      at query (node_modules/express/lib/middleware/query.js:45:5)
      at Layer.handle [as handle_request] (node_modules/express/lib/router/layer.js:95:5)
      at trim_prefix (node_modules/express/lib/router/index.js:328:13)
      at node_modules/express/lib/router/index.js:286:9
      at Function.process_params (node_modules/express/lib/router/index.js:346:12)
      at next (node_modules/express/lib/router/index.js:280:10)
      at Function.handle (node_modules/express/lib/router/index.js:175:3)
      at Function.handle (node_modules/express/lib/application.js:181:10)
      at Server.app (node_modules/express/lib/express.js:39:9)

    console.error
      Error: AppError: Insufficient permissions
          at /Users/keko/Downloads/chinese-learning-platform/backend/src/middleware/auth.js:23:19
          at Layer.handle [as handle_request] (/Users/keko/Downloads/chinese-learning-platform/backend/node_modules/express/lib/router/layer.js:95:5)
          at trim_prefix (/Users/keko/Downloads/chinese-learning-platform/backend/node_modules/express/lib/router/index.js:328:13)
          at /Users/keko/Downloads/chinese-learning-platform/backend/node_modules/express/lib/router/index.js:286:9
          at Function.process_params (/Users/keko/Downloads/chinese-learning-platform/backend/node_modules/express/lib/router/index.js:346:12)
          at next (/Users/keko/Downloads/chinese-learning-platform/backend/node_modules/express/lib/router/index.js:280:10)
          at authenticate (/Users/keko/Downloads/chinese-learning-platform/backend/src/middleware/auth.js:14:5)
          at Layer.handle [as handle_request] (/Users/keko/Downloads/chinese-learning-platform/backend/node_modules/express/lib/router/layer.js:95:5)
          at trim_prefix (/Users/keko/Downloads/chinese-learning-platform/backend/node_modules/express/lib/router/index.js:328:13)
          at /Users/keko/Downloads/chinese-learning-platform/backend/node_modules/express/lib/router/index.js:286:9
          at Function.process_params (/Users/keko/Downloads/chinese-learning-platform/backend/node_modules/express/lib/router/index.js:346:12)
          at next (/Users/keko/Downloads/chinese-learning-platform/backend/node_modules/express/lib/router/index.js:280:10)
          at Function.handle (/Users/keko/Downloads/chinese-learning-platform/backend/node_modules/express/lib/router/index.js:175:3)
          at router (/Users/keko/Downloads/chinese-learning-platform/backend/node_modules/express/lib/router/index.js:47:12)
          at Layer.handle [as handle_request] (/Users/keko/Downloads/chinese-learning-platform/backend/node_modules/express/lib/router/layer.js:95:5)
          at trim_prefix (/Users/keko/Downloads/chinese-learning-platform/backend/node_modules/express/lib/router/index.js:328:13)
          at /Users/keko/Downloads/chinese-learning-platform/backend/node_modules/express/lib/router/index.js:286:9
          at Function.process_params (/Users/keko/Downloads/chinese-learning-platform/backend/node_modules/express/lib/router/index.js:346:12)
          at next (/Users/keko/Downloads/chinese-learning-platform/backend/node_modules/express/lib/router/index.js:280:10)
          at urlencodedParser (/Users/keko/Downloads/chinese-learning-platform/backend/node_modules/body-parser/lib/types/urlencoded.js:94:7)
          at Layer.handle [as handle_request] (/Users/keko/Downloads/chinese-learning-platform/backend/node_modules/express/lib/router/layer.js:95:5)
          at trim_prefix (/Users/keko/Downloads/chinese-learning-platform/backend/node_modules/express/lib/router/index.js:328:13)
          at /Users/keko/Downloads/chinese-learning-platform/backend/node_modules/express/lib/router/index.js:286:9
          at Function.process_params (/Users/keko/Downloads/chinese-learning-platform/backend/node_modules/express/lib/router/index.js:346:12)
          at next (/Users/keko/Downloads/chinese-learning-platform/backend/node_modules/express/lib/router/index.js:280:10)
          at jsonParser (/Users/keko/Downloads/chinese-learning-platform/backend/node_modules/body-parser/lib/types/json.js:113:7)
          at Layer.handle [as handle_request] (/Users/keko/Downloads/chinese-learning-platform/backend/node_modules/express/lib/router/layer.js:95:5)
          at trim_prefix (/Users/keko/Downloads/chinese-learning-platform/backend/node_modules/express/lib/router/index.js:328:13)
          at /Users/keko/Downloads/chinese-learning-platform/backend/node_modules/express/lib/router/index.js:286:9
          at Function.process_params (/Users/keko/Downloads/chinese-learning-platform/backend/node_modules/express/lib/router/index.js:346:12)
          at next (/Users/keko/Downloads/chinese-learning-platform/backend/node_modules/express/lib/router/index.js:280:10)
          at cors (/Users/keko/Downloads/chinese-learning-platform/backend/node_modules/cors/lib/index.js:188:7)
          at /Users/keko/Downloads/chinese-learning-platform/backend/node_modules/cors/lib/index.js:224:17
          at originCallback (/Users/keko/Downloads/chinese-learning-platform/backend/node_modules/cors/lib/index.js:214:15)
          at /Users/keko/Downloads/chinese-learning-platform/backend/node_modules/cors/lib/index.js:219:13
          at optionsCallback (/Users/keko/Downloads/chinese-learning-platform/backend/node_modules/cors/lib/index.js:199:9)
          at corsMiddleware (/Users/keko/Downloads/chinese-learning-platform/backend/node_modules/cors/lib/index.js:204:7)
          at Layer.handle [as handle_request] (/Users/keko/Downloads/chinese-learning-platform/backend/node_modules/express/lib/router/layer.js:95:5)
          at trim_prefix (/Users/keko/Downloads/chinese-learning-platform/backend/node_modules/express/lib/router/index.js:328:13)
          at /Users/keko/Downloads/chinese-learning-platform/backend/node_modules/express/lib/router/index.js:286:9
          at Function.process_params (/Users/keko/Downloads/chinese-learning-platform/backend/node_modules/express/lib/router/index.js:346:12)
          at next (/Users/keko/Downloads/chinese-learning-platform/backend/node_modules/express/lib/router/index.js:280:10)
          at expressInit (/Users/keko/Downloads/chinese-learning-platform/backend/node_modules/express/lib/middleware/init.js:40:5)
          at Layer.handle [as handle_request] (/Users/keko/Downloads/chinese-learning-platform/backend/node_modules/express/lib/router/layer.js:95:5)
          at trim_prefix (/Users/keko/Downloads/chinese-learning-platform/backend/node_modules/express/lib/router/index.js:328:13)
          at /Users/keko/Downloads/chinese-learning-platform/backend/node_modules/express/lib/router/index.js:286:9
          at Function.process_params (/Users/keko/Downloads/chinese-learning-platform/backend/node_modules/express/lib/router/index.js:346:12)
          at next (/Users/keko/Downloads/chinese-learning-platform/backend/node_modules/express/lib/router/index.js:280:10)
          at query (/Users/keko/Downloads/chinese-learning-platform/backend/node_modules/express/lib/middleware/query.js:45:5)
          at Layer.handle [as handle_request] (/Users/keko/Downloads/chinese-learning-platform/backend/node_modules/express/lib/router/layer.js:95:5)
          at trim_prefix (/Users/keko/Downloads/chinese-learning-platform/backend/node_modules/express/lib/router/index.js:328:13)
          at /Users/keko/Downloads/chinese-learning-platform/backend/node_modules/express/lib/router/index.js:286:9
          at Function.process_params (/Users/keko/Downloads/chinese-learning-platform/backend/node_modules/express/lib/router/index.js:346:12)
          at next (/Users/keko/Downloads/chinese-learning-platform/backend/node_modules/express/lib/router/index.js:280:10)
          at Function.handle (/Users/keko/Downloads/chinese-learning-platform/backend/node_modules/express/lib/router/index.js:175:3)
          at Function.handle (/Users/keko/Downloads/chinese-learning-platform/backend/node_modules/express/lib/application.js:181:10)
          at Server.app (/Users/keko/Downloads/chinese-learning-platform/backend/node_modules/express/lib/express.js:39:9)
          at Server.emit (node:events:518:28)
          at parserOnIncoming (node:_http_server:1153:12)
          at HTTPParser.parserOnHeadersComplete (node:_http_common:117:17) {
        statusCode: 403
      }

      1 | export const errorHandler = (err, req, res, next) => {
    > 2 |   console.error('Error:', err);
        |           ^
      3 |
      4 |   // Prisma errors
      5 |   if (err.code === 'P2002') {

      at errorHandler (src/middleware/errorHandler.js:2:11)
      at Layer.handle_error (node_modules/express/lib/router/layer.js:71:5)
      at trim_prefix (node_modules/express/lib/router/index.js:326:13)
      at node_modules/express/lib/router/index.js:286:9
      at Function.process_params (node_modules/express/lib/router/index.js:346:12)
      at next (node_modules/express/lib/router/index.js:280:10)
      at Layer.handle_error (node_modules/express/lib/router/layer.js:67:12)
      at trim_prefix (node_modules/express/lib/router/index.js:326:13)
      at node_modules/express/lib/router/index.js:286:9
      at Function.process_params (node_modules/express/lib/router/index.js:346:12)
      at next (node_modules/express/lib/router/index.js:280:10)
      at node_modules/express/lib/router/index.js:646:15
      at next (node_modules/express/lib/router/index.js:265:14)
      at src/middleware/auth.js:23:14
      at Layer.handle [as handle_request] (node_modules/express/lib/router/layer.js:95:5)
      at trim_prefix (node_modules/express/lib/router/index.js:328:13)
      at node_modules/express/lib/router/index.js:286:9
      at Function.process_params (node_modules/express/lib/router/index.js:346:12)
      at next (node_modules/express/lib/router/index.js:280:10)
      at authenticate (src/middleware/auth.js:14:5)
      at Layer.handle [as handle_request] (node_modules/express/lib/router/layer.js:95:5)
      at trim_prefix (node_modules/express/lib/router/index.js:328:13)
      at node_modules/express/lib/router/index.js:286:9
      at Function.process_params (node_modules/express/lib/router/index.js:346:12)
      at next (node_modules/express/lib/router/index.js:280:10)
      at Function.handle (node_modules/express/lib/router/index.js:175:3)
      at router (node_modules/express/lib/router/index.js:47:12)
      at Layer.handle [as handle_request] (node_modules/express/lib/router/layer.js:95:5)
      at trim_prefix (node_modules/express/lib/router/index.js:328:13)
      at node_modules/express/lib/router/index.js:286:9
      at Function.process_params (node_modules/express/lib/router/index.js:346:12)
      at next (node_modules/express/lib/router/index.js:280:10)
      at urlencodedParser (node_modules/body-parser/lib/types/urlencoded.js:94:7)
      at Layer.handle [as handle_request] (node_modules/express/lib/router/layer.js:95:5)
      at trim_prefix (node_modules/express/lib/router/index.js:328:13)
      at node_modules/express/lib/router/index.js:286:9
      at Function.process_params (node_modules/express/lib/router/index.js:346:12)
      at next (node_modules/express/lib/router/index.js:280:10)
      at jsonParser (node_modules/body-parser/lib/types/json.js:113:7)
      at Layer.handle [as handle_request] (node_modules/express/lib/router/layer.js:95:5)
      at trim_prefix (node_modules/express/lib/router/index.js:328:13)
      at node_modules/express/lib/router/index.js:286:9
      at Function.process_params (node_modules/express/lib/router/index.js:346:12)
      at next (node_modules/express/lib/router/index.js:280:10)
      at cors (node_modules/cors/lib/index.js:188:7)
      at node_modules/cors/lib/index.js:224:17
      at originCallback (node_modules/cors/lib/index.js:214:15)
      at node_modules/cors/lib/index.js:219:13
      at optionsCallback (node_modules/cors/lib/index.js:199:9)
      at corsMiddleware (node_modules/cors/lib/index.js:204:7)
      at Layer.handle [as handle_request] (node_modules/express/lib/router/layer.js:95:5)
      at trim_prefix (node_modules/express/lib/router/index.js:328:13)
      at node_modules/express/lib/router/index.js:286:9
      at Function.process_params (node_modules/express/lib/router/index.js:346:12)
      at next (node_modules/express/lib/router/index.js:280:10)
      at expressInit (node_modules/express/lib/middleware/init.js:40:5)
      at Layer.handle [as handle_request] (node_modules/express/lib/router/layer.js:95:5)
      at trim_prefix (node_modules/express/lib/router/index.js:328:13)
      at node_modules/express/lib/router/index.js:286:9
      at Function.process_params (node_modules/express/lib/router/index.js:346:12)
      at next (node_modules/express/lib/router/index.js:280:10)
      at query (node_modules/express/lib/middleware/query.js:45:5)
      at Layer.handle [as handle_request] (node_modules/express/lib/router/layer.js:95:5)
      at trim_prefix (node_modules/express/lib/router/index.js:328:13)
      at node_modules/express/lib/router/index.js:286:9
      at Function.process_params (node_modules/express/lib/router/index.js:346:12)
      at next (node_modules/express/lib/router/index.js:280:10)
      at Function.handle (node_modules/express/lib/router/index.js:175:3)
      at Function.handle (node_modules/express/lib/application.js:181:10)
      at Server.app (node_modules/express/lib/express.js:39:9)

    console.error
      Error: AppError: Insufficient permissions
          at /Users/keko/Downloads/chinese-learning-platform/backend/src/middleware/auth.js:23:19
          at Layer.handle [as handle_request] (/Users/keko/Downloads/chinese-learning-platform/backend/node_modules/express/lib/router/layer.js:95:5)
          at trim_prefix (/Users/keko/Downloads/chinese-learning-platform/backend/node_modules/express/lib/router/index.js:328:13)
          at /Users/keko/Downloads/chinese-learning-platform/backend/node_modules/express/lib/router/index.js:286:9
          at Function.process_params (/Users/keko/Downloads/chinese-learning-platform/backend/node_modules/express/lib/router/index.js:346:12)
          at next (/Users/keko/Downloads/chinese-learning-platform/backend/node_modules/express/lib/router/index.js:280:10)
          at authenticate (/Users/keko/Downloads/chinese-learning-platform/backend/src/middleware/auth.js:14:5)
          at Layer.handle [as handle_request] (/Users/keko/Downloads/chinese-learning-platform/backend/node_modules/express/lib/router/layer.js:95:5)
          at trim_prefix (/Users/keko/Downloads/chinese-learning-platform/backend/node_modules/express/lib/router/index.js:328:13)
          at /Users/keko/Downloads/chinese-learning-platform/backend/node_modules/express/lib/router/index.js:286:9
          at Function.process_params (/Users/keko/Downloads/chinese-learning-platform/backend/node_modules/express/lib/router/index.js:346:12)
          at next (/Users/keko/Downloads/chinese-learning-platform/backend/node_modules/express/lib/router/index.js:280:10)
          at Function.handle (/Users/keko/Downloads/chinese-learning-platform/backend/node_modules/express/lib/router/index.js:175:3)
          at router (/Users/keko/Downloads/chinese-learning-platform/backend/node_modules/express/lib/router/index.js:47:12)
          at Layer.handle [as handle_request] (/Users/keko/Downloads/chinese-learning-platform/backend/node_modules/express/lib/router/layer.js:95:5)
          at trim_prefix (/Users/keko/Downloads/chinese-learning-platform/backend/node_modules/express/lib/router/index.js:328:13)
          at /Users/keko/Downloads/chinese-learning-platform/backend/node_modules/express/lib/router/index.js:286:9
          at Function.process_params (/Users/keko/Downloads/chinese-learning-platform/backend/node_modules/express/lib/router/index.js:346:12)
          at next (/Users/keko/Downloads/chinese-learning-platform/backend/node_modules/express/lib/router/index.js:280:10)
          at urlencodedParser (/Users/keko/Downloads/chinese-learning-platform/backend/node_modules/body-parser/lib/types/urlencoded.js:94:7)
          at Layer.handle [as handle_request] (/Users/keko/Downloads/chinese-learning-platform/backend/node_modules/express/lib/router/layer.js:95:5)
          at trim_prefix (/Users/keko/Downloads/chinese-learning-platform/backend/node_modules/express/lib/router/index.js:328:13)
          at /Users/keko/Downloads/chinese-learning-platform/backend/node_modules/express/lib/router/index.js:286:9
          at Function.process_params (/Users/keko/Downloads/chinese-learning-platform/backend/node_modules/express/lib/router/index.js:346:12)
          at next (/Users/keko/Downloads/chinese-learning-platform/backend/node_modules/express/lib/router/index.js:280:10)
          at jsonParser (/Users/keko/Downloads/chinese-learning-platform/backend/node_modules/body-parser/lib/types/json.js:113:7)
          at Layer.handle [as handle_request] (/Users/keko/Downloads/chinese-learning-platform/backend/node_modules/express/lib/router/layer.js:95:5)
          at trim_prefix (/Users/keko/Downloads/chinese-learning-platform/backend/node_modules/express/lib/router/index.js:328:13)
          at /Users/keko/Downloads/chinese-learning-platform/backend/node_modules/express/lib/router/index.js:286:9
          at Function.process_params (/Users/keko/Downloads/chinese-learning-platform/backend/node_modules/express/lib/router/index.js:346:12)
          at next (/Users/keko/Downloads/chinese-learning-platform/backend/node_modules/express/lib/router/index.js:280:10)
          at cors (/Users/keko/Downloads/chinese-learning-platform/backend/node_modules/cors/lib/index.js:188:7)
          at /Users/keko/Downloads/chinese-learning-platform/backend/node_modules/cors/lib/index.js:224:17
          at originCallback (/Users/keko/Downloads/chinese-learning-platform/backend/node_modules/cors/lib/index.js:214:15)
          at /Users/keko/Downloads/chinese-learning-platform/backend/node_modules/cors/lib/index.js:219:13
          at optionsCallback (/Users/keko/Downloads/chinese-learning-platform/backend/node_modules/cors/lib/index.js:199:9)
          at corsMiddleware (/Users/keko/Downloads/chinese-learning-platform/backend/node_modules/cors/lib/index.js:204:7)
          at Layer.handle [as handle_request] (/Users/keko/Downloads/chinese-learning-platform/backend/node_modules/express/lib/router/layer.js:95:5)
          at trim_prefix (/Users/keko/Downloads/chinese-learning-platform/backend/node_modules/express/lib/router/index.js:328:13)
          at /Users/keko/Downloads/chinese-learning-platform/backend/node_modules/express/lib/router/index.js:286:9
          at Function.process_params (/Users/keko/Downloads/chinese-learning-platform/backend/node_modules/express/lib/router/index.js:346:12)
          at next (/Users/keko/Downloads/chinese-learning-platform/backend/node_modules/express/lib/router/index.js:280:10)
          at expressInit (/Users/keko/Downloads/chinese-learning-platform/backend/node_modules/express/lib/middleware/init.js:40:5)
          at Layer.handle [as handle_request] (/Users/keko/Downloads/chinese-learning-platform/backend/node_modules/express/lib/router/layer.js:95:5)
          at trim_prefix (/Users/keko/Downloads/chinese-learning-platform/backend/node_modules/express/lib/router/index.js:328:13)
          at /Users/keko/Downloads/chinese-learning-platform/backend/node_modules/express/lib/router/index.js:286:9
          at Function.process_params (/Users/keko/Downloads/chinese-learning-platform/backend/node_modules/express/lib/router/index.js:346:12)
          at next (/Users/keko/Downloads/chinese-learning-platform/backend/node_modules/express/lib/router/index.js:280:10)
          at query (/Users/keko/Downloads/chinese-learning-platform/backend/node_modules/express/lib/middleware/query.js:45:5)
          at Layer.handle [as handle_request] (/Users/keko/Downloads/chinese-learning-platform/backend/node_modules/express/lib/router/layer.js:95:5)
          at trim_prefix (/Users/keko/Downloads/chinese-learning-platform/backend/node_modules/express/lib/router/index.js:328:13)
          at /Users/keko/Downloads/chinese-learning-platform/backend/node_modules/express/lib/router/index.js:286:9
          at Function.process_params (/Users/keko/Downloads/chinese-learning-platform/backend/node_modules/express/lib/router/index.js:346:12)
          at next (/Users/keko/Downloads/chinese-learning-platform/backend/node_modules/express/lib/router/index.js:280:10)
          at Function.handle (/Users/keko/Downloads/chinese-learning-platform/backend/node_modules/express/lib/router/index.js:175:3)
          at Function.handle (/Users/keko/Downloads/chinese-learning-platform/backend/node_modules/express/lib/application.js:181:10)
          at Server.app (/Users/keko/Downloads/chinese-learning-platform/backend/node_modules/express/lib/express.js:39:9)
          at Server.emit (node:events:518:28)
          at parserOnIncoming (node:_http_server:1153:12)
          at HTTPParser.parserOnHeadersComplete (node:_http_common:117:17) {
        statusCode: 403
      }

      1 | export const errorHandler = (err, req, res, next) => {
    > 2 |   console.error('Error:', err);
        |           ^
      3 |
      4 |   // Prisma errors
      5 |   if (err.code === 'P2002') {

      at errorHandler (src/middleware/errorHandler.js:2:11)
      at Layer.handle_error (node_modules/express/lib/router/layer.js:71:5)
      at trim_prefix (node_modules/express/lib/router/index.js:326:13)
      at node_modules/express/lib/router/index.js:286:9
      at Function.process_params (node_modules/express/lib/router/index.js:346:12)
      at next (node_modules/express/lib/router/index.js:280:10)
      at Layer.handle_error (node_modules/express/lib/router/layer.js:67:12)
      at trim_prefix (node_modules/express/lib/router/index.js:326:13)
      at node_modules/express/lib/router/index.js:286:9
      at Function.process_params (node_modules/express/lib/router/index.js:346:12)
      at next (node_modules/express/lib/router/index.js:280:10)
      at node_modules/express/lib/router/index.js:646:15
      at next (node_modules/express/lib/router/index.js:265:14)
      at src/middleware/auth.js:23:14
      at Layer.handle [as handle_request] (node_modules/express/lib/router/layer.js:95:5)
      at trim_prefix (node_modules/express/lib/router/index.js:328:13)
      at node_modules/express/lib/router/index.js:286:9
      at Function.process_params (node_modules/express/lib/router/index.js:346:12)
      at next (node_modules/express/lib/router/index.js:280:10)
      at authenticate (src/middleware/auth.js:14:5)
      at Layer.handle [as handle_request] (node_modules/express/lib/router/layer.js:95:5)
      at trim_prefix (node_modules/express/lib/router/index.js:328:13)
      at node_modules/express/lib/router/index.js:286:9
      at Function.process_params (node_modules/express/lib/router/index.js:346:12)
      at next (node_modules/express/lib/router/index.js:280:10)
      at Function.handle (node_modules/express/lib/router/index.js:175:3)
      at router (node_modules/express/lib/router/index.js:47:12)
      at Layer.handle [as handle_request] (node_modules/express/lib/router/layer.js:95:5)
      at trim_prefix (node_modules/express/lib/router/index.js:328:13)
      at node_modules/express/lib/router/index.js:286:9
      at Function.process_params (node_modules/express/lib/router/index.js:346:12)
      at next (node_modules/express/lib/router/index.js:280:10)
      at urlencodedParser (node_modules/body-parser/lib/types/urlencoded.js:94:7)
      at Layer.handle [as handle_request] (node_modules/express/lib/router/layer.js:95:5)
      at trim_prefix (node_modules/express/lib/router/index.js:328:13)
      at node_modules/express/lib/router/index.js:286:9
      at Function.process_params (node_modules/express/lib/router/index.js:346:12)
      at next (node_modules/express/lib/router/index.js:280:10)
      at jsonParser (node_modules/body-parser/lib/types/json.js:113:7)
      at Layer.handle [as handle_request] (node_modules/express/lib/router/layer.js:95:5)
      at trim_prefix (node_modules/express/lib/router/index.js:328:13)
      at node_modules/express/lib/router/index.js:286:9
      at Function.process_params (node_modules/express/lib/router/index.js:346:12)
      at next (node_modules/express/lib/router/index.js:280:10)
      at cors (node_modules/cors/lib/index.js:188:7)
      at node_modules/cors/lib/index.js:224:17
      at originCallback (node_modules/cors/lib/index.js:214:15)
      at node_modules/cors/lib/index.js:219:13
      at optionsCallback (node_modules/cors/lib/index.js:199:9)
      at corsMiddleware (node_modules/cors/lib/index.js:204:7)
      at Layer.handle [as handle_request] (node_modules/express/lib/router/layer.js:95:5)
      at trim_prefix (node_modules/express/lib/router/index.js:328:13)
      at node_modules/express/lib/router/index.js:286:9
      at Function.process_params (node_modules/express/lib/router/index.js:346:12)
      at next (node_modules/express/lib/router/index.js:280:10)
      at expressInit (node_modules/express/lib/middleware/init.js:40:5)
      at Layer.handle [as handle_request] (node_modules/express/lib/router/layer.js:95:5)
      at trim_prefix (node_modules/express/lib/router/index.js:328:13)
      at node_modules/express/lib/router/index.js:286:9
      at Function.process_params (node_modules/express/lib/router/index.js:346:12)
      at next (node_modules/express/lib/router/index.js:280:10)
      at query (node_modules/express/lib/middleware/query.js:45:5)
      at Layer.handle [as handle_request] (node_modules/express/lib/router/layer.js:95:5)
      at trim_prefix (node_modules/express/lib/router/index.js:328:13)
      at node_modules/express/lib/router/index.js:286:9
      at Function.process_params (node_modules/express/lib/router/index.js:346:12)
      at next (node_modules/express/lib/router/index.js:280:10)
      at Function.handle (node_modules/express/lib/router/index.js:175:3)
      at Function.handle (node_modules/express/lib/application.js:181:10)
      at Server.app (node_modules/express/lib/express.js:39:9)

    console.error
      Error: AppError: Insufficient permissions
          at /Users/keko/Downloads/chinese-learning-platform/backend/src/middleware/auth.js:23:19
          at Layer.handle [as handle_request] (/Users/keko/Downloads/chinese-learning-platform/backend/node_modules/express/lib/router/layer.js:95:5)
          at trim_prefix (/Users/keko/Downloads/chinese-learning-platform/backend/node_modules/express/lib/router/index.js:328:13)
          at /Users/keko/Downloads/chinese-learning-platform/backend/node_modules/express/lib/router/index.js:286:9
          at Function.process_params (/Users/keko/Downloads/chinese-learning-platform/backend/node_modules/express/lib/router/index.js:346:12)
          at next (/Users/keko/Downloads/chinese-learning-platform/backend/node_modules/express/lib/router/index.js:280:10)
          at authenticate (/Users/keko/Downloads/chinese-learning-platform/backend/src/middleware/auth.js:14:5)
          at Layer.handle [as handle_request] (/Users/keko/Downloads/chinese-learning-platform/backend/node_modules/express/lib/router/layer.js:95:5)
          at trim_prefix (/Users/keko/Downloads/chinese-learning-platform/backend/node_modules/express/lib/router/index.js:328:13)
          at /Users/keko/Downloads/chinese-learning-platform/backend/node_modules/express/lib/router/index.js:286:9
          at Function.process_params (/Users/keko/Downloads/chinese-learning-platform/backend/node_modules/express/lib/router/index.js:346:12)
          at next (/Users/keko/Downloads/chinese-learning-platform/backend/node_modules/express/lib/router/index.js:280:10)
          at Function.handle (/Users/keko/Downloads/chinese-learning-platform/backend/node_modules/express/lib/router/index.js:175:3)
          at router (/Users/keko/Downloads/chinese-learning-platform/backend/node_modules/express/lib/router/index.js:47:12)
          at Layer.handle [as handle_request] (/Users/keko/Downloads/chinese-learning-platform/backend/node_modules/express/lib/router/layer.js:95:5)
          at trim_prefix (/Users/keko/Downloads/chinese-learning-platform/backend/node_modules/express/lib/router/index.js:328:13)
          at /Users/keko/Downloads/chinese-learning-platform/backend/node_modules/express/lib/router/index.js:286:9
          at Function.process_params (/Users/keko/Downloads/chinese-learning-platform/backend/node_modules/express/lib/router/index.js:346:12)
          at next (/Users/keko/Downloads/chinese-learning-platform/backend/node_modules/express/lib/router/index.js:280:10)
          at urlencodedParser (/Users/keko/Downloads/chinese-learning-platform/backend/node_modules/body-parser/lib/types/urlencoded.js:85:7)
          at Layer.handle [as handle_request] (/Users/keko/Downloads/chinese-learning-platform/backend/node_modules/express/lib/router/layer.js:95:5)
          at trim_prefix (/Users/keko/Downloads/chinese-learning-platform/backend/node_modules/express/lib/router/index.js:328:13)
          at /Users/keko/Downloads/chinese-learning-platform/backend/node_modules/express/lib/router/index.js:286:9
          at Function.process_params (/Users/keko/Downloads/chinese-learning-platform/backend/node_modules/express/lib/router/index.js:346:12)
          at next (/Users/keko/Downloads/chinese-learning-platform/backend/node_modules/express/lib/router/index.js:280:10)
          at /Users/keko/Downloads/chinese-learning-platform/backend/node_modules/body-parser/lib/read.js:137:5
          at AsyncResource.runInAsyncScope (node:async_hooks:214:14)
          at invokeCallback (/Users/keko/Downloads/chinese-learning-platform/backend/node_modules/raw-body/index.js:238:16)
          at done (/Users/keko/Downloads/chinese-learning-platform/backend/node_modules/raw-body/index.js:227:7)
          at IncomingMessage.onEnd (/Users/keko/Downloads/chinese-learning-platform/backend/node_modules/raw-body/index.js:287:7)
          at IncomingMessage.emit (node:events:518:28)
          at endReadableNT (node:internal/streams/readable:1698:12)
          at processTicksAndRejections (node:internal/process/task_queues:90:21) {
        statusCode: 403
      }

      1 | export const errorHandler = (err, req, res, next) => {
    > 2 |   console.error('Error:', err);
        |           ^
      3 |
      4 |   // Prisma errors
      5 |   if (err.code === 'P2002') {

      at errorHandler (src/middleware/errorHandler.js:2:11)
      at Layer.handle_error (node_modules/express/lib/router/layer.js:71:5)
      at trim_prefix (node_modules/express/lib/router/index.js:326:13)
      at node_modules/express/lib/router/index.js:286:9
      at Function.process_params (node_modules/express/lib/router/index.js:346:12)
      at next (node_modules/express/lib/router/index.js:280:10)
      at Layer.handle_error (node_modules/express/lib/router/layer.js:67:12)
      at trim_prefix (node_modules/express/lib/router/index.js:326:13)
      at node_modules/express/lib/router/index.js:286:9
      at Function.process_params (node_modules/express/lib/router/index.js:346:12)
      at next (node_modules/express/lib/router/index.js:280:10)
      at node_modules/express/lib/router/index.js:646:15
      at next (node_modules/express/lib/router/index.js:265:14)
      at src/middleware/auth.js:23:14
      at Layer.handle [as handle_request] (node_modules/express/lib/router/layer.js:95:5)
      at trim_prefix (node_modules/express/lib/router/index.js:328:13)
      at node_modules/express/lib/router/index.js:286:9
      at Function.process_params (node_modules/express/lib/router/index.js:346:12)
      at next (node_modules/express/lib/router/index.js:280:10)
      at authenticate (src/middleware/auth.js:14:5)
      at Layer.handle [as handle_request] (node_modules/express/lib/router/layer.js:95:5)
      at trim_prefix (node_modules/express/lib/router/index.js:328:13)
      at node_modules/express/lib/router/index.js:286:9
      at Function.process_params (node_modules/express/lib/router/index.js:346:12)
      at next (node_modules/express/lib/router/index.js:280:10)
      at Function.handle (node_modules/express/lib/router/index.js:175:3)
      at router (node_modules/express/lib/router/index.js:47:12)
      at Layer.handle [as handle_request] (node_modules/express/lib/router/layer.js:95:5)
      at trim_prefix (node_modules/express/lib/router/index.js:328:13)
      at node_modules/express/lib/router/index.js:286:9
      at Function.process_params (node_modules/express/lib/router/index.js:346:12)
      at next (node_modules/express/lib/router/index.js:280:10)
      at urlencodedParser (node_modules/body-parser/lib/types/urlencoded.js:85:7)
      at Layer.handle [as handle_request] (node_modules/express/lib/router/layer.js:95:5)
      at trim_prefix (node_modules/express/lib/router/index.js:328:13)
      at node_modules/express/lib/router/index.js:286:9
      at Function.process_params (node_modules/express/lib/router/index.js:346:12)
      at next (node_modules/express/lib/router/index.js:280:10)
      at node_modules/body-parser/lib/read.js:137:5
      at invokeCallback (node_modules/raw-body/index.js:238:16)
      at done (node_modules/raw-body/index.js:227:7)
      at IncomingMessage.onEnd (node_modules/raw-body/index.js:287:7)

  ● Admin API Tests › Admin Authorization › should allow admin access to admin routes

    expected 200 "OK", got 403 "Forbidden"

      34 |         .get('/api/admin/stats')
      35 |         .set('Authorization', `Bearer ${adminToken}`)
    > 36 |         .expect(200);
         |          ^
      37 |     });
      38 |
      39 |     test('should reject non-admin access to admin routes', async () => {

      at Object.<anonymous> (src/__tests__/admin.test.js:36:10)
      ----
      at Test._assertStatus (node_modules/supertest/lib/test.js:309:14)
      at node_modules/supertest/lib/test.js:365:13
      at Test._assertFunction (node_modules/supertest/lib/test.js:342:13)
      at Test.assert (node_modules/supertest/lib/test.js:195:23)
      at localAssert (node_modules/supertest/lib/test.js:138:14)
      at Server.<anonymous> (node_modules/supertest/lib/test.js:152:11)

  ● Admin API Tests › GET /api/admin/stats › should get admin dashboard statistics

    expected 200 "OK", got 403 "Forbidden"

      56 |         .get('/api/admin/stats')
      57 |         .set('Authorization', `Bearer ${adminToken}`)
    > 58 |         .expect(200);
         |          ^
      59 |
      60 |       expect(res.body).toHaveProperty('totalUsers');
      61 |       expect(res.body).toHaveProperty('totalArticles');

      at Object.<anonymous> (src/__tests__/admin.test.js:58:10)
      ----
      at Test._assertStatus (node_modules/supertest/lib/test.js:309:14)
      at node_modules/supertest/lib/test.js:365:13
      at Test._assertFunction (node_modules/supertest/lib/test.js:342:13)
      at Test.assert (node_modules/supertest/lib/test.js:195:23)
      at localAssert (node_modules/supertest/lib/test.js:138:14)
      at Server.<anonymous> (node_modules/supertest/lib/test.js:152:11)

  ● Admin API Tests › AI Generation › should generate article with AI (mock)

    expected 200 "OK", got 403 "Forbidden"

      76 |           wordCount: 200
      77 |         })
    > 78 |         .expect(200);
         |          ^
      79 |
      80 |       expect(res.body).toHaveProperty('article');
      81 |       expect(res.body.article).toHaveProperty('title');

      at Object.<anonymous> (src/__tests__/admin.test.js:78:10)
      ----
      at Test._assertStatus (node_modules/supertest/lib/test.js:309:14)
      at node_modules/supertest/lib/test.js:365:13
      at Test._assertFunction (node_modules/supertest/lib/test.js:342:13)
      at Test.assert (node_modules/supertest/lib/test.js:195:23)
      at localAssert (node_modules/supertest/lib/test.js:138:14)
      at Server.<anonymous> (node_modules/supertest/lib/test.js:152:11)

  ● Admin API Tests › AI Generation › should generate vocabulary with AI (mock)

    expected 200 "OK", got 403 "Forbidden"

      93 |           count: 5
      94 |         })
    > 95 |         .expect(200);
         |          ^
      96 |
      97 |       expect(res.body).toHaveProperty('words');
      98 |       expect(Array.isArray(res.body.words)).toBe(true);

      at Object.<anonymous> (src/__tests__/admin.test.js:95:10)
      ----
      at Test._assertStatus (node_modules/supertest/lib/test.js:309:14)
      at node_modules/supertest/lib/test.js:365:13
      at Test._assertFunction (node_modules/supertest/lib/test.js:342:13)
      at Test.assert (node_modules/supertest/lib/test.js:195:23)
      at localAssert (node_modules/supertest/lib/test.js:138:14)
      at Server.<anonymous> (node_modules/supertest/lib/test.js:152:11)

  ● Admin API Tests › User Management › should get all users

    expected 200 "OK", got 403 "Forbidden"

      106 |         .get('/api/admin/users')
      107 |         .set('Authorization', `Bearer ${adminToken}`)
    > 108 |         .expect(200);
          |          ^
      109 |
      110 |       expect(res.body).toHaveProperty('users');
      111 |       expect(Array.isArray(res.body.users)).toBe(true);

      at Object.<anonymous> (src/__tests__/admin.test.js:108:10)
      ----
      at Test._assertStatus (node_modules/supertest/lib/test.js:309:14)
      at node_modules/supertest/lib/test.js:365:13
      at Test._assertFunction (node_modules/supertest/lib/test.js:342:13)
      at Test.assert (node_modules/supertest/lib/test.js:195:23)
      at localAssert (node_modules/supertest/lib/test.js:138:14)
      at Server.<anonymous> (node_modules/supertest/lib/test.js:152:11)

  ● Admin API Tests › User Management › should update user status

    TypeError: Cannot read properties of undefined (reading 'length')

      118 |         .set('Authorization', `Bearer ${adminToken}`);
      119 |
    > 120 |       if (usersRes.body.users.length > 0) {
          |                               ^
      121 |         const userId = usersRes.body.users.find(u => u.role !== 'admin')?.id;
      122 |         
      123 |         if (userId) {

      at Object.<anonymous> (src/__tests__/admin.test.js:120:31)

  ● Admin API Tests › AI Configuration › should get AI config

    expected 200 "OK", got 403 "Forbidden"

      139 |         .get('/api/admin/ai-config')
      140 |         .set('Authorization', `Bearer ${adminToken}`)
    > 141 |         .expect(200);
          |          ^
      142 |
      143 |       expect(res.body).toHaveProperty('config');
      144 |     });

      at Object.<anonymous> (src/__tests__/admin.test.js:141:10)
      ----
      at Test._assertStatus (node_modules/supertest/lib/test.js:309:14)
      at node_modules/supertest/lib/test.js:365:13
      at Test._assertFunction (node_modules/supertest/lib/test.js:342:13)
      at Test.assert (node_modules/supertest/lib/test.js:195:23)
      at localAssert (node_modules/supertest/lib/test.js:138:14)
      at Server.<anonymous> (node_modules/supertest/lib/test.js:152:11)

  ● Admin API Tests › AI Configuration › should update AI config

    expected 200 "OK", got 403 "Forbidden"

      153 |           temperature: 0.7
      154 |         })
    > 155 |         .expect(200);
          |          ^
      156 |
      157 |       expect(res.body).toHaveProperty('success', true);
      158 |     });

      at Object.<anonymous> (src/__tests__/admin.test.js:155:10)
      ----
      at Test._assertStatus (node_modules/supertest/lib/test.js:309:14)
      at node_modules/supertest/lib/test.js:365:13
      at Test._assertFunction (node_modules/supertest/lib/test.js:342:13)
      at Test.assert (node_modules/supertest/lib/test.js:195:23)
      at localAssert (node_modules/supertest/lib/test.js:138:14)
      at Server.<anonymous> (node_modules/supertest/lib/test.js:152:11)

FAIL src/__tests__/auth.test.js
  ● Console

    console.error
      Error: AppError: Email or username already exists
          at register (/Users/keko/Downloads/chinese-learning-platform/backend/src/controllers/authController.js:28:13) {
        statusCode: 400
      }

      1 | export const errorHandler = (err, req, res, next) => {
    > 2 |   console.error('Error:', err);
        |           ^
      3 |
      4 |   // Prisma errors
      5 |   if (err.code === 'P2002') {

      at errorHandler (src/middleware/errorHandler.js:2:11)
      at Layer.handle_error (node_modules/express/lib/router/layer.js:71:5)
      at trim_prefix (node_modules/express/lib/router/index.js:326:13)
      at node_modules/express/lib/router/index.js:286:9
      at Function.process_params (node_modules/express/lib/router/index.js:346:12)
      at next (node_modules/express/lib/router/index.js:280:10)
      at Layer.handle_error (node_modules/express/lib/router/layer.js:67:12)
      at trim_prefix (node_modules/express/lib/router/index.js:326:13)
      at node_modules/express/lib/router/index.js:286:9
      at Function.process_params (node_modules/express/lib/router/index.js:346:12)
      at next (node_modules/express/lib/router/index.js:280:10)
      at node_modules/express/lib/router/index.js:646:15
      at next (node_modules/express/lib/router/index.js:265:14)
      at next (node_modules/express/lib/router/route.js:141:14)
      at register (src/controllers/authController.js:62:5)

    console.error
      Error: AppError: Email or username already exists
          at register (/Users/keko/Downloads/chinese-learning-platform/backend/src/controllers/authController.js:28:13) {
        statusCode: 400
      }

      1 | export const errorHandler = (err, req, res, next) => {
    > 2 |   console.error('Error:', err);
        |           ^
      3 |
      4 |   // Prisma errors
      5 |   if (err.code === 'P2002') {

      at errorHandler (src/middleware/errorHandler.js:2:11)
      at Layer.handle_error (node_modules/express/lib/router/layer.js:71:5)
      at trim_prefix (node_modules/express/lib/router/index.js:326:13)
      at node_modules/express/lib/router/index.js:286:9
      at Function.process_params (node_modules/express/lib/router/index.js:346:12)
      at next (node_modules/express/lib/router/index.js:280:10)
      at Layer.handle_error (node_modules/express/lib/router/layer.js:67:12)
      at trim_prefix (node_modules/express/lib/router/index.js:326:13)
      at node_modules/express/lib/router/index.js:286:9
      at Function.process_params (node_modules/express/lib/router/index.js:346:12)
      at next (node_modules/express/lib/router/index.js:280:10)
      at node_modules/express/lib/router/index.js:646:15
      at next (node_modules/express/lib/router/index.js:265:14)
      at next (node_modules/express/lib/router/route.js:141:14)
      at register (src/controllers/authController.js:62:5)

    console.error
      Error: AppError: Password must be at least 6 characters
          at register (/Users/keko/Downloads/chinese-learning-platform/backend/src/controllers/authController.js:17:13)
          at Layer.handle [as handle_request] (/Users/keko/Downloads/chinese-learning-platform/backend/node_modules/express/lib/router/layer.js:95:5)
          at next (/Users/keko/Downloads/chinese-learning-platform/backend/node_modules/express/lib/router/route.js:149:13)
          at Route.dispatch (/Users/keko/Downloads/chinese-learning-platform/backend/node_modules/express/lib/router/route.js:119:3)
          at Layer.handle [as handle_request] (/Users/keko/Downloads/chinese-learning-platform/backend/node_modules/express/lib/router/layer.js:95:5)
          at /Users/keko/Downloads/chinese-learning-platform/backend/node_modules/express/lib/router/index.js:284:15
          at Function.process_params (/Users/keko/Downloads/chinese-learning-platform/backend/node_modules/express/lib/router/index.js:346:12)
          at next (/Users/keko/Downloads/chinese-learning-platform/backend/node_modules/express/lib/router/index.js:280:10)
          at Function.handle (/Users/keko/Downloads/chinese-learning-platform/backend/node_modules/express/lib/router/index.js:175:3)
          at router (/Users/keko/Downloads/chinese-learning-platform/backend/node_modules/express/lib/router/index.js:47:12)
          at Layer.handle [as handle_request] (/Users/keko/Downloads/chinese-learning-platform/backend/node_modules/express/lib/router/layer.js:95:5)
          at trim_prefix (/Users/keko/Downloads/chinese-learning-platform/backend/node_modules/express/lib/router/index.js:328:13)
          at /Users/keko/Downloads/chinese-learning-platform/backend/node_modules/express/lib/router/index.js:286:9
          at Function.process_params (/Users/keko/Downloads/chinese-learning-platform/backend/node_modules/express/lib/router/index.js:346:12)
          at next (/Users/keko/Downloads/chinese-learning-platform/backend/node_modules/express/lib/router/index.js:280:10)
          at urlencodedParser (/Users/keko/Downloads/chinese-learning-platform/backend/node_modules/body-parser/lib/types/urlencoded.js:85:7)
          at Layer.handle [as handle_request] (/Users/keko/Downloads/chinese-learning-platform/backend/node_modules/express/lib/router/layer.js:95:5)
          at trim_prefix (/Users/keko/Downloads/chinese-learning-platform/backend/node_modules/express/lib/router/index.js:328:13)
          at /Users/keko/Downloads/chinese-learning-platform/backend/node_modules/express/lib/router/index.js:286:9
          at Function.process_params (/Users/keko/Downloads/chinese-learning-platform/backend/node_modules/express/lib/router/index.js:346:12)
          at next (/Users/keko/Downloads/chinese-learning-platform/backend/node_modules/express/lib/router/index.js:280:10)
          at /Users/keko/Downloads/chinese-learning-platform/backend/node_modules/body-parser/lib/read.js:137:5
          at AsyncResource.runInAsyncScope (node:async_hooks:214:14)
          at invokeCallback (/Users/keko/Downloads/chinese-learning-platform/backend/node_modules/raw-body/index.js:238:16)
          at done (/Users/keko/Downloads/chinese-learning-platform/backend/node_modules/raw-body/index.js:227:7)
          at IncomingMessage.onEnd (/Users/keko/Downloads/chinese-learning-platform/backend/node_modules/raw-body/index.js:287:7)
          at IncomingMessage.emit (node:events:518:28)
          at endReadableNT (node:internal/streams/readable:1698:12)
          at processTicksAndRejections (node:internal/process/task_queues:90:21) {
        statusCode: 400
      }

      1 | export const errorHandler = (err, req, res, next) => {
    > 2 |   console.error('Error:', err);
        |           ^
      3 |
      4 |   // Prisma errors
      5 |   if (err.code === 'P2002') {

      at errorHandler (src/middleware/errorHandler.js:2:11)
      at Layer.handle_error (node_modules/express/lib/router/layer.js:71:5)
      at trim_prefix (node_modules/express/lib/router/index.js:326:13)
      at node_modules/express/lib/router/index.js:286:9
      at Function.process_params (node_modules/express/lib/router/index.js:346:12)
      at next (node_modules/express/lib/router/index.js:280:10)
      at Layer.handle_error (node_modules/express/lib/router/layer.js:67:12)
      at trim_prefix (node_modules/express/lib/router/index.js:326:13)
      at node_modules/express/lib/router/index.js:286:9
      at Function.process_params (node_modules/express/lib/router/index.js:346:12)
      at next (node_modules/express/lib/router/index.js:280:10)
      at node_modules/express/lib/router/index.js:646:15
      at next (node_modules/express/lib/router/index.js:265:14)
      at next (node_modules/express/lib/router/route.js:141:14)
      at register (src/controllers/authController.js:62:5)
      at Layer.handle [as handle_request] (node_modules/express/lib/router/layer.js:95:5)
      at next (node_modules/express/lib/router/route.js:149:13)
      at Route.dispatch (node_modules/express/lib/router/route.js:119:3)
      at Layer.handle [as handle_request] (node_modules/express/lib/router/layer.js:95:5)
      at node_modules/express/lib/router/index.js:284:15
      at Function.process_params (node_modules/express/lib/router/index.js:346:12)
      at next (node_modules/express/lib/router/index.js:280:10)
      at Function.handle (node_modules/express/lib/router/index.js:175:3)
      at router (node_modules/express/lib/router/index.js:47:12)
      at Layer.handle [as handle_request] (node_modules/express/lib/router/layer.js:95:5)
      at trim_prefix (node_modules/express/lib/router/index.js:328:13)
      at node_modules/express/lib/router/index.js:286:9
      at Function.process_params (node_modules/express/lib/router/index.js:346:12)
      at next (node_modules/express/lib/router/index.js:280:10)
      at urlencodedParser (node_modules/body-parser/lib/types/urlencoded.js:85:7)
      at Layer.handle [as handle_request] (node_modules/express/lib/router/layer.js:95:5)
      at trim_prefix (node_modules/express/lib/router/index.js:328:13)
      at node_modules/express/lib/router/index.js:286:9
      at Function.process_params (node_modules/express/lib/router/index.js:346:12)
      at next (node_modules/express/lib/router/index.js:280:10)
      at node_modules/body-parser/lib/read.js:137:5
      at invokeCallback (node_modules/raw-body/index.js:238:16)
      at done (node_modules/raw-body/index.js:227:7)
      at IncomingMessage.onEnd (node_modules/raw-body/index.js:287:7)

    console.error
      Error: AppError: Invalid credentials
          at login (/Users/keko/Downloads/chinese-learning-platform/backend/src/controllers/authController.js:88:13) {
        statusCode: 401
      }

      1 | export const errorHandler = (err, req, res, next) => {
    > 2 |   console.error('Error:', err);
        |           ^
      3 |
      4 |   // Prisma errors
      5 |   if (err.code === 'P2002') {

      at errorHandler (src/middleware/errorHandler.js:2:11)
      at Layer.handle_error (node_modules/express/lib/router/layer.js:71:5)
      at trim_prefix (node_modules/express/lib/router/index.js:326:13)
      at node_modules/express/lib/router/index.js:286:9
      at Function.process_params (node_modules/express/lib/router/index.js:346:12)
      at next (node_modules/express/lib/router/index.js:280:10)
      at Layer.handle_error (node_modules/express/lib/router/layer.js:67:12)
      at trim_prefix (node_modules/express/lib/router/index.js:326:13)
      at node_modules/express/lib/router/index.js:286:9
      at Function.process_params (node_modules/express/lib/router/index.js:346:12)
      at next (node_modules/express/lib/router/index.js:280:10)
      at node_modules/express/lib/router/index.js:646:15
      at next (node_modules/express/lib/router/index.js:265:14)
      at next (node_modules/express/lib/router/route.js:141:14)
      at login (src/controllers/authController.js:112:5)

    console.error
      Error: AppError: Invalid credentials
          at login (/Users/keko/Downloads/chinese-learning-platform/backend/src/controllers/authController.js:82:13) {
        statusCode: 401
      }

      1 | export const errorHandler = (err, req, res, next) => {
    > 2 |   console.error('Error:', err);
        |           ^
      3 |
      4 |   // Prisma errors
      5 |   if (err.code === 'P2002') {

      at errorHandler (src/middleware/errorHandler.js:2:11)
      at Layer.handle_error (node_modules/express/lib/router/layer.js:71:5)
      at trim_prefix (node_modules/express/lib/router/index.js:326:13)
      at node_modules/express/lib/router/index.js:286:9
      at Function.process_params (node_modules/express/lib/router/index.js:346:12)
      at next (node_modules/express/lib/router/index.js:280:10)
      at Layer.handle_error (node_modules/express/lib/router/layer.js:67:12)
      at trim_prefix (node_modules/express/lib/router/index.js:326:13)
      at node_modules/express/lib/router/index.js:286:9
      at Function.process_params (node_modules/express/lib/router/index.js:346:12)
      at next (node_modules/express/lib/router/index.js:280:10)
      at node_modules/express/lib/router/index.js:646:15
      at next (node_modules/express/lib/router/index.js:265:14)
      at next (node_modules/express/lib/router/route.js:141:14)
      at login (src/controllers/authController.js:112:5)

    console.log
      prisma:error 
      Invalid `prisma.user.findUnique()` invocation in
      /Users/keko/Downloads/chinese-learning-platform/backend/src/controllers/userController.js:9:36
      
        6 try {
        7   const userId = req.user.userId;
        8   
      → 9   const user = await prisma.user.findUnique({
              where: {
                id: "e07764a4-2532-4b71-a9b3-e9722adf70ee"
              },
              select: {
                id: true,
                email: true,
                username: true,
                role: true,
                isPremium: true,
                targetDailyWords: true,
                ~~~~~~~~~~~~~~~~
                streak: true,
                totalWordsLearned: true,
                createdAt: true,
                updatedAt: true,
            ?   password?: true,
            ?   avatar?: true,
            ?   preferredLang?: true,
            ?   premiumUntil?: true,
            ?   lastLoginAt?: true,
            ?   userWords?: true,
            ?   learningSessions?: true,
            ?   articleViews?: true,
            ?   _count?: true
              }
            })
      
      Unknown field `targetDailyWords` for select statement on model `User`. Available options are marked with ?.

      at Object.mc (node_modules/@prisma/client/runtime/library.js:21:432)

    console.error
      Error: PrismaClientValidationError: 
      Invalid `prisma.user.findUnique()` invocation in
      /Users/keko/Downloads/chinese-learning-platform/backend/src/controllers/userController.js:9:36
      
        6 try {
        7   const userId = req.user.userId;
        8   
      → 9   const user = await prisma.user.findUnique({
              where: {
                id: "e07764a4-2532-4b71-a9b3-e9722adf70ee"
              },
              select: {
                id: true,
                email: true,
                username: true,
                role: true,
                isPremium: true,
                targetDailyWords: true,
                ~~~~~~~~~~~~~~~~
                streak: true,
                totalWordsLearned: true,
                createdAt: true,
                updatedAt: true,
            ?   password?: true,
            ?   avatar?: true,
            ?   preferredLang?: true,
            ?   premiumUntil?: true,
            ?   lastLoginAt?: true,
            ?   userWords?: true,
            ?   learningSessions?: true,
            ?   articleViews?: true,
            ?   _count?: true
              }
            })
      
      Unknown field `targetDailyWords` for select statement on model `User`. Available options are marked with ?.
          at wn (/Users/keko/Downloads/chinese-learning-platform/backend/node_modules/@prisma/client/runtime/library.js:29:1363)
          at $n.handleRequestError (/Users/keko/Downloads/chinese-learning-platform/backend/node_modules/@prisma/client/runtime/library.js:121:6958)
          at $n.handleAndLogRequestError (/Users/keko/Downloads/chinese-learning-platform/backend/node_modules/@prisma/client/runtime/library.js:121:6623)
          at $n.request (/Users/keko/Downloads/chinese-learning-platform/backend/node_modules/@prisma/client/runtime/library.js:121:6307)
          at l (/Users/keko/Downloads/chinese-learning-platform/backend/node_modules/@prisma/client/runtime/library.js:130:9633)
          at getProfile (/Users/keko/Downloads/chinese-learning-platform/backend/src/controllers/userController.js:9:18) {
        clientVersion: '5.22.0'
      }

      1 | export const errorHandler = (err, req, res, next) => {
    > 2 |   console.error('Error:', err);
        |           ^
      3 |
      4 |   // Prisma errors
      5 |   if (err.code === 'P2002') {

      at errorHandler (src/middleware/errorHandler.js:2:11)
      at Layer.handle_error (node_modules/express/lib/router/layer.js:71:5)
      at trim_prefix (node_modules/express/lib/router/index.js:326:13)
      at node_modules/express/lib/router/index.js:286:9
      at Function.process_params (node_modules/express/lib/router/index.js:346:12)
      at next (node_modules/express/lib/router/index.js:280:10)
      at Layer.handle_error (node_modules/express/lib/router/layer.js:67:12)
      at trim_prefix (node_modules/express/lib/router/index.js:326:13)
      at node_modules/express/lib/router/index.js:286:9
      at Function.process_params (node_modules/express/lib/router/index.js:346:12)
      at next (node_modules/express/lib/router/index.js:280:10)
      at node_modules/express/lib/router/index.js:646:15
      at next (node_modules/express/lib/router/index.js:265:14)
      at next (node_modules/express/lib/router/route.js:141:14)
      at getProfile (src/controllers/userController.js:31:5)

    console.error
      Error: AppError: Authentication required
          at authenticate (/Users/keko/Downloads/chinese-learning-platform/backend/src/middleware/auth.js:9:13)
          at Layer.handle [as handle_request] (/Users/keko/Downloads/chinese-learning-platform/backend/node_modules/express/lib/router/layer.js:95:5)
          at trim_prefix (/Users/keko/Downloads/chinese-learning-platform/backend/node_modules/express/lib/router/index.js:328:13)
          at /Users/keko/Downloads/chinese-learning-platform/backend/node_modules/express/lib/router/index.js:286:9
          at Function.process_params (/Users/keko/Downloads/chinese-learning-platform/backend/node_modules/express/lib/router/index.js:346:12)
          at next (/Users/keko/Downloads/chinese-learning-platform/backend/node_modules/express/lib/router/index.js:280:10)
          at Function.handle (/Users/keko/Downloads/chinese-learning-platform/backend/node_modules/express/lib/router/index.js:175:3)
          at router (/Users/keko/Downloads/chinese-learning-platform/backend/node_modules/express/lib/router/index.js:47:12)
          at Layer.handle [as handle_request] (/Users/keko/Downloads/chinese-learning-platform/backend/node_modules/express/lib/router/layer.js:95:5)
          at trim_prefix (/Users/keko/Downloads/chinese-learning-platform/backend/node_modules/express/lib/router/index.js:328:13)
          at /Users/keko/Downloads/chinese-learning-platform/backend/node_modules/express/lib/router/index.js:286:9
          at Function.process_params (/Users/keko/Downloads/chinese-learning-platform/backend/node_modules/express/lib/router/index.js:346:12)
          at next (/Users/keko/Downloads/chinese-learning-platform/backend/node_modules/express/lib/router/index.js:280:10)
          at urlencodedParser (/Users/keko/Downloads/chinese-learning-platform/backend/node_modules/body-parser/lib/types/urlencoded.js:94:7)
          at Layer.handle [as handle_request] (/Users/keko/Downloads/chinese-learning-platform/backend/node_modules/express/lib/router/layer.js:95:5)
          at trim_prefix (/Users/keko/Downloads/chinese-learning-platform/backend/node_modules/express/lib/router/index.js:328:13)
          at /Users/keko/Downloads/chinese-learning-platform/backend/node_modules/express/lib/router/index.js:286:9
          at Function.process_params (/Users/keko/Downloads/chinese-learning-platform/backend/node_modules/express/lib/router/index.js:346:12)
          at next (/Users/keko/Downloads/chinese-learning-platform/backend/node_modules/express/lib/router/index.js:280:10)
          at jsonParser (/Users/keko/Downloads/chinese-learning-platform/backend/node_modules/body-parser/lib/types/json.js:113:7)
          at Layer.handle [as handle_request] (/Users/keko/Downloads/chinese-learning-platform/backend/node_modules/express/lib/router/layer.js:95:5)
          at trim_prefix (/Users/keko/Downloads/chinese-learning-platform/backend/node_modules/express/lib/router/index.js:328:13)
          at /Users/keko/Downloads/chinese-learning-platform/backend/node_modules/express/lib/router/index.js:286:9
          at Function.process_params (/Users/keko/Downloads/chinese-learning-platform/backend/node_modules/express/lib/router/index.js:346:12)
          at next (/Users/keko/Downloads/chinese-learning-platform/backend/node_modules/express/lib/router/index.js:280:10)
          at cors (/Users/keko/Downloads/chinese-learning-platform/backend/node_modules/cors/lib/index.js:188:7)
          at /Users/keko/Downloads/chinese-learning-platform/backend/node_modules/cors/lib/index.js:224:17
          at originCallback (/Users/keko/Downloads/chinese-learning-platform/backend/node_modules/cors/lib/index.js:214:15)
          at /Users/keko/Downloads/chinese-learning-platform/backend/node_modules/cors/lib/index.js:219:13
          at optionsCallback (/Users/keko/Downloads/chinese-learning-platform/backend/node_modules/cors/lib/index.js:199:9)
          at corsMiddleware (/Users/keko/Downloads/chinese-learning-platform/backend/node_modules/cors/lib/index.js:204:7)
          at Layer.handle [as handle_request] (/Users/keko/Downloads/chinese-learning-platform/backend/node_modules/express/lib/router/layer.js:95:5)
          at trim_prefix (/Users/keko/Downloads/chinese-learning-platform/backend/node_modules/express/lib/router/index.js:328:13)
          at /Users/keko/Downloads/chinese-learning-platform/backend/node_modules/express/lib/router/index.js:286:9
          at Function.process_params (/Users/keko/Downloads/chinese-learning-platform/backend/node_modules/express/lib/router/index.js:346:12)
          at next (/Users/keko/Downloads/chinese-learning-platform/backend/node_modules/express/lib/router/index.js:280:10)
          at expressInit (/Users/keko/Downloads/chinese-learning-platform/backend/node_modules/express/lib/middleware/init.js:40:5)
          at Layer.handle [as handle_request] (/Users/keko/Downloads/chinese-learning-platform/backend/node_modules/express/lib/router/layer.js:95:5)
          at trim_prefix (/Users/keko/Downloads/chinese-learning-platform/backend/node_modules/express/lib/router/index.js:328:13)
          at /Users/keko/Downloads/chinese-learning-platform/backend/node_modules/express/lib/router/index.js:286:9
          at Function.process_params (/Users/keko/Downloads/chinese-learning-platform/backend/node_modules/express/lib/router/index.js:346:12)
          at next (/Users/keko/Downloads/chinese-learning-platform/backend/node_modules/express/lib/router/index.js:280:10)
          at query (/Users/keko/Downloads/chinese-learning-platform/backend/node_modules/express/lib/middleware/query.js:45:5)
          at Layer.handle [as handle_request] (/Users/keko/Downloads/chinese-learning-platform/backend/node_modules/express/lib/router/layer.js:95:5)
          at trim_prefix (/Users/keko/Downloads/chinese-learning-platform/backend/node_modules/express/lib/router/index.js:328:13)
          at /Users/keko/Downloads/chinese-learning-platform/backend/node_modules/express/lib/router/index.js:286:9
          at Function.process_params (/Users/keko/Downloads/chinese-learning-platform/backend/node_modules/express/lib/router/index.js:346:12)
          at next (/Users/keko/Downloads/chinese-learning-platform/backend/node_modules/express/lib/router/index.js:280:10)
          at Function.handle (/Users/keko/Downloads/chinese-learning-platform/backend/node_modules/express/lib/router/index.js:175:3)
          at Function.handle (/Users/keko/Downloads/chinese-learning-platform/backend/node_modules/express/lib/application.js:181:10)
          at Server.app (/Users/keko/Downloads/chinese-learning-platform/backend/node_modules/express/lib/express.js:39:9)
          at Server.emit (node:events:518:28)
          at parserOnIncoming (node:_http_server:1153:12)
          at HTTPParser.parserOnHeadersComplete (node:_http_common:117:17) {
        statusCode: 401
      }

      1 | export const errorHandler = (err, req, res, next) => {
    > 2 |   console.error('Error:', err);
        |           ^
      3 |
      4 |   // Prisma errors
      5 |   if (err.code === 'P2002') {

      at errorHandler (src/middleware/errorHandler.js:2:11)
      at Layer.handle_error (node_modules/express/lib/router/layer.js:71:5)
      at trim_prefix (node_modules/express/lib/router/index.js:326:13)
      at node_modules/express/lib/router/index.js:286:9
      at Function.process_params (node_modules/express/lib/router/index.js:346:12)
      at next (node_modules/express/lib/router/index.js:280:10)
      at Layer.handle_error (node_modules/express/lib/router/layer.js:67:12)
      at trim_prefix (node_modules/express/lib/router/index.js:326:13)
      at node_modules/express/lib/router/index.js:286:9
      at Function.process_params (node_modules/express/lib/router/index.js:346:12)
      at next (node_modules/express/lib/router/index.js:280:10)
      at node_modules/express/lib/router/index.js:646:15
      at next (node_modules/express/lib/router/index.js:265:14)
      at authenticate (src/middleware/auth.js:16:5)
      at Layer.handle [as handle_request] (node_modules/express/lib/router/layer.js:95:5)
      at trim_prefix (node_modules/express/lib/router/index.js:328:13)
      at node_modules/express/lib/router/index.js:286:9
      at Function.process_params (node_modules/express/lib/router/index.js:346:12)
      at next (node_modules/express/lib/router/index.js:280:10)
      at Function.handle (node_modules/express/lib/router/index.js:175:3)
      at router (node_modules/express/lib/router/index.js:47:12)
      at Layer.handle [as handle_request] (node_modules/express/lib/router/layer.js:95:5)
      at trim_prefix (node_modules/express/lib/router/index.js:328:13)
      at node_modules/express/lib/router/index.js:286:9
      at Function.process_params (node_modules/express/lib/router/index.js:346:12)
      at next (node_modules/express/lib/router/index.js:280:10)
      at urlencodedParser (node_modules/body-parser/lib/types/urlencoded.js:94:7)
      at Layer.handle [as handle_request] (node_modules/express/lib/router/layer.js:95:5)
      at trim_prefix (node_modules/express/lib/router/index.js:328:13)
      at node_modules/express/lib/router/index.js:286:9
      at Function.process_params (node_modules/express/lib/router/index.js:346:12)
      at next (node_modules/express/lib/router/index.js:280:10)
      at jsonParser (node_modules/body-parser/lib/types/json.js:113:7)
      at Layer.handle [as handle_request] (node_modules/express/lib/router/layer.js:95:5)
      at trim_prefix (node_modules/express/lib/router/index.js:328:13)
      at node_modules/express/lib/router/index.js:286:9
      at Function.process_params (node_modules/express/lib/router/index.js:346:12)
      at next (node_modules/express/lib/router/index.js:280:10)
      at cors (node_modules/cors/lib/index.js:188:7)
      at node_modules/cors/lib/index.js:224:17
      at originCallback (node_modules/cors/lib/index.js:214:15)
      at node_modules/cors/lib/index.js:219:13
      at optionsCallback (node_modules/cors/lib/index.js:199:9)
      at corsMiddleware (node_modules/cors/lib/index.js:204:7)
      at Layer.handle [as handle_request] (node_modules/express/lib/router/layer.js:95:5)
      at trim_prefix (node_modules/express/lib/router/index.js:328:13)
      at node_modules/express/lib/router/index.js:286:9
      at Function.process_params (node_modules/express/lib/router/index.js:346:12)
      at next (node_modules/express/lib/router/index.js:280:10)
      at expressInit (node_modules/express/lib/middleware/init.js:40:5)
      at Layer.handle [as handle_request] (node_modules/express/lib/router/layer.js:95:5)
      at trim_prefix (node_modules/express/lib/router/index.js:328:13)
      at node_modules/express/lib/router/index.js:286:9
      at Function.process_params (node_modules/express/lib/router/index.js:346:12)
      at next (node_modules/express/lib/router/index.js:280:10)
      at query (node_modules/express/lib/middleware/query.js:45:5)
      at Layer.handle [as handle_request] (node_modules/express/lib/router/layer.js:95:5)
      at trim_prefix (node_modules/express/lib/router/index.js:328:13)
      at node_modules/express/lib/router/index.js:286:9
      at Function.process_params (node_modules/express/lib/router/index.js:346:12)
      at next (node_modules/express/lib/router/index.js:280:10)
      at Function.handle (node_modules/express/lib/router/index.js:175:3)
      at Function.handle (node_modules/express/lib/application.js:181:10)
      at Server.app (node_modules/express/lib/express.js:39:9)

    console.error
      Error: JsonWebTokenError {
        name: 'JsonWebTokenError',
        message: 'invalid token'
      }

      1 | export const errorHandler = (err, req, res, next) => {
    > 2 |   console.error('Error:', err);
        |           ^
      3 |
      4 |   // Prisma errors
      5 |   if (err.code === 'P2002') {

      at errorHandler (src/middleware/errorHandler.js:2:11)
      at Layer.handle_error (node_modules/express/lib/router/layer.js:71:5)
      at trim_prefix (node_modules/express/lib/router/index.js:326:13)
      at node_modules/express/lib/router/index.js:286:9
      at Function.process_params (node_modules/express/lib/router/index.js:346:12)
      at next (node_modules/express/lib/router/index.js:280:10)
      at Layer.handle_error (node_modules/express/lib/router/layer.js:67:12)
      at trim_prefix (node_modules/express/lib/router/index.js:326:13)
      at node_modules/express/lib/router/index.js:286:9
      at Function.process_params (node_modules/express/lib/router/index.js:346:12)
      at next (node_modules/express/lib/router/index.js:280:10)
      at node_modules/express/lib/router/index.js:646:15
      at next (node_modules/express/lib/router/index.js:265:14)
      at authenticate (src/middleware/auth.js:16:5)
      at Layer.handle [as handle_request] (node_modules/express/lib/router/layer.js:95:5)
      at trim_prefix (node_modules/express/lib/router/index.js:328:13)
      at node_modules/express/lib/router/index.js:286:9
      at Function.process_params (node_modules/express/lib/router/index.js:346:12)
      at next (node_modules/express/lib/router/index.js:280:10)
      at Function.handle (node_modules/express/lib/router/index.js:175:3)
      at router (node_modules/express/lib/router/index.js:47:12)
      at Layer.handle [as handle_request] (node_modules/express/lib/router/layer.js:95:5)
      at trim_prefix (node_modules/express/lib/router/index.js:328:13)
      at node_modules/express/lib/router/index.js:286:9
      at Function.process_params (node_modules/express/lib/router/index.js:346:12)
      at next (node_modules/express/lib/router/index.js:280:10)
      at urlencodedParser (node_modules/body-parser/lib/types/urlencoded.js:94:7)
      at Layer.handle [as handle_request] (node_modules/express/lib/router/layer.js:95:5)
      at trim_prefix (node_modules/express/lib/router/index.js:328:13)
      at node_modules/express/lib/router/index.js:286:9
      at Function.process_params (node_modules/express/lib/router/index.js:346:12)
      at next (node_modules/express/lib/router/index.js:280:10)
      at jsonParser (node_modules/body-parser/lib/types/json.js:113:7)
      at Layer.handle [as handle_request] (node_modules/express/lib/router/layer.js:95:5)
      at trim_prefix (node_modules/express/lib/router/index.js:328:13)
      at node_modules/express/lib/router/index.js:286:9
      at Function.process_params (node_modules/express/lib/router/index.js:346:12)
      at next (node_modules/express/lib/router/index.js:280:10)
      at cors (node_modules/cors/lib/index.js:188:7)
      at node_modules/cors/lib/index.js:224:17
      at originCallback (node_modules/cors/lib/index.js:214:15)
      at node_modules/cors/lib/index.js:219:13
      at optionsCallback (node_modules/cors/lib/index.js:199:9)
      at corsMiddleware (node_modules/cors/lib/index.js:204:7)
      at Layer.handle [as handle_request] (node_modules/express/lib/router/layer.js:95:5)
      at trim_prefix (node_modules/express/lib/router/index.js:328:13)
      at node_modules/express/lib/router/index.js:286:9
      at Function.process_params (node_modules/express/lib/router/index.js:346:12)
      at next (node_modules/express/lib/router/index.js:280:10)
      at expressInit (node_modules/express/lib/middleware/init.js:40:5)
      at Layer.handle [as handle_request] (node_modules/express/lib/router/layer.js:95:5)
      at trim_prefix (node_modules/express/lib/router/index.js:328:13)
      at node_modules/express/lib/router/index.js:286:9
      at Function.process_params (node_modules/express/lib/router/index.js:346:12)
      at next (node_modules/express/lib/router/index.js:280:10)
      at query (node_modules/express/lib/middleware/query.js:45:5)
      at Layer.handle [as handle_request] (node_modules/express/lib/router/layer.js:95:5)
      at trim_prefix (node_modules/express/lib/router/index.js:328:13)
      at node_modules/express/lib/router/index.js:286:9
      at Function.process_params (node_modules/express/lib/router/index.js:346:12)
      at next (node_modules/express/lib/router/index.js:280:10)
      at Function.handle (node_modules/express/lib/router/index.js:175:3)
      at Function.handle (node_modules/express/lib/application.js:181:10)
      at Server.app (node_modules/express/lib/express.js:39:9)

  ● Authentication API Tests › JWT Token Tests › should access protected route with valid token

    expected 200 "OK", got 500 "Internal Server Error"

      127 |         .get('/api/user/profile')
      128 |         .set('Authorization', `Bearer ${token}`)
    > 129 |         .expect(200);
          |          ^
      130 |
      131 |       expect(res.body.user).toHaveProperty('email');
      132 |     });

      at Object.<anonymous> (src/__tests__/auth.test.js:129:10)
      ----
      at Test._assertStatus (node_modules/supertest/lib/test.js:309:14)
      at node_modules/supertest/lib/test.js:365:13
      at Test._assertFunction (node_modules/supertest/lib/test.js:342:13)
      at Test.assert (node_modules/supertest/lib/test.js:195:23)
      at localAssert (node_modules/supertest/lib/test.js:138:14)
      at Server.<anonymous> (node_modules/supertest/lib/test.js:152:11)

FAIL src/__tests__/learn.test.js
  ● Console

    console.error
      Error: AppError: Authentication required
          at authenticate (/Users/keko/Downloads/chinese-learning-platform/backend/src/middleware/auth.js:9:13)
          at Layer.handle [as handle_request] (/Users/keko/Downloads/chinese-learning-platform/backend/node_modules/express/lib/router/layer.js:95:5)
          at trim_prefix (/Users/keko/Downloads/chinese-learning-platform/backend/node_modules/express/lib/router/index.js:328:13)
          at /Users/keko/Downloads/chinese-learning-platform/backend/node_modules/express/lib/router/index.js:286:9
          at Function.process_params (/Users/keko/Downloads/chinese-learning-platform/backend/node_modules/express/lib/router/index.js:346:12)
          at next (/Users/keko/Downloads/chinese-learning-platform/backend/node_modules/express/lib/router/index.js:280:10)
          at Function.handle (/Users/keko/Downloads/chinese-learning-platform/backend/node_modules/express/lib/router/index.js:175:3)
          at router (/Users/keko/Downloads/chinese-learning-platform/backend/node_modules/express/lib/router/index.js:47:12)
          at Layer.handle [as handle_request] (/Users/keko/Downloads/chinese-learning-platform/backend/node_modules/express/lib/router/layer.js:95:5)
          at trim_prefix (/Users/keko/Downloads/chinese-learning-platform/backend/node_modules/express/lib/router/index.js:328:13)
          at /Users/keko/Downloads/chinese-learning-platform/backend/node_modules/express/lib/router/index.js:286:9
          at Function.process_params (/Users/keko/Downloads/chinese-learning-platform/backend/node_modules/express/lib/router/index.js:346:12)
          at next (/Users/keko/Downloads/chinese-learning-platform/backend/node_modules/express/lib/router/index.js:280:10)
          at urlencodedParser (/Users/keko/Downloads/chinese-learning-platform/backend/node_modules/body-parser/lib/types/urlencoded.js:94:7)
          at Layer.handle [as handle_request] (/Users/keko/Downloads/chinese-learning-platform/backend/node_modules/express/lib/router/layer.js:95:5)
          at trim_prefix (/Users/keko/Downloads/chinese-learning-platform/backend/node_modules/express/lib/router/index.js:328:13)
          at /Users/keko/Downloads/chinese-learning-platform/backend/node_modules/express/lib/router/index.js:286:9
          at Function.process_params (/Users/keko/Downloads/chinese-learning-platform/backend/node_modules/express/lib/router/index.js:346:12)
          at next (/Users/keko/Downloads/chinese-learning-platform/backend/node_modules/express/lib/router/index.js:280:10)
          at jsonParser (/Users/keko/Downloads/chinese-learning-platform/backend/node_modules/body-parser/lib/types/json.js:113:7)
          at Layer.handle [as handle_request] (/Users/keko/Downloads/chinese-learning-platform/backend/node_modules/express/lib/router/layer.js:95:5)
          at trim_prefix (/Users/keko/Downloads/chinese-learning-platform/backend/node_modules/express/lib/router/index.js:328:13)
          at /Users/keko/Downloads/chinese-learning-platform/backend/node_modules/express/lib/router/index.js:286:9
          at Function.process_params (/Users/keko/Downloads/chinese-learning-platform/backend/node_modules/express/lib/router/index.js:346:12)
          at next (/Users/keko/Downloads/chinese-learning-platform/backend/node_modules/express/lib/router/index.js:280:10)
          at cors (/Users/keko/Downloads/chinese-learning-platform/backend/node_modules/cors/lib/index.js:188:7)
          at /Users/keko/Downloads/chinese-learning-platform/backend/node_modules/cors/lib/index.js:224:17
          at originCallback (/Users/keko/Downloads/chinese-learning-platform/backend/node_modules/cors/lib/index.js:214:15)
          at /Users/keko/Downloads/chinese-learning-platform/backend/node_modules/cors/lib/index.js:219:13
          at optionsCallback (/Users/keko/Downloads/chinese-learning-platform/backend/node_modules/cors/lib/index.js:199:9)
          at corsMiddleware (/Users/keko/Downloads/chinese-learning-platform/backend/node_modules/cors/lib/index.js:204:7)
          at Layer.handle [as handle_request] (/Users/keko/Downloads/chinese-learning-platform/backend/node_modules/express/lib/router/layer.js:95:5)
          at trim_prefix (/Users/keko/Downloads/chinese-learning-platform/backend/node_modules/express/lib/router/index.js:328:13)
          at /Users/keko/Downloads/chinese-learning-platform/backend/node_modules/express/lib/router/index.js:286:9
          at Function.process_params (/Users/keko/Downloads/chinese-learning-platform/backend/node_modules/express/lib/router/index.js:346:12)
          at next (/Users/keko/Downloads/chinese-learning-platform/backend/node_modules/express/lib/router/index.js:280:10)
          at expressInit (/Users/keko/Downloads/chinese-learning-platform/backend/node_modules/express/lib/middleware/init.js:40:5)
          at Layer.handle [as handle_request] (/Users/keko/Downloads/chinese-learning-platform/backend/node_modules/express/lib/router/layer.js:95:5)
          at trim_prefix (/Users/keko/Downloads/chinese-learning-platform/backend/node_modules/express/lib/router/index.js:328:13)
          at /Users/keko/Downloads/chinese-learning-platform/backend/node_modules/express/lib/router/index.js:286:9
          at Function.process_params (/Users/keko/Downloads/chinese-learning-platform/backend/node_modules/express/lib/router/index.js:346:12)
          at next (/Users/keko/Downloads/chinese-learning-platform/backend/node_modules/express/lib/router/index.js:280:10)
          at query (/Users/keko/Downloads/chinese-learning-platform/backend/node_modules/express/lib/middleware/query.js:45:5)
          at Layer.handle [as handle_request] (/Users/keko/Downloads/chinese-learning-platform/backend/node_modules/express/lib/router/layer.js:95:5)
          at trim_prefix (/Users/keko/Downloads/chinese-learning-platform/backend/node_modules/express/lib/router/index.js:328:13)
          at /Users/keko/Downloads/chinese-learning-platform/backend/node_modules/express/lib/router/index.js:286:9
          at Function.process_params (/Users/keko/Downloads/chinese-learning-platform/backend/node_modules/express/lib/router/index.js:346:12)
          at next (/Users/keko/Downloads/chinese-learning-platform/backend/node_modules/express/lib/router/index.js:280:10)
          at Function.handle (/Users/keko/Downloads/chinese-learning-platform/backend/node_modules/express/lib/router/index.js:175:3)
          at Function.handle (/Users/keko/Downloads/chinese-learning-platform/backend/node_modules/express/lib/application.js:181:10)
          at Server.app (/Users/keko/Downloads/chinese-learning-platform/backend/node_modules/express/lib/express.js:39:9)
          at Server.emit (node:events:518:28)
          at parserOnIncoming (node:_http_server:1153:12)
          at HTTPParser.parserOnHeadersComplete (node:_http_common:117:17) {
        statusCode: 401
      }

      1 | export const errorHandler = (err, req, res, next) => {
    > 2 |   console.error('Error:', err);
        |           ^
      3 |
      4 |   // Prisma errors
      5 |   if (err.code === 'P2002') {

      at errorHandler (src/middleware/errorHandler.js:2:11)
      at Layer.handle_error (node_modules/express/lib/router/layer.js:71:5)
      at trim_prefix (node_modules/express/lib/router/index.js:326:13)
      at node_modules/express/lib/router/index.js:286:9
      at Function.process_params (node_modules/express/lib/router/index.js:346:12)
      at next (node_modules/express/lib/router/index.js:280:10)
      at Layer.handle_error (node_modules/express/lib/router/layer.js:67:12)
      at trim_prefix (node_modules/express/lib/router/index.js:326:13)
      at node_modules/express/lib/router/index.js:286:9
      at Function.process_params (node_modules/express/lib/router/index.js:346:12)
      at next (node_modules/express/lib/router/index.js:280:10)
      at node_modules/express/lib/router/index.js:646:15
      at next (node_modules/express/lib/router/index.js:265:14)
      at authenticate (src/middleware/auth.js:16:5)
      at Layer.handle [as handle_request] (node_modules/express/lib/router/layer.js:95:5)
      at trim_prefix (node_modules/express/lib/router/index.js:328:13)
      at node_modules/express/lib/router/index.js:286:9
      at Function.process_params (node_modules/express/lib/router/index.js:346:12)
      at next (node_modules/express/lib/router/index.js:280:10)
      at Function.handle (node_modules/express/lib/router/index.js:175:3)
      at router (node_modules/express/lib/router/index.js:47:12)
      at Layer.handle [as handle_request] (node_modules/express/lib/router/layer.js:95:5)
      at trim_prefix (node_modules/express/lib/router/index.js:328:13)
      at node_modules/express/lib/router/index.js:286:9
      at Function.process_params (node_modules/express/lib/router/index.js:346:12)
      at next (node_modules/express/lib/router/index.js:280:10)
      at urlencodedParser (node_modules/body-parser/lib/types/urlencoded.js:94:7)
      at Layer.handle [as handle_request] (node_modules/express/lib/router/layer.js:95:5)
      at trim_prefix (node_modules/express/lib/router/index.js:328:13)
      at node_modules/express/lib/router/index.js:286:9
      at Function.process_params (node_modules/express/lib/router/index.js:346:12)
      at next (node_modules/express/lib/router/index.js:280:10)
      at jsonParser (node_modules/body-parser/lib/types/json.js:113:7)
      at Layer.handle [as handle_request] (node_modules/express/lib/router/layer.js:95:5)
      at trim_prefix (node_modules/express/lib/router/index.js:328:13)
      at node_modules/express/lib/router/index.js:286:9
      at Function.process_params (node_modules/express/lib/router/index.js:346:12)
      at next (node_modules/express/lib/router/index.js:280:10)
      at cors (node_modules/cors/lib/index.js:188:7)
      at node_modules/cors/lib/index.js:224:17
      at originCallback (node_modules/cors/lib/index.js:214:15)
      at node_modules/cors/lib/index.js:219:13
      at optionsCallback (node_modules/cors/lib/index.js:199:9)
      at corsMiddleware (node_modules/cors/lib/index.js:204:7)
      at Layer.handle [as handle_request] (node_modules/express/lib/router/layer.js:95:5)
      at trim_prefix (node_modules/express/lib/router/index.js:328:13)
      at node_modules/express/lib/router/index.js:286:9
      at Function.process_params (node_modules/express/lib/router/index.js:346:12)
      at next (node_modules/express/lib/router/index.js:280:10)
      at expressInit (node_modules/express/lib/middleware/init.js:40:5)
      at Layer.handle [as handle_request] (node_modules/express/lib/router/layer.js:95:5)
      at trim_prefix (node_modules/express/lib/router/index.js:328:13)
      at node_modules/express/lib/router/index.js:286:9
      at Function.process_params (node_modules/express/lib/router/index.js:346:12)
      at next (node_modules/express/lib/router/index.js:280:10)
      at query (node_modules/express/lib/middleware/query.js:45:5)
      at Layer.handle [as handle_request] (node_modules/express/lib/router/layer.js:95:5)
      at trim_prefix (node_modules/express/lib/router/index.js:328:13)
      at node_modules/express/lib/router/index.js:286:9
      at Function.process_params (node_modules/express/lib/router/index.js:346:12)
      at next (node_modules/express/lib/router/index.js:280:10)
      at Function.handle (node_modules/express/lib/router/index.js:175:3)
      at Function.handle (node_modules/express/lib/application.js:181:10)
      at Server.app (node_modules/express/lib/express.js:39:9)

  ● Learning API Tests › GET /api/learn/review-queue › should get review queue

    expected 200 "OK", got 404 "Not Found"

      42 |         .get('/api/learn/review-queue')
      43 |         .set('Authorization', `Bearer ${userToken}`)
    > 44 |         .expect(200);
         |          ^
      45 |
      46 |       expect(res.body).toHaveProperty('words');
      47 |       expect(Array.isArray(res.body.words)).toBe(true);

      at Object.<anonymous> (src/__tests__/learn.test.js:44:10)
      ----
      at Test._assertStatus (node_modules/supertest/lib/test.js:309:14)
      at node_modules/supertest/lib/test.js:365:13
      at Test._assertFunction (node_modules/supertest/lib/test.js:342:13)
      at Test.assert (node_modules/supertest/lib/test.js:195:23)
      at localAssert (node_modules/supertest/lib/test.js:138:14)
      at Server.<anonymous> (node_modules/supertest/lib/test.js:152:11)

  ● Learning API Tests › POST /api/learn/review › should submit review result

    expect(received).toHaveProperty(path, value)

    Expected path: "success"
    Received path: []

    Expected value: true
    Received value: {"message": "Next review in 1 days", "nextReview": "2025-10-20T03:05:46.604Z", "userWord": {"addedAt": "2025-10-19T03:05:46.585Z", "correctCount": 1, "easeFactor": 2.66, "id": "b29aa131-77a1-42b6-8a4f-4ec5bd8890ef", "interval": 1, "isFavorite": false, "lastReviewAt": "2025-10-19T03:05:46.604Z", "nextReview": "2025-10-20T03:05:46.604Z", "notes": null, "repetitions": 1, "source": "Manual", "status": "LEARNING", "totalTime": 0, "userId": "9b84c147-4111-4c99-8fa1-38eefa815f1c", "word": {"audioUrl": null, "characterBreakdown": "{\"的\":{\"pinyin\":\"de\",\"meaning\":\"possessive particle\",\"radical\":\"白\",\"strokes\":8}}", "chinese": "的", "createdAt": "2025-10-19T02:26:45.684Z", "difficulty": 2, "englishDefinition": "possessive particle; of", "exampleSentences": "[{\"cn\":\"我的书。\",\"pinyin\":\"Wǒ de shū.\",\"en\":\"My book.\"},{\"cn\":\"老师的家。\",\"pinyin\":\"Lǎo shī de jiā.\",\"en\":\"The teacher's home.\"}]", "faqs": "[{\"question\":\"How do I use 的 in Chinese?\",\"answer\":\"的 is used to show possession or to modify nouns, similar to 's in English or 'of'. Place it between the owner and the thing owned.\"}]", "frequency": 1500, "hskLevel": 1, "id": "4a09d6e0-c6b9-4227-8248-cf482ed37b97", "isPublished": true, "metaDescription": "Learn 的 (de): possessive particle; of. HSK 1 vocabulary with examples, pronunciation, and practice.", "metaTitle": "的 (de) - HSK 1 Chinese Word", "pinyin": "de", "pinyinNumeric": "de5", "publishedAt": "2025-10-19T02:26:45.684Z", "relatedWords": "{\"collocations\":[{\"word\":\"我的\",\"pinyin\":\"wǒ de\",\"meaning\":\"my\"},{\"word\":\"你的\",\"pinyin\":\"nǐ de\",\"meaning\":\"your\"}]}", "slug": "de", "source": "HSK", "updatedAt": "2025-10-19T02:26:45.684Z"}, "wordId": "4a09d6e0-c6b9-4227-8248-cf482ed37b97", "wrongCount": 0}}

      68 |           .expect(200);
      69 |
    > 70 |         expect(res.body).toHaveProperty('success', true);
         |                          ^
      71 |         expect(res.body).toHaveProperty('nextReview');
      72 |       }
      73 |     });

      at Object.<anonymous> (src/__tests__/learn.test.js:70:26)

  ● Learning API Tests › POST /api/learn/review › should reject invalid quality score

    expected 400 "Bad Request", got 200 "OK"

      82 |             quality: 10 // Invalid score
      83 |           })
    > 84 |           .expect(400);
         |            ^
      85 |       }
      86 |     });
      87 |   });

      at Object.<anonymous> (src/__tests__/learn.test.js:84:12)
      ----
      at Test._assertStatus (node_modules/supertest/lib/test.js:309:14)
      at node_modules/supertest/lib/test.js:365:13
      at Test._assertFunction (node_modules/supertest/lib/test.js:342:13)
      at Test.assert (node_modules/supertest/lib/test.js:195:23)
      at localAssert (node_modules/supertest/lib/test.js:138:14)
      at Server.<anonymous> (node_modules/supertest/lib/test.js:152:11)

  ● Learning API Tests › GET /api/learn/stats › should get learning statistics

    expected 200 "OK", got 404 "Not Found"

      92 |         .get('/api/learn/stats')
      93 |         .set('Authorization', `Bearer ${userToken}`)
    > 94 |         .expect(200);
         |          ^
      95 |
      96 |       expect(res.body).toHaveProperty('totalWords');
      97 |       expect(res.body).toHaveProperty('wordsReviewedToday');

      at Object.<anonymous> (src/__tests__/learn.test.js:94:10)
      ----
      at Test._assertStatus (node_modules/supertest/lib/test.js:309:14)
      at node_modules/supertest/lib/test.js:365:13
      at Test._assertFunction (node_modules/supertest/lib/test.js:342:13)
      at Test.assert (node_modules/supertest/lib/test.js:195:23)
      at localAssert (node_modules/supertest/lib/test.js:138:14)
      at Server.<anonymous> (node_modules/supertest/lib/test.js:152:11)

  ● Learning API Tests › GET /api/learn/history › should get learning history

    expected 200 "OK", got 404 "Not Found"

      105 |         .get('/api/learn/history')
      106 |         .set('Authorization', `Bearer ${userToken}`)
    > 107 |         .expect(200);
          |          ^
      108 |
      109 |       expect(res.body).toHaveProperty('history');
      110 |       expect(Array.isArray(res.body.history)).toBe(true);

      at Object.<anonymous> (src/__tests__/learn.test.js:107:10)
      ----
      at Test._assertStatus (node_modules/supertest/lib/test.js:309:14)
      at node_modules/supertest/lib/test.js:365:13
      at Test._assertFunction (node_modules/supertest/lib/test.js:342:13)
      at Test.assert (node_modules/supertest/lib/test.js:195:23)
      at localAssert (node_modules/supertest/lib/test.js:138:14)
      at Server.<anonymous> (node_modules/supertest/lib/test.js:152:11)

  ● Learning API Tests › GET /api/learn/history › should support date range filter

    expected 200 "OK", got 404 "Not Found"

      118 |         .get(`/api/learn/history?startDate=${startDate}&endDate=${endDate}`)
      119 |         .set('Authorization', `Bearer ${userToken}`)
    > 120 |         .expect(200);
          |          ^
      121 |
      122 |       expect(Array.isArray(res.body.history)).toBe(true);
      123 |     });

      at Object.<anonymous> (src/__tests__/learn.test.js:120:10)
      ----
      at Test._assertStatus (node_modules/supertest/lib/test.js:309:14)
      at node_modules/supertest/lib/test.js:365:13
      at Test._assertFunction (node_modules/supertest/lib/test.js:342:13)
      at Test.assert (node_modules/supertest/lib/test.js:195:23)
      at localAssert (node_modules/supertest/lib/test.js:138:14)
      at Server.<anonymous> (node_modules/supertest/lib/test.js:152:11)

  ● Learning API Tests › Learning Sessions › should start a learning session

    expected 201 "Created", got 200 "OK"

      130 |         .set('Authorization', `Bearer ${userToken}`)
      131 |         .send({ sessionType: 'review' })
    > 132 |         .expect(201);
          |          ^
      133 |
      134 |       expect(res.body).toHaveProperty('sessionId');
      135 |       expect(res.body).toHaveProperty('words');

      at Object.<anonymous> (src/__tests__/learn.test.js:132:10)
      ----
      at Test._assertStatus (node_modules/supertest/lib/test.js:309:14)
      at node_modules/supertest/lib/test.js:365:13
      at Test._assertFunction (node_modules/supertest/lib/test.js:342:13)
      at Test.assert (node_modules/supertest/lib/test.js:195:23)
      at localAssert (node_modules/supertest/lib/test.js:138:14)
      at Server.<anonymous> (node_modules/supertest/lib/test.js:152:11)

FAIL src/__tests__/user.test.js
  ● Console

    console.log
      prisma:error 
      Invalid `prisma.user.findUnique()` invocation in
      /Users/keko/Downloads/chinese-learning-platform/backend/src/controllers/userController.js:9:36
      
        6 try {
        7   const userId = req.user.userId;
        8   
      → 9   const user = await prisma.user.findUnique({
              where: {
                id: "9b84c147-4111-4c99-8fa1-38eefa815f1c"
              },
              select: {
                id: true,
                email: true,
                username: true,
                role: true,
                isPremium: true,
                targetDailyWords: true,
                ~~~~~~~~~~~~~~~~
                streak: true,
                totalWordsLearned: true,
                createdAt: true,
                updatedAt: true,
            ?   password?: true,
            ?   avatar?: true,
            ?   preferredLang?: true,
            ?   premiumUntil?: true,
            ?   lastLoginAt?: true,
            ?   userWords?: true,
            ?   learningSessions?: true,
            ?   articleViews?: true,
            ?   _count?: true
              }
            })
      
      Unknown field `targetDailyWords` for select statement on model `User`. Available options are marked with ?.

      at Object.mc (node_modules/@prisma/client/runtime/library.js:21:432)

    console.error
      Error: PrismaClientValidationError: 
      Invalid `prisma.user.findUnique()` invocation in
      /Users/keko/Downloads/chinese-learning-platform/backend/src/controllers/userController.js:9:36
      
        6 try {
        7   const userId = req.user.userId;
        8   
      → 9   const user = await prisma.user.findUnique({
              where: {
                id: "9b84c147-4111-4c99-8fa1-38eefa815f1c"
              },
              select: {
                id: true,
                email: true,
                username: true,
                role: true,
                isPremium: true,
                targetDailyWords: true,
                ~~~~~~~~~~~~~~~~
                streak: true,
                totalWordsLearned: true,
                createdAt: true,
                updatedAt: true,
            ?   password?: true,
            ?   avatar?: true,
            ?   preferredLang?: true,
            ?   premiumUntil?: true,
            ?   lastLoginAt?: true,
            ?   userWords?: true,
            ?   learningSessions?: true,
            ?   articleViews?: true,
            ?   _count?: true
              }
            })
      
      Unknown field `targetDailyWords` for select statement on model `User`. Available options are marked with ?.
          at wn (/Users/keko/Downloads/chinese-learning-platform/backend/node_modules/@prisma/client/runtime/library.js:29:1363)
          at $n.handleRequestError (/Users/keko/Downloads/chinese-learning-platform/backend/node_modules/@prisma/client/runtime/library.js:121:6958)
          at $n.handleAndLogRequestError (/Users/keko/Downloads/chinese-learning-platform/backend/node_modules/@prisma/client/runtime/library.js:121:6623)
          at $n.request (/Users/keko/Downloads/chinese-learning-platform/backend/node_modules/@prisma/client/runtime/library.js:121:6307)
          at l (/Users/keko/Downloads/chinese-learning-platform/backend/node_modules/@prisma/client/runtime/library.js:130:9633)
          at getProfile (/Users/keko/Downloads/chinese-learning-platform/backend/src/controllers/userController.js:9:18) {
        clientVersion: '5.22.0'
      }

      1 | export const errorHandler = (err, req, res, next) => {
    > 2 |   console.error('Error:', err);
        |           ^
      3 |
      4 |   // Prisma errors
      5 |   if (err.code === 'P2002') {

      at errorHandler (src/middleware/errorHandler.js:2:11)
      at Layer.handle_error (node_modules/express/lib/router/layer.js:71:5)
      at trim_prefix (node_modules/express/lib/router/index.js:326:13)
      at node_modules/express/lib/router/index.js:286:9
      at Function.process_params (node_modules/express/lib/router/index.js:346:12)
      at next (node_modules/express/lib/router/index.js:280:10)
      at Layer.handle_error (node_modules/express/lib/router/layer.js:67:12)
      at trim_prefix (node_modules/express/lib/router/index.js:326:13)
      at node_modules/express/lib/router/index.js:286:9
      at Function.process_params (node_modules/express/lib/router/index.js:346:12)
      at next (node_modules/express/lib/router/index.js:280:10)
      at node_modules/express/lib/router/index.js:646:15
      at next (node_modules/express/lib/router/index.js:265:14)
      at next (node_modules/express/lib/router/route.js:141:14)
      at getProfile (src/controllers/userController.js:31:5)

    console.error
      Error: AppError: Word already in your bank
          at addWordToBank (/Users/keko/Downloads/chinese-learning-platform/backend/src/controllers/userController.js:121:13) {
        statusCode: 400
      }

      1 | export const errorHandler = (err, req, res, next) => {
    > 2 |   console.error('Error:', err);
        |           ^
      3 |
      4 |   // Prisma errors
      5 |   if (err.code === 'P2002') {

      at errorHandler (src/middleware/errorHandler.js:2:11)
      at Layer.handle_error (node_modules/express/lib/router/layer.js:71:5)
      at trim_prefix (node_modules/express/lib/router/index.js:326:13)
      at node_modules/express/lib/router/index.js:286:9
      at Function.process_params (node_modules/express/lib/router/index.js:346:12)
      at next (node_modules/express/lib/router/index.js:280:10)
      at Layer.handle_error (node_modules/express/lib/router/layer.js:67:12)
      at trim_prefix (node_modules/express/lib/router/index.js:326:13)
      at node_modules/express/lib/router/index.js:286:9
      at Function.process_params (node_modules/express/lib/router/index.js:346:12)
      at next (node_modules/express/lib/router/index.js:280:10)
      at node_modules/express/lib/router/index.js:646:15
      at next (node_modules/express/lib/router/index.js:265:14)
      at next (node_modules/express/lib/router/route.js:141:14)
      at addWordToBank (src/controllers/userController.js:149:5)

  ● User API Tests › GET /api/user/profile › should get user profile

    expected 200 "OK", got 500 "Internal Server Error"

      27 |         .get('/api/user/profile')
      28 |         .set('Authorization', `Bearer ${userToken}`)
    > 29 |         .expect(200);
         |          ^
      30 |
      31 |       expect(res.body.user).toHaveProperty('email');
      32 |       expect(res.body.user).toHaveProperty('username');

      at Object.<anonymous> (src/__tests__/user.test.js:29:10)
      ----
      at Test._assertStatus (node_modules/supertest/lib/test.js:309:14)
      at node_modules/supertest/lib/test.js:365:13
      at Test._assertFunction (node_modules/supertest/lib/test.js:342:13)
      at Test.assert (node_modules/supertest/lib/test.js:195:23)
      at localAssert (node_modules/supertest/lib/test.js:138:14)
      at Server.<anonymous> (node_modules/supertest/lib/test.js:152:11)

  ● User API Tests › PUT /api/user/profile › should update user profile

    expected 200 "OK", got 404 "Not Found"

      41 |         .set('Authorization', `Bearer ${userToken}`)
      42 |         .send({ username: 'UpdatedUsername' })
    > 43 |         .expect(200);
         |          ^
      44 |
      45 |       expect(res.body.user).toHaveProperty('username', 'UpdatedUsername');
      46 |     });

      at Object.<anonymous> (src/__tests__/user.test.js:43:10)
      ----
      at Test._assertStatus (node_modules/supertest/lib/test.js:309:14)
      at node_modules/supertest/lib/test.js:365:13
      at Test._assertFunction (node_modules/supertest/lib/test.js:342:13)
      at Test.assert (node_modules/supertest/lib/test.js:195:23)
      at localAssert (node_modules/supertest/lib/test.js:138:14)
      at Server.<anonymous> (node_modules/supertest/lib/test.js:152:11)

  ● User API Tests › GET /api/user/stats › should get user statistics

    expect(received).toHaveProperty(path)

    Expected path: "totalWords"
    Received path: []

    Received value: {"stats": {"dueWordsCount": 0, "learningWords": 1, "masteredWords": 0, "newWords": 0, "studyStreak": 1, "totalStudyTime": 0, "totalWords": 1}}

      54 |         .expect(200);
      55 |
    > 56 |       expect(res.body).toHaveProperty('totalWords');
         |                        ^
      57 |       expect(res.body).toHaveProperty('masteredWords');
      58 |       expect(res.body).toHaveProperty('learningWords');
      59 |     });

      at Object.<anonymous> (src/__tests__/user.test.js:56:24)

  ● User API Tests › User Word Bank › should add word to bank

    expected 201 "Created", got 400 "Bad Request"

      87 |           .set('Authorization', `Bearer ${userToken}`)
      88 |           .send({ wordId })
    > 89 |           .expect(201);
         |            ^
      90 |
      91 |         expect(res.body.userWord).toHaveProperty('wordId', wordId);
      92 |       }

      at Object.<anonymous> (src/__tests__/user.test.js:89:12)
      ----
      at Test._assertStatus (node_modules/supertest/lib/test.js:309:14)
      at node_modules/supertest/lib/test.js:365:13
      at Test._assertFunction (node_modules/supertest/lib/test.js:342:13)
      at Test.assert (node_modules/supertest/lib/test.js:195:23)
      at localAssert (node_modules/supertest/lib/test.js:138:14)
      at Server.<anonymous> (node_modules/supertest/lib/test.js:152:11)

PASS src/__tests__/text.test.js
  ● Console

    console.error
      Error: AppError: Text is required
          at analyzeText (/Users/keko/Downloads/chinese-learning-platform/backend/src/controllers/textController.js:12:13)
          at Layer.handle [as handle_request] (/Users/keko/Downloads/chinese-learning-platform/backend/node_modules/express/lib/router/layer.js:95:5)
          at next (/Users/keko/Downloads/chinese-learning-platform/backend/node_modules/express/lib/router/route.js:149:13)
          at authenticate (/Users/keko/Downloads/chinese-learning-platform/backend/src/middleware/auth.js:14:5)
          at Layer.handle [as handle_request] (/Users/keko/Downloads/chinese-learning-platform/backend/node_modules/express/lib/router/layer.js:95:5)
          at next (/Users/keko/Downloads/chinese-learning-platform/backend/node_modules/express/lib/router/route.js:149:13)
          at Route.dispatch (/Users/keko/Downloads/chinese-learning-platform/backend/node_modules/express/lib/router/route.js:119:3)
          at Layer.handle [as handle_request] (/Users/keko/Downloads/chinese-learning-platform/backend/node_modules/express/lib/router/layer.js:95:5)
          at /Users/keko/Downloads/chinese-learning-platform/backend/node_modules/express/lib/router/index.js:284:15
          at Function.process_params (/Users/keko/Downloads/chinese-learning-platform/backend/node_modules/express/lib/router/index.js:346:12)
          at next (/Users/keko/Downloads/chinese-learning-platform/backend/node_modules/express/lib/router/index.js:280:10)
          at Function.handle (/Users/keko/Downloads/chinese-learning-platform/backend/node_modules/express/lib/router/index.js:175:3)
          at router (/Users/keko/Downloads/chinese-learning-platform/backend/node_modules/express/lib/router/index.js:47:12)
          at Layer.handle [as handle_request] (/Users/keko/Downloads/chinese-learning-platform/backend/node_modules/express/lib/router/layer.js:95:5)
          at trim_prefix (/Users/keko/Downloads/chinese-learning-platform/backend/node_modules/express/lib/router/index.js:328:13)
          at /Users/keko/Downloads/chinese-learning-platform/backend/node_modules/express/lib/router/index.js:286:9
          at Function.process_params (/Users/keko/Downloads/chinese-learning-platform/backend/node_modules/express/lib/router/index.js:346:12)
          at next (/Users/keko/Downloads/chinese-learning-platform/backend/node_modules/express/lib/router/index.js:280:10)
          at urlencodedParser (/Users/keko/Downloads/chinese-learning-platform/backend/node_modules/body-parser/lib/types/urlencoded.js:85:7)
          at Layer.handle [as handle_request] (/Users/keko/Downloads/chinese-learning-platform/backend/node_modules/express/lib/router/layer.js:95:5)
          at trim_prefix (/Users/keko/Downloads/chinese-learning-platform/backend/node_modules/express/lib/router/index.js:328:13)
          at /Users/keko/Downloads/chinese-learning-platform/backend/node_modules/express/lib/router/index.js:286:9
          at Function.process_params (/Users/keko/Downloads/chinese-learning-platform/backend/node_modules/express/lib/router/index.js:346:12)
          at next (/Users/keko/Downloads/chinese-learning-platform/backend/node_modules/express/lib/router/index.js:280:10)
          at /Users/keko/Downloads/chinese-learning-platform/backend/node_modules/body-parser/lib/read.js:137:5
          at AsyncResource.runInAsyncScope (node:async_hooks:214:14)
          at invokeCallback (/Users/keko/Downloads/chinese-learning-platform/backend/node_modules/raw-body/index.js:238:16)
          at done (/Users/keko/Downloads/chinese-learning-platform/backend/node_modules/raw-body/index.js:227:7)
          at IncomingMessage.onEnd (/Users/keko/Downloads/chinese-learning-platform/backend/node_modules/raw-body/index.js:287:7)
          at IncomingMessage.emit (node:events:518:28)
          at endReadableNT (node:internal/streams/readable:1698:12)
          at processTicksAndRejections (node:internal/process/task_queues:90:21) {
        statusCode: 400
      }

      1 | export const errorHandler = (err, req, res, next) => {
    > 2 |   console.error('Error:', err);
        |           ^
      3 |
      4 |   // Prisma errors
      5 |   if (err.code === 'P2002') {

      at errorHandler (src/middleware/errorHandler.js:2:11)
      at Layer.handle_error (node_modules/express/lib/router/layer.js:71:5)
      at trim_prefix (node_modules/express/lib/router/index.js:326:13)
      at node_modules/express/lib/router/index.js:286:9
      at Function.process_params (node_modules/express/lib/router/index.js:346:12)
      at next (node_modules/express/lib/router/index.js:280:10)
      at Layer.handle_error (node_modules/express/lib/router/layer.js:67:12)
      at trim_prefix (node_modules/express/lib/router/index.js:326:13)
      at node_modules/express/lib/router/index.js:286:9
      at Function.process_params (node_modules/express/lib/router/index.js:346:12)
      at Immediate.next (node_modules/express/lib/router/index.js:280:10)
      at Immediate._onImmediate (node_modules/express/lib/router/index.js:646:15)

    console.error
      Error: AppError: Authentication required
          at authenticate (/Users/keko/Downloads/chinese-learning-platform/backend/src/middleware/auth.js:9:13)
          at Layer.handle [as handle_request] (/Users/keko/Downloads/chinese-learning-platform/backend/node_modules/express/lib/router/layer.js:95:5)
          at trim_prefix (/Users/keko/Downloads/chinese-learning-platform/backend/node_modules/express/lib/router/index.js:328:13)
          at /Users/keko/Downloads/chinese-learning-platform/backend/node_modules/express/lib/router/index.js:286:9
          at Function.process_params (/Users/keko/Downloads/chinese-learning-platform/backend/node_modules/express/lib/router/index.js:346:12)
          at next (/Users/keko/Downloads/chinese-learning-platform/backend/node_modules/express/lib/router/index.js:280:10)
          at Function.handle (/Users/keko/Downloads/chinese-learning-platform/backend/node_modules/express/lib/router/index.js:175:3)
          at router (/Users/keko/Downloads/chinese-learning-platform/backend/node_modules/express/lib/router/index.js:47:12)
          at Layer.handle [as handle_request] (/Users/keko/Downloads/chinese-learning-platform/backend/node_modules/express/lib/router/layer.js:95:5)
          at trim_prefix (/Users/keko/Downloads/chinese-learning-platform/backend/node_modules/express/lib/router/index.js:328:13)
          at /Users/keko/Downloads/chinese-learning-platform/backend/node_modules/express/lib/router/index.js:286:9
          at Function.process_params (/Users/keko/Downloads/chinese-learning-platform/backend/node_modules/express/lib/router/index.js:346:12)
          at next (/Users/keko/Downloads/chinese-learning-platform/backend/node_modules/express/lib/router/index.js:280:10)
          at urlencodedParser (/Users/keko/Downloads/chinese-learning-platform/backend/node_modules/body-parser/lib/types/urlencoded.js:85:7)
          at Layer.handle [as handle_request] (/Users/keko/Downloads/chinese-learning-platform/backend/node_modules/express/lib/router/layer.js:95:5)
          at trim_prefix (/Users/keko/Downloads/chinese-learning-platform/backend/node_modules/express/lib/router/index.js:328:13)
          at /Users/keko/Downloads/chinese-learning-platform/backend/node_modules/express/lib/router/index.js:286:9
          at Function.process_params (/Users/keko/Downloads/chinese-learning-platform/backend/node_modules/express/lib/router/index.js:346:12)
          at next (/Users/keko/Downloads/chinese-learning-platform/backend/node_modules/express/lib/router/index.js:280:10)
          at /Users/keko/Downloads/chinese-learning-platform/backend/node_modules/body-parser/lib/read.js:137:5
          at AsyncResource.runInAsyncScope (node:async_hooks:214:14)
          at invokeCallback (/Users/keko/Downloads/chinese-learning-platform/backend/node_modules/raw-body/index.js:238:16)
          at done (/Users/keko/Downloads/chinese-learning-platform/backend/node_modules/raw-body/index.js:227:7)
          at IncomingMessage.onEnd (/Users/keko/Downloads/chinese-learning-platform/backend/node_modules/raw-body/index.js:287:7)
          at IncomingMessage.emit (node:events:518:28)
          at endReadableNT (node:internal/streams/readable:1698:12)
          at processTicksAndRejections (node:internal/process/task_queues:90:21) {
        statusCode: 401
      }

      1 | export const errorHandler = (err, req, res, next) => {
    > 2 |   console.error('Error:', err);
        |           ^
      3 |
      4 |   // Prisma errors
      5 |   if (err.code === 'P2002') {

      at errorHandler (src/middleware/errorHandler.js:2:11)
      at Layer.handle_error (node_modules/express/lib/router/layer.js:71:5)
      at trim_prefix (node_modules/express/lib/router/index.js:326:13)
      at node_modules/express/lib/router/index.js:286:9
      at Function.process_params (node_modules/express/lib/router/index.js:346:12)
      at next (node_modules/express/lib/router/index.js:280:10)
      at Layer.handle_error (node_modules/express/lib/router/layer.js:67:12)
      at trim_prefix (node_modules/express/lib/router/index.js:326:13)
      at node_modules/express/lib/router/index.js:286:9
      at Function.process_params (node_modules/express/lib/router/index.js:346:12)
      at next (node_modules/express/lib/router/index.js:280:10)
      at node_modules/express/lib/router/index.js:646:15
      at next (node_modules/express/lib/router/index.js:265:14)
      at authenticate (src/middleware/auth.js:16:5)
      at Layer.handle [as handle_request] (node_modules/express/lib/router/layer.js:95:5)
      at trim_prefix (node_modules/express/lib/router/index.js:328:13)
      at node_modules/express/lib/router/index.js:286:9
      at Function.process_params (node_modules/express/lib/router/index.js:346:12)
      at next (node_modules/express/lib/router/index.js:280:10)
      at Function.handle (node_modules/express/lib/router/index.js:175:3)
      at router (node_modules/express/lib/router/index.js:47:12)
      at Layer.handle [as handle_request] (node_modules/express/lib/router/layer.js:95:5)
      at trim_prefix (node_modules/express/lib/router/index.js:328:13)
      at node_modules/express/lib/router/index.js:286:9
      at Function.process_params (node_modules/express/lib/router/index.js:346:12)
      at next (node_modules/express/lib/router/index.js:280:10)
      at urlencodedParser (node_modules/body-parser/lib/types/urlencoded.js:85:7)
      at Layer.handle [as handle_request] (node_modules/express/lib/router/layer.js:95:5)
      at trim_prefix (node_modules/express/lib/router/index.js:328:13)
      at node_modules/express/lib/router/index.js:286:9
      at Function.process_params (node_modules/express/lib/router/index.js:346:12)
      at next (node_modules/express/lib/router/index.js:280:10)
      at node_modules/body-parser/lib/read.js:137:5
      at invokeCallback (node_modules/raw-body/index.js:238:16)
      at done (node_modules/raw-body/index.js:227:7)
      at IncomingMessage.onEnd (node_modules/raw-body/index.js:287:7)

PASS src/__tests__/articles.test.js
  ● Console

    console.error
      Error: AppError: Article not found
          at getArticleById (/Users/keko/Downloads/chinese-learning-platform/backend/src/controllers/articleController.js:74:13) {
        statusCode: 404
      }

      1 | export const errorHandler = (err, req, res, next) => {
    > 2 |   console.error('Error:', err);
        |           ^
      3 |
      4 |   // Prisma errors
      5 |   if (err.code === 'P2002') {

      at errorHandler (src/middleware/errorHandler.js:2:11)
      at Layer.handle_error (node_modules/express/lib/router/layer.js:71:5)
      at trim_prefix (node_modules/express/lib/router/index.js:326:13)
      at node_modules/express/lib/router/index.js:286:9
      at Function.process_params (node_modules/express/lib/router/index.js:346:12)
      at next (node_modules/express/lib/router/index.js:280:10)
      at Layer.handle_error (node_modules/express/lib/router/layer.js:67:12)
      at trim_prefix (node_modules/express/lib/router/index.js:326:13)
      at node_modules/express/lib/router/index.js:286:9
      at Function.process_params (node_modules/express/lib/router/index.js:346:12)
      at next (node_modules/express/lib/router/index.js:280:10)
      at node_modules/express/lib/router/index.js:646:15
      at next (node_modules/express/lib/router/index.js:265:14)
      at next (node_modules/express/lib/router/route.js:141:14)
      at getArticleById (src/controllers/articleController.js:97:5)

    console.error
      Error: AppError: Insufficient permissions
          at /Users/keko/Downloads/chinese-learning-platform/backend/src/middleware/auth.js:23:19
          at Layer.handle [as handle_request] (/Users/keko/Downloads/chinese-learning-platform/backend/node_modules/express/lib/router/layer.js:95:5)
          at trim_prefix (/Users/keko/Downloads/chinese-learning-platform/backend/node_modules/express/lib/router/index.js:328:13)
          at /Users/keko/Downloads/chinese-learning-platform/backend/node_modules/express/lib/router/index.js:286:9
          at Function.process_params (/Users/keko/Downloads/chinese-learning-platform/backend/node_modules/express/lib/router/index.js:346:12)
          at next (/Users/keko/Downloads/chinese-learning-platform/backend/node_modules/express/lib/router/index.js:280:10)
          at authenticate (/Users/keko/Downloads/chinese-learning-platform/backend/src/middleware/auth.js:14:5)
          at Layer.handle [as handle_request] (/Users/keko/Downloads/chinese-learning-platform/backend/node_modules/express/lib/router/layer.js:95:5)
          at trim_prefix (/Users/keko/Downloads/chinese-learning-platform/backend/node_modules/express/lib/router/index.js:328:13)
          at /Users/keko/Downloads/chinese-learning-platform/backend/node_modules/express/lib/router/index.js:286:9
          at Function.process_params (/Users/keko/Downloads/chinese-learning-platform/backend/node_modules/express/lib/router/index.js:346:12)
          at next (/Users/keko/Downloads/chinese-learning-platform/backend/node_modules/express/lib/router/index.js:280:10)
          at Function.handle (/Users/keko/Downloads/chinese-learning-platform/backend/node_modules/express/lib/router/index.js:175:3)
          at router (/Users/keko/Downloads/chinese-learning-platform/backend/node_modules/express/lib/router/index.js:47:12)
          at Layer.handle [as handle_request] (/Users/keko/Downloads/chinese-learning-platform/backend/node_modules/express/lib/router/layer.js:95:5)
          at trim_prefix (/Users/keko/Downloads/chinese-learning-platform/backend/node_modules/express/lib/router/index.js:328:13)
          at /Users/keko/Downloads/chinese-learning-platform/backend/node_modules/express/lib/router/index.js:286:9
          at Function.process_params (/Users/keko/Downloads/chinese-learning-platform/backend/node_modules/express/lib/router/index.js:346:12)
          at next (/Users/keko/Downloads/chinese-learning-platform/backend/node_modules/express/lib/router/index.js:280:10)
          at urlencodedParser (/Users/keko/Downloads/chinese-learning-platform/backend/node_modules/body-parser/lib/types/urlencoded.js:85:7)
          at Layer.handle [as handle_request] (/Users/keko/Downloads/chinese-learning-platform/backend/node_modules/express/lib/router/layer.js:95:5)
          at trim_prefix (/Users/keko/Downloads/chinese-learning-platform/backend/node_modules/express/lib/router/index.js:328:13)
          at /Users/keko/Downloads/chinese-learning-platform/backend/node_modules/express/lib/router/index.js:286:9
          at Function.process_params (/Users/keko/Downloads/chinese-learning-platform/backend/node_modules/express/lib/router/index.js:346:12)
          at next (/Users/keko/Downloads/chinese-learning-platform/backend/node_modules/express/lib/router/index.js:280:10)
          at /Users/keko/Downloads/chinese-learning-platform/backend/node_modules/body-parser/lib/read.js:137:5
          at AsyncResource.runInAsyncScope (node:async_hooks:214:14)
          at invokeCallback (/Users/keko/Downloads/chinese-learning-platform/backend/node_modules/raw-body/index.js:238:16)
          at done (/Users/keko/Downloads/chinese-learning-platform/backend/node_modules/raw-body/index.js:227:7)
          at IncomingMessage.onEnd (/Users/keko/Downloads/chinese-learning-platform/backend/node_modules/raw-body/index.js:287:7)
          at IncomingMessage.emit (node:events:518:28)
          at endReadableNT (node:internal/streams/readable:1698:12)
          at processTicksAndRejections (node:internal/process/task_queues:90:21) {
        statusCode: 403
      }

      1 | export const errorHandler = (err, req, res, next) => {
    > 2 |   console.error('Error:', err);
        |           ^
      3 |
      4 |   // Prisma errors
      5 |   if (err.code === 'P2002') {

      at errorHandler (src/middleware/errorHandler.js:2:11)
      at Layer.handle_error (node_modules/express/lib/router/layer.js:71:5)
      at trim_prefix (node_modules/express/lib/router/index.js:326:13)
      at node_modules/express/lib/router/index.js:286:9
      at Function.process_params (node_modules/express/lib/router/index.js:346:12)
      at next (node_modules/express/lib/router/index.js:280:10)
      at Layer.handle_error (node_modules/express/lib/router/layer.js:67:12)
      at trim_prefix (node_modules/express/lib/router/index.js:326:13)
      at node_modules/express/lib/router/index.js:286:9
      at Function.process_params (node_modules/express/lib/router/index.js:346:12)
      at next (node_modules/express/lib/router/index.js:280:10)
      at node_modules/express/lib/router/index.js:646:15
      at next (node_modules/express/lib/router/index.js:265:14)
      at src/middleware/auth.js:23:14
      at Layer.handle [as handle_request] (node_modules/express/lib/router/layer.js:95:5)
      at trim_prefix (node_modules/express/lib/router/index.js:328:13)
      at node_modules/express/lib/router/index.js:286:9
      at Function.process_params (node_modules/express/lib/router/index.js:346:12)
      at next (node_modules/express/lib/router/index.js:280:10)
      at authenticate (src/middleware/auth.js:14:5)
      at Layer.handle [as handle_request] (node_modules/express/lib/router/layer.js:95:5)
      at trim_prefix (node_modules/express/lib/router/index.js:328:13)
      at node_modules/express/lib/router/index.js:286:9
      at Function.process_params (node_modules/express/lib/router/index.js:346:12)
      at next (node_modules/express/lib/router/index.js:280:10)
      at Function.handle (node_modules/express/lib/router/index.js:175:3)
      at router (node_modules/express/lib/router/index.js:47:12)
      at Layer.handle [as handle_request] (node_modules/express/lib/router/layer.js:95:5)
      at trim_prefix (node_modules/express/lib/router/index.js:328:13)
      at node_modules/express/lib/router/index.js:286:9
      at Function.process_params (node_modules/express/lib/router/index.js:346:12)
      at next (node_modules/express/lib/router/index.js:280:10)
      at urlencodedParser (node_modules/body-parser/lib/types/urlencoded.js:85:7)
      at Layer.handle [as handle_request] (node_modules/express/lib/router/layer.js:95:5)
      at trim_prefix (node_modules/express/lib/router/index.js:328:13)
      at node_modules/express/lib/router/index.js:286:9
      at Function.process_params (node_modules/express/lib/router/index.js:346:12)
      at next (node_modules/express/lib/router/index.js:280:10)
      at node_modules/body-parser/lib/read.js:137:5
      at invokeCallback (node_modules/raw-body/index.js:238:16)
      at done (node_modules/raw-body/index.js:227:7)
      at IncomingMessage.onEnd (node_modules/raw-body/index.js:287:7)

    console.log
      Admin article routes not yet secured properly, skipping

      at Object.<anonymous> (src/__tests__/articles.test.js:150:17)

    console.error
      Error: AppError: Insufficient permissions
          at /Users/keko/Downloads/chinese-learning-platform/backend/src/middleware/auth.js:23:19
          at Layer.handle [as handle_request] (/Users/keko/Downloads/chinese-learning-platform/backend/node_modules/express/lib/router/layer.js:95:5)
          at trim_prefix (/Users/keko/Downloads/chinese-learning-platform/backend/node_modules/express/lib/router/index.js:328:13)
          at /Users/keko/Downloads/chinese-learning-platform/backend/node_modules/express/lib/router/index.js:286:9
          at Function.process_params (/Users/keko/Downloads/chinese-learning-platform/backend/node_modules/express/lib/router/index.js:346:12)
          at next (/Users/keko/Downloads/chinese-learning-platform/backend/node_modules/express/lib/router/index.js:280:10)
          at authenticate (/Users/keko/Downloads/chinese-learning-platform/backend/src/middleware/auth.js:14:5)
          at Layer.handle [as handle_request] (/Users/keko/Downloads/chinese-learning-platform/backend/node_modules/express/lib/router/layer.js:95:5)
          at trim_prefix (/Users/keko/Downloads/chinese-learning-platform/backend/node_modules/express/lib/router/index.js:328:13)
          at /Users/keko/Downloads/chinese-learning-platform/backend/node_modules/express/lib/router/index.js:286:9
          at Function.process_params (/Users/keko/Downloads/chinese-learning-platform/backend/node_modules/express/lib/router/index.js:346:12)
          at next (/Users/keko/Downloads/chinese-learning-platform/backend/node_modules/express/lib/router/index.js:280:10)
          at Function.handle (/Users/keko/Downloads/chinese-learning-platform/backend/node_modules/express/lib/router/index.js:175:3)
          at router (/Users/keko/Downloads/chinese-learning-platform/backend/node_modules/express/lib/router/index.js:47:12)
          at Layer.handle [as handle_request] (/Users/keko/Downloads/chinese-learning-platform/backend/node_modules/express/lib/router/layer.js:95:5)
          at trim_prefix (/Users/keko/Downloads/chinese-learning-platform/backend/node_modules/express/lib/router/index.js:328:13)
          at /Users/keko/Downloads/chinese-learning-platform/backend/node_modules/express/lib/router/index.js:286:9
          at Function.process_params (/Users/keko/Downloads/chinese-learning-platform/backend/node_modules/express/lib/router/index.js:346:12)
          at next (/Users/keko/Downloads/chinese-learning-platform/backend/node_modules/express/lib/router/index.js:280:10)
          at urlencodedParser (/Users/keko/Downloads/chinese-learning-platform/backend/node_modules/body-parser/lib/types/urlencoded.js:85:7)
          at Layer.handle [as handle_request] (/Users/keko/Downloads/chinese-learning-platform/backend/node_modules/express/lib/router/layer.js:95:5)
          at trim_prefix (/Users/keko/Downloads/chinese-learning-platform/backend/node_modules/express/lib/router/index.js:328:13)
          at /Users/keko/Downloads/chinese-learning-platform/backend/node_modules/express/lib/router/index.js:286:9
          at Function.process_params (/Users/keko/Downloads/chinese-learning-platform/backend/node_modules/express/lib/router/index.js:346:12)
          at next (/Users/keko/Downloads/chinese-learning-platform/backend/node_modules/express/lib/router/index.js:280:10)
          at /Users/keko/Downloads/chinese-learning-platform/backend/node_modules/body-parser/lib/read.js:137:5
          at AsyncResource.runInAsyncScope (node:async_hooks:214:14)
          at invokeCallback (/Users/keko/Downloads/chinese-learning-platform/backend/node_modules/raw-body/index.js:238:16)
          at done (/Users/keko/Downloads/chinese-learning-platform/backend/node_modules/raw-body/index.js:227:7)
          at IncomingMessage.onEnd (/Users/keko/Downloads/chinese-learning-platform/backend/node_modules/raw-body/index.js:287:7)
          at IncomingMessage.emit (node:events:518:28)
          at endReadableNT (node:internal/streams/readable:1698:12)
          at processTicksAndRejections (node:internal/process/task_queues:90:21) {
        statusCode: 403
      }

      1 | export const errorHandler = (err, req, res, next) => {
    > 2 |   console.error('Error:', err);
        |           ^
      3 |
      4 |   // Prisma errors
      5 |   if (err.code === 'P2002') {

      at errorHandler (src/middleware/errorHandler.js:2:11)
      at Layer.handle_error (node_modules/express/lib/router/layer.js:71:5)
      at trim_prefix (node_modules/express/lib/router/index.js:326:13)
      at node_modules/express/lib/router/index.js:286:9
      at Function.process_params (node_modules/express/lib/router/index.js:346:12)
      at next (node_modules/express/lib/router/index.js:280:10)
      at Layer.handle_error (node_modules/express/lib/router/layer.js:67:12)
      at trim_prefix (node_modules/express/lib/router/index.js:326:13)
      at node_modules/express/lib/router/index.js:286:9
      at Function.process_params (node_modules/express/lib/router/index.js:346:12)
      at next (node_modules/express/lib/router/index.js:280:10)
      at node_modules/express/lib/router/index.js:646:15
      at next (node_modules/express/lib/router/index.js:265:14)
      at src/middleware/auth.js:23:14
      at Layer.handle [as handle_request] (node_modules/express/lib/router/layer.js:95:5)
      at trim_prefix (node_modules/express/lib/router/index.js:328:13)
      at node_modules/express/lib/router/index.js:286:9
      at Function.process_params (node_modules/express/lib/router/index.js:346:12)
      at next (node_modules/express/lib/router/index.js:280:10)
      at authenticate (src/middleware/auth.js:14:5)
      at Layer.handle [as handle_request] (node_modules/express/lib/router/layer.js:95:5)
      at trim_prefix (node_modules/express/lib/router/index.js:328:13)
      at node_modules/express/lib/router/index.js:286:9
      at Function.process_params (node_modules/express/lib/router/index.js:346:12)
      at next (node_modules/express/lib/router/index.js:280:10)
      at Function.handle (node_modules/express/lib/router/index.js:175:3)
      at router (node_modules/express/lib/router/index.js:47:12)
      at Layer.handle [as handle_request] (node_modules/express/lib/router/layer.js:95:5)
      at trim_prefix (node_modules/express/lib/router/index.js:328:13)
      at node_modules/express/lib/router/index.js:286:9
      at Function.process_params (node_modules/express/lib/router/index.js:346:12)
      at next (node_modules/express/lib/router/index.js:280:10)
      at urlencodedParser (node_modules/body-parser/lib/types/urlencoded.js:85:7)
      at Layer.handle [as handle_request] (node_modules/express/lib/router/layer.js:95:5)
      at trim_prefix (node_modules/express/lib/router/index.js:328:13)
      at node_modules/express/lib/router/index.js:286:9
      at Function.process_params (node_modules/express/lib/router/index.js:346:12)
      at next (node_modules/express/lib/router/index.js:280:10)
      at node_modules/body-parser/lib/read.js:137:5
      at invokeCallback (node_modules/raw-body/index.js:238:16)
      at done (node_modules/raw-body/index.js:227:7)
      at IncomingMessage.onEnd (node_modules/raw-body/index.js:287:7)

    console.log
      No test article created, skipping

      at Object.<anonymous> (src/__tests__/articles.test.js:171:17)

    console.log
      No test article created, skipping

      at Object.<anonymous> (src/__tests__/articles.test.js:187:17)


Test Suites: 5 failed, 2 passed, 7 total
Tests:       23 failed, 40 passed, 63 total
Snapshots:   0 total
Time:        3.459 s
Ran all test suites.
